Archive member included to satisfy reference by file (symbol)

/home/shoaib/bl_iot_sdk/customer_app/sdk_app_helloworld/build_out/bl602/libbl602.a(start.o)
                              (bl602_start)
/home/shoaib/bl_iot_sdk/customer_app/sdk_app_helloworld/build_out/hal_drv/libhal_drv.a(hal_boot2.o)
                              /home/shoaib/bl_iot_sdk/customer_app/sdk_app_helloworld/build_out/bl602/libbl602.a(start.o) (hal_boot2_get_flash_addr)
/home/shoaib/bl_iot_sdk/customer_app/sdk_app_helloworld/build_out/hal_drv/libhal_drv.a(bl_boot2.o)
                              /home/shoaib/bl_iot_sdk/customer_app/sdk_app_helloworld/build_out/hal_drv/libhal_drv.a(hal_boot2.o) (PtTable_Update_Entry)
/home/shoaib/bl_iot_sdk/customer_app/sdk_app_helloworld/build_out/hal_drv/libhal_drv.a(bl_flash.o)
                              /home/shoaib/bl_iot_sdk/customer_app/sdk_app_helloworld/build_out/hal_drv/libhal_drv.a(bl_boot2.o) (bl_flash_erase)
/home/shoaib/bl_iot_sdk/customer_app/sdk_app_helloworld/build_out/sdk_app_helloworld/libsdk_app_helloworld.a(main.o)
                              /home/shoaib/bl_iot_sdk/customer_app/sdk_app_helloworld/build_out/bl602/libbl602.a(start.o) (bfl_main)
/home/shoaib/bl_iot_sdk/customer_app/sdk_app_helloworld/build_out/sdk_app_helloworld/libsdk_app_helloworld.a(led.o)
                              /home/shoaib/bl_iot_sdk/customer_app/sdk_app_helloworld/build_out/sdk_app_helloworld/libsdk_app_helloworld.a(main.o) (task_led)
/home/shoaib/bl_iot_sdk/customer_app/sdk_app_helloworld/build_out/bl602/libbl602.a(debug.o)
                              /home/shoaib/bl_iot_sdk/customer_app/sdk_app_helloworld/build_out/sdk_app_helloworld/libsdk_app_helloworld.a(main.o) (printf)
/home/shoaib/bl_iot_sdk/customer_app/sdk_app_helloworld/build_out/bl602_std/libbl602_std.a(softcrc.o)
                              /home/shoaib/bl_iot_sdk/customer_app/sdk_app_helloworld/build_out/hal_drv/libhal_drv.a(bl_boot2.o) (BFLB_Soft_CRC32)
/home/shoaib/bl_iot_sdk/customer_app/sdk_app_helloworld/build_out/freertos_riscv_ram/libfreertos_riscv_ram.a(tasks.o)
                              /home/shoaib/bl_iot_sdk/customer_app/sdk_app_helloworld/build_out/sdk_app_helloworld/libsdk_app_helloworld.a(main.o) (xTaskCreateStatic)
/home/shoaib/bl_iot_sdk/customer_app/sdk_app_helloworld/build_out/freertos_riscv_ram/libfreertos_riscv_ram.a(timers.o)
                              /home/shoaib/bl_iot_sdk/customer_app/sdk_app_helloworld/build_out/freertos_riscv_ram/libfreertos_riscv_ram.a(tasks.o) (xTimerCreateTimerTask)
/home/shoaib/bl_iot_sdk/customer_app/sdk_app_helloworld/build_out/freertos_riscv_ram/libfreertos_riscv_ram.a(port.o)
                              /home/shoaib/bl_iot_sdk/customer_app/sdk_app_helloworld/build_out/freertos_riscv_ram/libfreertos_riscv_ram.a(tasks.o) (xPortStartScheduler)
/home/shoaib/bl_iot_sdk/customer_app/sdk_app_helloworld/build_out/freertos_riscv_ram/libfreertos_riscv_ram.a(portASM.o)
                              /home/shoaib/bl_iot_sdk/customer_app/sdk_app_helloworld/build_out/freertos_riscv_ram/libfreertos_riscv_ram.a(port.o) (xPortStartFirstTask)
/home/shoaib/bl_iot_sdk/customer_app/sdk_app_helloworld/build_out/freertos_riscv_ram/libfreertos_riscv_ram.a(heap_5.o)
                              /home/shoaib/bl_iot_sdk/customer_app/sdk_app_helloworld/build_out/freertos_riscv_ram/libfreertos_riscv_ram.a(tasks.o) (pvPortMalloc)
/home/shoaib/bl_iot_sdk/customer_app/sdk_app_helloworld/build_out/freertos_riscv_ram/libfreertos_riscv_ram.a(list.o)
                              /home/shoaib/bl_iot_sdk/customer_app/sdk_app_helloworld/build_out/freertos_riscv_ram/libfreertos_riscv_ram.a(tasks.o) (vListInitialise)
/home/shoaib/bl_iot_sdk/customer_app/sdk_app_helloworld/build_out/freertos_riscv_ram/libfreertos_riscv_ram.a(queue.o)
                              /home/shoaib/bl_iot_sdk/customer_app/sdk_app_helloworld/build_out/freertos_riscv_ram/libfreertos_riscv_ram.a(timers.o) (xQueueGenericCreateStatic)
/home/shoaib/bl_iot_sdk/customer_app/sdk_app_helloworld/build_out/hal_drv/libhal_drv.a(bl_uart.o)
                              /home/shoaib/bl_iot_sdk/customer_app/sdk_app_helloworld/build_out/sdk_app_helloworld/libsdk_app_helloworld.a(main.o) (bl_uart_init)
/home/shoaib/bl_iot_sdk/customer_app/sdk_app_helloworld/build_out/hal_drv/libhal_drv.a(bl_sys.o)
                              /home/shoaib/bl_iot_sdk/customer_app/sdk_app_helloworld/build_out/bl602/libbl602.a(debug.o) (sys_log_all_enable)
/home/shoaib/bl_iot_sdk/customer_app/sdk_app_helloworld/build_out/hal_drv/libhal_drv.a(bl_irq.o)
                              /home/shoaib/bl_iot_sdk/customer_app/sdk_app_helloworld/build_out/hal_drv/libhal_drv.a(bl_uart.o) (bl_irq_enable)
/home/shoaib/bl_iot_sdk/customer_app/sdk_app_helloworld/build_out/hal_drv/libhal_drv.a(bl_gpio.o)
                              /home/shoaib/bl_iot_sdk/customer_app/sdk_app_helloworld/build_out/sdk_app_helloworld/libsdk_app_helloworld.a(led.o) (bl_gpio_enable_output)
[...]
Memory Configuration

Name             Origin             Length             Attributes
rom              0x0000000021015000 0x000000000000b000 axrl !w
flash            0x0000000023000000 0x0000000000400000 axrl !w
ram_tcm          0x000000004200c000 0x0000000000024000 axw
ram_wifi         0x0000000042030000 0x000000000001a000 axw
*default*        0x0000000000000000 0xffffffffffffffff

Linker script and memory map

START GROUP
LOAD /home/shoaib/bl_iot_sdk/customer_app/sdk_app_helloworld/build_out/bl602/libbl602.a
LOAD /home/shoaib/bl_iot_sdk/customer_app/sdk_app_helloworld/build_out/bl602_std/libbl602_std.a
LOAD /home/shoaib/bl_iot_sdk/customer_app/sdk_app_helloworld/build_out/blfdt/libblfdt.a
LOAD /home/shoaib/bl_iot_sdk/customer_app/sdk_app_helloworld/build_out/blmtd/libblmtd.a
LOAD /home/shoaib/bl_iot_sdk/customer_app/sdk_app_helloworld/build_out/blog/libblog.a
LOAD /home/shoaib/bl_iot_sdk/customer_app/sdk_app_helloworld/build_out/blog_testc/libblog_testc.a
LOAD /home/shoaib/bl_iot_sdk/customer_app/sdk_app_helloworld/build_out/bloop/libbloop.a
LOAD /home/shoaib/bl_iot_sdk/customer_app/sdk_app_helloworld/build_out/bltime/libbltime.a
LOAD /home/shoaib/bl_iot_sdk/customer_app/sdk_app_helloworld/build_out/cli/libcli.a
LOAD /home/shoaib/bl_iot_sdk/customer_app/sdk_app_helloworld/build_out/freertos_riscv_ram/libfreertos_riscv_ram.a
LOAD /home/shoaib/bl_iot_sdk/customer_app/sdk_app_helloworld/build_out/hal_drv/libhal_drv.a
LOAD /home/shoaib/bl_iot_sdk/customer_app/sdk_app_helloworld/build_out/looprt/liblooprt.a
LOAD /home/shoaib/bl_iot_sdk/customer_app/sdk_app_helloworld/build_out/loopset/libloopset.a
LOAD /home/shoaib/bl_iot_sdk/customer_app/sdk_app_helloworld/build_out/romfs/libromfs.a
LOAD /home/shoaib/bl_iot_sdk/customer_app/sdk_app_helloworld/build_out/sdk_app_helloworld/libsdk_app_helloworld.a
LOAD /home/shoaib/bl_iot_sdk/customer_app/sdk_app_helloworld/build_out/utils/libutils.a
LOAD /home/shoaib/bl_iot_sdk/customer_app/sdk_app_helloworld/build_out/vfs/libvfs.a
LOAD /home/shoaib/bl_iot_sdk/customer_app/sdk_app_helloworld/build_out/yloop/libyloop.a
END GROUP
LOAD /home/shoaib/bl_iot_sdk/toolchain/riscv/Linux/bin/../lib/gcc/riscv64-unknown-elf/8.3.0/../../../../riscv64-unknown-elf/lib/rv32imf/ilp32f/libm.a
LOAD /home/shoaib/bl_iot_sdk/toolchain/riscv/Linux/bin/../lib/gcc/riscv64-unknown-elf/8.3.0/rv32imf/ilp32f/libgcc.a
START GROUP
LOAD /home/shoaib/bl_iot_sdk/toolchain/riscv/Linux/bin/../lib/gcc/riscv64-unknown-elf/8.3.0/../../../../riscv64-unknown-elf/lib/rv32imf/ilp32f/libc.a
LOAD /home/shoaib/bl_iot_sdk/toolchain/riscv/Linux/bin/../lib/gcc/riscv64-unknown-elf/8.3.0/../../../../riscv64-unknown-elf/lib/rv32imf/ilp32f/libgloss.a
END GROUP
LOAD /home/shoaib/bl_iot_sdk/toolchain/riscv/Linux/bin/../lib/gcc/riscv64-unknown-elf/8.3.0/rv32imf/ilp32f/libgcc.a
                0x0000000000000000                __EM_SIZE = DEFINED (ble_controller_init)?0x2000:0x0
                0x0000000000000800                __stack_size = DEFINED (__stack_size)?__stack_size:0x800
                0x0000000042049c00                BOOT2_PT_ADDR = 0x42049c00
                0x0000000042049c18                BOOT2_FLASHCFG_ADDR = 0x42049c18

.init           0x0000000023000000      0x124
 *(SORT_NONE(.init))
 .init          0x0000000023000000      0x124 /home/shoaib/bl_iot_sdk/customer_app/sdk_app_helloworld/build_out/bl602/libbl602.a(start.o)
                0x0000000023000000                bl602_start

.text           0x0000000023000200     0x70c4
 *(.text.unlikely .text.unlikely.*)
 *(.text.startup .text.startup.*)
 *(.text .text.*)
 .text.hal_boot2_get_flash_addr
                0x0000000023000200       0x1c /home/shoaib/bl_iot_sdk/customer_app/sdk_app_helloworld/build_out/hal_drv/libhal_drv.a(hal_boot2.o)
                0x0000000023000200                hal_boot2_get_flash_addr
 .text.read_humidity
                0x000000002300021c       0x24 /home/shoaib/bl_iot_sdk/customer_app/sdk_app_helloworld/build_out/sdk_app_helloworld/libsdk_app_helloworld.a(main.o)
                0x000000002300021c                read_humidity
 .text.read_temperature
                0x0000000023000240       0x22 /home/shoaib/bl_iot_sdk/customer_app/sdk_app_helloworld/build_out/sdk_app_helloworld/libsdk_app_helloworld.a(main.o)
                0x0000000023000240                read_temperature
 .text.bfl_main
                0x0000000023000262       0x66 /home/shoaib/bl_iot_sdk/customer_app/sdk_app_helloworld/build_out/sdk_app_helloworld/libsdk_app_helloworld.a(main.o)
                0x0000000023000262                bfl_main
 .text.task_led
                0x00000000230002c8       0xc2 /home/shoaib/bl_iot_sdk/customer_app/sdk_app_helloworld/build_out/sdk_app_helloworld/libsdk_app_helloworld.a(led.o)
                0x00000000230002c8                task_led
 .text.format_int
                0x000000002300038a      0x25a /home/shoaib/bl_iot_sdk/customer_app/sdk_app_helloworld/build_out/bl602/libbl602.a(debug.o)
 .text.cvt      0x00000000230005e4      0x23a /home/shoaib/bl_iot_sdk/customer_app/sdk_app_helloworld/build_out/bl602/libbl602.a(debug.o)
 .text.ecvtbuf  0x000000002300081e        0x4 /home/shoaib/bl_iot_sdk/customer_app/sdk_app_helloworld/build_out/bl602/libbl602.a(debug.o)
                0x000000002300081e                ecvtbuf
 .text.fcvtbuf  0x0000000023000822        0x4 /home/shoaib/bl_iot_sdk/customer_app/sdk_app_helloworld/build_out/bl602/libbl602.a(debug.o)
                0x0000000023000822                fcvtbuf
 .text.flt      0x0000000023000826      0x436 /home/shoaib/bl_iot_sdk/customer_app/sdk_app_helloworld/build_out/bl602/libbl602.a(debug.o)
 .text.vsnprintf
                0x0000000023000c5c      0x4d2 /home/shoaib/bl_iot_sdk/customer_app/sdk_app_helloworld/build_out/bl602/libbl602.a(debug.o)
                0x0000000023000c5c                vsnprintf
 .text.vsprintf
                0x000000002300112e        0xa /home/shoaib/bl_iot_sdk/customer_app/sdk_app_helloworld/build_out/bl602/libbl602.a(debug.o)
                0x000000002300112e                vsprintf
 .text.vprint   0x0000000023001138       0x3c /home/shoaib/bl_iot_sdk/customer_app/sdk_app_helloworld/build_out/bl602/libbl602.a(debug.o)
                0x0000000023001138                vprint
 .text.puts     0x0000000023001174       0x38 /home/shoaib/bl_iot_sdk/customer_app/sdk_app_helloworld/build_out/bl602/libbl602.a(debug.o)
                0x0000000023001174                puts
 .text.printf   0x00000000230011ac       0x2a /home/shoaib/bl_iot_sdk/customer_app/sdk_app_helloworld/build_out/bl602/libbl602.a(debug.o)
                0x00000000230011ac                printf
 .text.prvResetNextTaskUnblockTime.part.0
                0x00000000230011d6       0x10 /home/shoaib/bl_iot_sdk/customer_app/sdk_app_helloworld/build_out/freertos_riscv_ram/libfreertos_riscv_ram.a(tasks.o)
 .text.prvInitialiseNewTask.isra.2
                0x00000000230011e6       0xce /home/shoaib/bl_iot_sdk/customer_app/sdk_app_helloworld/build_out/freertos_riscv_ram/libfreertos_riscv_ram.a(tasks.o)
 .text.prvDeleteTCB
                0x00000000230012b4       0x36 /home/shoaib/bl_iot_sdk/customer_app/sdk_app_helloworld/build_out/freertos_riscv_ram/libfreertos_riscv_ram.a(tasks.o)
 .text.prvAddCurrentTaskToDelayedList
                0x00000000230012ea       0xaa /home/shoaib/bl_iot_sdk/customer_app/sdk_app_helloworld/build_out/freertos_riscv_ram/libfreertos_riscv_ram.a(tasks.o)
 .text.vTaskEnterCritical.part.7
                0x0000000023001394       0x10 /home/shoaib/bl_iot_sdk/customer_app/sdk_app_helloworld/build_out/freertos_riscv_ram/libfreertos_riscv_ram.a(tasks.o)
 .text.vTaskExitCritical.part.8
                0x00000000230013a4       0x18 /home/shoaib/bl_iot_sdk/customer_app/sdk_app_helloworld/build_out/freertos_riscv_ram/libfreertos_riscv_ram.a(tasks.o)
 .text.prvAddNewTaskToReadyList
                0x00000000230013bc      0x134 /home/shoaib/bl_iot_sdk/customer_app/sdk_app_helloworld/build_out/freertos_riscv_ram/libfreertos_riscv_ram.a(tasks.o)
 .text.prvIdleTask
                0x00000000230014f0       0x88 /home/shoaib/bl_iot_sdk/customer_app/sdk_app_helloworld/build_out/freertos_riscv_ram/libfreertos_riscv_ram.a(tasks.o)
 .text.xTaskCreateStatic
                0x0000000023001578       0x9c /home/shoaib/bl_iot_sdk/customer_app/sdk_app_helloworld/build_out/freertos_riscv_ram/libfreertos_riscv_ram.a(tasks.o)
                0x0000000023001578                xTaskCreateStatic
 .text.vTaskStartScheduler
                0x0000000023001614       0x66 /home/shoaib/bl_iot_sdk/customer_app/sdk_app_helloworld/build_out/freertos_riscv_ram/libfreertos_riscv_ram.a(tasks.o)
                0x0000000023001614                vTaskStartScheduler
 .text.vTaskSuspendAll
                0x000000002300167a        0xc /home/shoaib/bl_iot_sdk/customer_app/sdk_app_helloworld/build_out/freertos_riscv_ram/libfreertos_riscv_ram.a(tasks.o)
                0x000000002300167a                vTaskSuspendAll
 .text.xTaskGetTickCount
                0x0000000023001686        0x6 /home/shoaib/bl_iot_sdk/customer_app/sdk_app_helloworld/build_out/freertos_riscv_ram/libfreertos_riscv_ram.a(tasks.o)
                0x0000000023001686                xTaskGetTickCount
 .text.xTaskIncrementTick
                0x000000002300168c      0x162 /home/shoaib/bl_iot_sdk/customer_app/sdk_app_helloworld/build_out/freertos_riscv_ram/libfreertos_riscv_ram.a(tasks.o)
                0x000000002300168c                xTaskIncrementTick
 .text.xTaskResumeAll
                0x00000000230017ee      0x122 /home/shoaib/bl_iot_sdk/customer_app/sdk_app_helloworld/build_out/freertos_riscv_ram/libfreertos_riscv_ram.a(tasks.o)
                0x00000000230017ee                xTaskResumeAll
 .text.vTaskDelay
                0x0000000023001910       0x3c /home/shoaib/bl_iot_sdk/customer_app/sdk_app_helloworld/build_out/freertos_riscv_ram/libfreertos_riscv_ram.a(tasks.o)
                0x0000000023001910                vTaskDelay
 .text.vTaskSwitchContext
                0x000000002300194c       0xb2 /home/shoaib/bl_iot_sdk/customer_app/sdk_app_helloworld/build_out/freertos_riscv_ram/libfreertos_riscv_ram.a(tasks.o)
                0x000000002300194c                vTaskSwitchContext
 .text.vTaskPlaceOnEventList
                0x00000000230019fe       0x2c /home/shoaib/bl_iot_sdk/customer_app/sdk_app_helloworld/build_out/freertos_riscv_ram/libfreertos_riscv_ram.a(tasks.o)
                0x00000000230019fe                vTaskPlaceOnEventList
 .text.vTaskPlaceOnEventListRestricted
                0x0000000023001a2a       0x36 /home/shoaib/bl_iot_sdk/customer_app/sdk_app_helloworld/build_out/freertos_riscv_ram/libfreertos_riscv_ram.a(tasks.o)
                0x0000000023001a2a                vTaskPlaceOnEventListRestricted
 .text.xTaskRemoveFromEventList
                0x0000000023001a60       0x84 /home/shoaib/bl_iot_sdk/customer_app/sdk_app_helloworld/build_out/freertos_riscv_ram/libfreertos_riscv_ram.a(tasks.o)
                0x0000000023001a60                xTaskRemoveFromEventList
 .text.vTaskInternalSetTimeOutState
                0x0000000023001ae4        0xe /home/shoaib/bl_iot_sdk/customer_app/sdk_app_helloworld/build_out/freertos_riscv_ram/libfreertos_riscv_ram.a(tasks.o)
                0x0000000023001ae4                vTaskInternalSetTimeOutState
 .text.xTaskCheckForTimeOut
                0x0000000023001af2       0xa2 /home/shoaib/bl_iot_sdk/customer_app/sdk_app_helloworld/build_out/freertos_riscv_ram/libfreertos_riscv_ram.a(tasks.o)
                0x0000000023001af2                xTaskCheckForTimeOut
 .text.vTaskMissedYield
                0x0000000023001b94        0x8 /home/shoaib/bl_iot_sdk/customer_app/sdk_app_helloworld/build_out/freertos_riscv_ram/libfreertos_riscv_ram.a(tasks.o)
                0x0000000023001b94                vTaskMissedYield
 .text.xTaskGetSchedulerState
                0x0000000023001b9c       0x14 /home/shoaib/bl_iot_sdk/customer_app/sdk_app_helloworld/build_out/freertos_riscv_ram/libfreertos_riscv_ram.a(tasks.o)
                0x0000000023001b9c                xTaskGetSchedulerState
 .text.xTaskPriorityDisinherit
                0x0000000023001bb0       0xc4 /home/shoaib/bl_iot_sdk/customer_app/sdk_app_helloworld/build_out/freertos_riscv_ram/libfreertos_riscv_ram.a(tasks.o)
                0x0000000023001bb0                xTaskPriorityDisinherit
 .text.vTaskEnterCritical
                0x0000000023001c74       0x10 /home/shoaib/bl_iot_sdk/customer_app/sdk_app_helloworld/build_out/freertos_riscv_ram/libfreertos_riscv_ram.a(tasks.o)
                0x0000000023001c74                vTaskEnterCritical
 .text.vTaskExitCritical
                0x0000000023001c84       0x14 /home/shoaib/bl_iot_sdk/customer_app/sdk_app_helloworld/build_out/freertos_riscv_ram/libfreertos_riscv_ram.a(tasks.o)
                0x0000000023001c84                vTaskExitCritical
 .text.prvCheckForValidListAndQueue
                0x0000000023001c98       0x74 /home/shoaib/bl_iot_sdk/customer_app/sdk_app_helloworld/build_out/freertos_riscv_ram/libfreertos_riscv_ram.a(timers.o)
 .text.prvInsertTimerInActiveList
                0x0000000023001d0c       0x50 /home/shoaib/bl_iot_sdk/customer_app/sdk_app_helloworld/build_out/freertos_riscv_ram/libfreertos_riscv_ram.a(timers.o)
 .text.xTimerCreateTimerTask
                0x0000000023001d5c       0x52 /home/shoaib/bl_iot_sdk/customer_app/sdk_app_helloworld/build_out/freertos_riscv_ram/libfreertos_riscv_ram.a(timers.o)
                0x0000000023001d5c                xTimerCreateTimerTask
 .text.xTimerGenericCommand
                0x0000000023001dae       0x8e /home/shoaib/bl_iot_sdk/customer_app/sdk_app_helloworld/build_out/freertos_riscv_ram/libfreertos_riscv_ram.a(timers.o)
                0x0000000023001dae                xTimerGenericCommand
 .text.prvSwitchTimerLists
                0x0000000023001e3c       0x80 /home/shoaib/bl_iot_sdk/customer_app/sdk_app_helloworld/build_out/freertos_riscv_ram/libfreertos_riscv_ram.a(timers.o)
 .text.prvTimerTask
                0x0000000023001ebc      0x1d4 /home/shoaib/bl_iot_sdk/customer_app/sdk_app_helloworld/build_out/freertos_riscv_ram/libfreertos_riscv_ram.a(timers.o)
 .text.vPortSetupTimerInterrupt
                0x0000000023002090       0x46 /home/shoaib/bl_iot_sdk/customer_app/sdk_app_helloworld/build_out/freertos_riscv_ram/libfreertos_riscv_ram.a(port.o)
                0x0000000023002090                vPortSetupTimerInterrupt
 .text.xPortStartScheduler
                0x00000000230020d6       0x3e /home/shoaib/bl_iot_sdk/customer_app/sdk_app_helloworld/build_out/freertos_riscv_ram/libfreertos_riscv_ram.a(port.o)
                0x00000000230020d6                xPortStartScheduler
 *fill*         0x0000000023002114       0xec 
 .text          0x0000000023002200      0x538 /home/shoaib/bl_iot_sdk/customer_app/sdk_app_helloworld/build_out/freertos_riscv_ram/libfreertos_riscv_ram.a(portASM.o)
                0x0000000023002200                freertos_risc_v_trap_handler
                0x0000000023002500                xPortStartFirstTask
                0x0000000023002600                pxPortInitialiseStack
 .text.prvInsertBlockIntoFreeList
                0x0000000023002738       0x4a /home/shoaib/bl_iot_sdk/customer_app/sdk_app_helloworld/build_out/freertos_riscv_ram/libfreertos_riscv_ram.a(heap_5.o)
 .text.vPortFree
                0x0000000023002782       0x88 /home/shoaib/bl_iot_sdk/customer_app/sdk_app_helloworld/build_out/freertos_riscv_ram/libfreertos_riscv_ram.a(heap_5.o)
                0x0000000023002782                vPortFree
 .text.vPortDefineHeapRegions
                0x000000002300280a       0xe8 /home/shoaib/bl_iot_sdk/customer_app/sdk_app_helloworld/build_out/freertos_riscv_ram/libfreertos_riscv_ram.a(heap_5.o)
                0x000000002300280a                vPortDefineHeapRegions
 .text.vListInitialise
                0x00000000230028f2       0x14 /home/shoaib/bl_iot_sdk/customer_app/sdk_app_helloworld/build_out/freertos_riscv_ram/libfreertos_riscv_ram.a(list.o)
                0x00000000230028f2                vListInitialise
 .text.vListInitialiseItem
                0x0000000023002906        0x6 /home/shoaib/bl_iot_sdk/customer_app/sdk_app_helloworld/build_out/freertos_riscv_ram/libfreertos_riscv_ram.a(list.o)
                0x0000000023002906                vListInitialiseItem
 .text.vListInsertEnd
                0x000000002300290c       0x16 /home/shoaib/bl_iot_sdk/customer_app/sdk_app_helloworld/build_out/freertos_riscv_ram/libfreertos_riscv_ram.a(list.o)
                0x000000002300290c                vListInsertEnd
 .text.vListInsert
                0x0000000023002922       0x30 /home/shoaib/bl_iot_sdk/customer_app/sdk_app_helloworld/build_out/freertos_riscv_ram/libfreertos_riscv_ram.a(list.o)
                0x0000000023002922                vListInsert
 .text.uxListRemove
                0x0000000023002952       0x32 /home/shoaib/bl_iot_sdk/customer_app/sdk_app_helloworld/build_out/freertos_riscv_ram/libfreertos_riscv_ram.a(list.o)
                0x0000000023002952                uxListRemove
 .text.prvCopyDataToQueue
                0x0000000023002984       0xa4 /home/shoaib/bl_iot_sdk/customer_app/sdk_app_helloworld/build_out/freertos_riscv_ram/libfreertos_riscv_ram.a(queue.o)
 .text.prvCopyDataFromQueue
                0x0000000023002a28       0x1e /home/shoaib/bl_iot_sdk/customer_app/sdk_app_helloworld/build_out/freertos_riscv_ram/libfreertos_riscv_ram.a(queue.o)
 .text.prvUnlockQueue
                0x0000000023002a46       0xb6 /home/shoaib/bl_iot_sdk/customer_app/sdk_app_helloworld/build_out/freertos_riscv_ram/libfreertos_riscv_ram.a(queue.o)
 .text.xQueueGenericReset
                0x0000000023002afc       0x8e /home/shoaib/bl_iot_sdk/customer_app/sdk_app_helloworld/build_out/freertos_riscv_ram/libfreertos_riscv_ram.a(queue.o)
                0x0000000023002afc                xQueueGenericReset
 .text.xQueueGenericCreateStatic
                0x0000000023002b8a       0x7e /home/shoaib/bl_iot_sdk/customer_app/sdk_app_helloworld/build_out/freertos_riscv_ram/libfreertos_riscv_ram.a(queue.o)
                0x0000000023002b8a                xQueueGenericCreateStatic
 .text.xQueueGenericSend
                0x0000000023002c08      0x14a /home/shoaib/bl_iot_sdk/customer_app/sdk_app_helloworld/build_out/freertos_riscv_ram/libfreertos_riscv_ram.a(queue.o)
                0x0000000023002c08                xQueueGenericSend
 .text.xQueueGenericSendFromISR
                0x0000000023002d52       0xb4 /home/shoaib/bl_iot_sdk/customer_app/sdk_app_helloworld/build_out/freertos_riscv_ram/libfreertos_riscv_ram.a(queue.o)
                0x0000000023002d52                xQueueGenericSendFromISR
 .text.xQueueReceive
                0x0000000023002e06      0x146 /home/shoaib/bl_iot_sdk/customer_app/sdk_app_helloworld/build_out/freertos_riscv_ram/libfreertos_riscv_ram.a(queue.o)
                0x0000000023002e06                xQueueReceive
 .text.vQueueAddToRegistry
                0x0000000023002f4c       0x28 /home/shoaib/bl_iot_sdk/customer_app/sdk_app_helloworld/build_out/freertos_riscv_ram/libfreertos_riscv_ram.a(queue.o)
                0x0000000023002f4c                vQueueAddToRegistry
 .text.vQueueWaitForMessageRestricted
                0x0000000023002f74       0x6c /home/shoaib/bl_iot_sdk/customer_app/sdk_app_helloworld/build_out/freertos_riscv_ram/libfreertos_riscv_ram.a(queue.o)
                0x0000000023002f74                vQueueWaitForMessageRestricted
 .text.bl_uart_init
                0x0000000023002fe0       0xd6 /home/shoaib/bl_iot_sdk/customer_app/sdk_app_helloworld/build_out/hal_drv/libhal_drv.a(bl_uart.o)
                0x0000000023002fe0                bl_uart_init
 .text.bl_uart_data_send
                0x00000000230030b6       0x34 /home/shoaib/bl_iot_sdk/customer_app/sdk_app_helloworld/build_out/hal_drv/libhal_drv.a(bl_uart.o)
                0x00000000230030b6                bl_uart_data_send
 .text.interrupt_entry
                0x00000000230030ea       0x4e /home/shoaib/bl_iot_sdk/customer_app/sdk_app_helloworld/build_out/hal_drv/libhal_drv.a(bl_irq.o)
                0x00000000230030ea                interrupt_entry
 .text.exception_entry
                0x0000000023003138      0x13c /home/shoaib/bl_iot_sdk/customer_app/sdk_app_helloworld/build_out/hal_drv/libhal_drv.a(bl_irq.o)
                0x0000000023003138                exception_entry
 .text.bl_gpio_enable_output
                0x0000000023003274       0x44 /home/shoaib/bl_iot_sdk/customer_app/sdk_app_helloworld/build_out/hal_drv/libhal_drv.a(bl_gpio.o)
                0x0000000023003274                bl_gpio_enable_output
 .text.bl_gpio_output_set
                0x00000000230032b8       0x12 /home/shoaib/bl_iot_sdk/customer_app/sdk_app_helloworld/build_out/hal_drv/libhal_drv.a(bl_gpio.o)
                0x00000000230032b8                bl_gpio_output_set
 .text.vAssertCalled
                0x00000000230032ca       0x18 /home/shoaib/bl_iot_sdk/customer_app/sdk_app_helloworld/build_out/sdk_app_helloworld/libsdk_app_helloworld.a(freertos.o)
                0x00000000230032ca                vAssertCalled
 .text.vApplicationGetIdleTaskMemory
                0x00000000230032e2       0x1c /home/shoaib/bl_iot_sdk/customer_app/sdk_app_helloworld/build_out/sdk_app_helloworld/libsdk_app_helloworld.a(freertos.o)
                0x00000000230032e2                vApplicationGetIdleTaskMemory
 .text.vApplicationGetTimerTaskMemory
                0x00000000230032fe       0x1c /home/shoaib/bl_iot_sdk/customer_app/sdk_app_helloworld/build_out/sdk_app_helloworld/libsdk_app_helloworld.a(freertos.o)
                0x00000000230032fe                vApplicationGetTimerTaskMemory
 .text.vApplicationIdleHook
                0x000000002300331a        0x6 /home/shoaib/bl_iot_sdk/customer_app/sdk_app_helloworld/build_out/sdk_app_helloworld/libsdk_app_helloworld.a(freertos.o)
                0x000000002300331a                vApplicationIdleHook
 .text.vApplicationStackOverflowHook
                0x0000000023003320       0x22 /home/shoaib/bl_iot_sdk/customer_app/sdk_app_helloworld/build_out/sdk_app_helloworld/libsdk_app_helloworld.a(freertos.o)
                0x0000000023003320                vApplicationStackOverflowHook
 .text.UART_Init
                0x0000000023003342       0xf4 /home/shoaib/bl_iot_sdk/customer_app/sdk_app_helloworld/build_out/bl602_std/libbl602_std.a(bl602_uart.o)
                0x0000000023003342                UART_Init
 .text.UART_FifoConfig
                0x0000000023003436       0x6a /home/shoaib/bl_iot_sdk/customer_app/sdk_app_helloworld/build_out/bl602_std/libbl602_std.a(bl602_uart.o)
                0x0000000023003436                UART_FifoConfig
 .text.UART_Enable
                0x00000000230034a0       0x34 /home/shoaib/bl_iot_sdk/customer_app/sdk_app_helloworld/build_out/bl602_std/libbl602_std.a(bl602_uart.o)
                0x00000000230034a0                UART_Enable
 .text.UART_Disable
                0x00000000230034d4       0x30 /home/shoaib/bl_iot_sdk/customer_app/sdk_app_helloworld/build_out/bl602_std/libbl602_std.a(bl602_uart.o)
                0x00000000230034d4                UART_Disable
 .text.UART_TxFreeRun
                0x0000000023003504       0x24 /home/shoaib/bl_iot_sdk/customer_app/sdk_app_helloworld/build_out/bl602_std/libbl602_std.a(bl602_uart.o)
                0x0000000023003504                UART_TxFreeRun
 .text.UART_IntMask
                0x0000000023003528       0x3e /home/shoaib/bl_iot_sdk/customer_app/sdk_app_helloworld/build_out/bl602_std/libbl602_std.a(bl602_uart.o)
                0x0000000023003528                UART_IntMask
 .text.UART_GetTxFifoCount
                0x0000000023003566       0x18 /home/shoaib/bl_iot_sdk/customer_app/sdk_app_helloworld/build_out/bl602_std/libbl602_std.a(bl602_uart.o)
                0x0000000023003566                UART_GetTxFifoCount
 .text.GLB_Set_UART_CLK
                0x000000002300357e       0x3e /home/shoaib/bl_iot_sdk/customer_app/sdk_app_helloworld/build_out/bl602_std/libbl602_std.a(bl602_glb.o)
                0x000000002300357e                GLB_Set_UART_CLK
 .text.GLB_UART_Fun_Sel
                0x00000000230035bc       0x24 /home/shoaib/bl_iot_sdk/customer_app/sdk_app_helloworld/build_out/bl602_std/libbl602_std.a(bl602_glb.o)
                0x00000000230035bc                GLB_UART_Fun_Sel
 .text.GLB_GPIO_Write
                0x00000000230035e0       0x2a /home/shoaib/bl_iot_sdk/customer_app/sdk_app_helloworld/build_out/bl602_std/libbl602_std.a(bl602_glb.o)
                0x00000000230035e0                GLB_GPIO_Write
 .text.HBN_Set_UART_CLK_Sel
                0x000000002300360a       0x12 /home/shoaib/bl_iot_sdk/customer_app/sdk_app_helloworld/build_out/bl602_std/libbl602_std.a(bl602_hbn.o)
                0x000000002300360a                HBN_Set_UART_CLK_Sel
 .text.HBN_Get_RTC_Timer_Val
                0x000000002300361c       0x28 /home/shoaib/bl_iot_sdk/customer_app/sdk_app_helloworld/build_out/bl602_std/libbl602_std.a(bl602_hbn.o)
                0x000000002300361c                HBN_Get_RTC_Timer_Val
 .text.bl_sys_time_sync_state
                0x0000000023003644       0x56 /home/shoaib/bl_iot_sdk/customer_app/sdk_app_helloworld/build_out/bltime/libbltime.a(bl_sys_time.o)
                0x0000000023003644                bl_sys_time_sync_state
 .text.misaligned_load_trap
                0x000000002300369a      0x152 /home/shoaib/bl_iot_sdk/customer_app/sdk_app_helloworld/build_out/freertos_riscv_ram/libfreertos_riscv_ram.a(misaligned_ldst.o)
                0x000000002300369a                misaligned_load_trap
 .text.misaligned_store_trap
                0x00000000230037ec      0x14c /home/shoaib/bl_iot_sdk/customer_app/sdk_app_helloworld/build_out/freertos_riscv_ram/libfreertos_riscv_ram.a(misaligned_ldst.o)
                0x00000000230037ec                misaligned_store_trap
 .text          0x0000000023003938      0x200 /home/shoaib/bl_iot_sdk/customer_app/sdk_app_helloworld/build_out/freertos_riscv_ram/libfreertos_riscv_ram.a(fp_asm.o)
                0x0000000023003938                get_f32_reg
                0x0000000023003a38                put_f32_reg
 .text.backtrace_riscv
                0x0000000023003b38        0x4 /home/shoaib/bl_iot_sdk/customer_app/sdk_app_helloworld/build_out/freertos_riscv_ram/libfreertos_riscv_ram.a(panic_c.o)
                0x0000000023003b38                backtrace_riscv
                0x0000000023003b38                backtrace_now
 .text.bl_rtc_get_counter
                0x0000000023003b3c       0x16 /home/shoaib/bl_iot_sdk/customer_app/sdk_app_helloworld/build_out/hal_drv/libhal_drv.a(bl_rtc.o)
                0x0000000023003b3c                bl_rtc_get_counter
 .text.bl_rtc_get_timestamp_ms
                0x0000000023003b52       0x4e /home/shoaib/bl_iot_sdk/customer_app/sdk_app_helloworld/build_out/hal_drv/libhal_drv.a(bl_rtc.o)
                0x0000000023003b52                bl_rtc_get_timestamp_ms
 *fill*         0x0000000023003ba0        0x0 
 .text          0x0000000023003ba0       0xf4 /home/shoaib/bl_iot_sdk/toolchain/riscv/Linux/bin/../lib/gcc/riscv64-unknown-elf/8.3.0/../../../../riscv64-unknown-elf/lib/rv32imf/ilp32f/libm.a(lib_a-s_modf.o)
                0x0000000023003ba0                modf
 .text          0x0000000023003c94       0x4c /home/shoaib/bl_iot_sdk/toolchain/riscv/Linux/bin/../lib/gcc/riscv64-unknown-elf/8.3.0/rv32imf/ilp32f/libgcc.a(_clzsi2.o)
                0x0000000023003c94                __clzsi2
 .text          0x0000000023003ce0      0x434 /home/shoaib/bl_iot_sdk/toolchain/riscv/Linux/bin/../lib/gcc/riscv64-unknown-elf/8.3.0/rv32imf/ilp32f/libgcc.a(_udivdi3.o)
                0x0000000023003ce0                __udivdi3
 .text          0x0000000023004114      0x410 /home/shoaib/bl_iot_sdk/toolchain/riscv/Linux/bin/../lib/gcc/riscv64-unknown-elf/8.3.0/rv32imf/ilp32f/libgcc.a(_umoddi3.o)
                0x0000000023004114                __umoddi3
 .text          0x0000000023004524      0xb50 /home/shoaib/bl_iot_sdk/toolchain/riscv/Linux/bin/../lib/gcc/riscv64-unknown-elf/8.3.0/rv32imf/ilp32f/libgcc.a(adddf3.o)
                0x0000000023004524                __adddf3
 .text          0x0000000023005074      0x8ac /home/shoaib/bl_iot_sdk/toolchain/riscv/Linux/bin/../lib/gcc/riscv64-unknown-elf/8.3.0/rv32imf/ilp32f/libgcc.a(divdf3.o)
                0x0000000023005074                __divdf3
 .text          0x0000000023005920       0xc8 /home/shoaib/bl_iot_sdk/toolchain/riscv/Linux/bin/../lib/gcc/riscv64-unknown-elf/8.3.0/rv32imf/ilp32f/libgcc.a(eqdf2.o)
                0x0000000023005920                __eqdf2
                0x0000000023005920                __nedf2
 .text          0x00000000230059e8       0xec /home/shoaib/bl_iot_sdk/toolchain/riscv/Linux/bin/../lib/gcc/riscv64-unknown-elf/8.3.0/rv32imf/ilp32f/libgcc.a(gedf2.o)
                0x00000000230059e8                __gtdf2
                0x00000000230059e8                __gedf2
 .text          0x0000000023005ad4       0xec /home/shoaib/bl_iot_sdk/toolchain/riscv/Linux/bin/../lib/gcc/riscv64-unknown-elf/8.3.0/rv32imf/ilp32f/libgcc.a(ledf2.o)
                0x0000000023005ad4                __ltdf2
                0x0000000023005ad4                __ledf2
 .text          0x0000000023005bc0      0x79c /home/shoaib/bl_iot_sdk/toolchain/riscv/Linux/bin/../lib/gcc/riscv64-unknown-elf/8.3.0/rv32imf/ilp32f/libgcc.a(muldf3.o)
                0x0000000023005bc0                __muldf3
 .text          0x000000002300635c      0xb38 /home/shoaib/bl_iot_sdk/toolchain/riscv/Linux/bin/../lib/gcc/riscv64-unknown-elf/8.3.0/rv32imf/ilp32f/libgcc.a(subdf3.o)
                0x000000002300635c                __subdf3
 .text          0x0000000023006e94       0xfc /home/shoaib/bl_iot_sdk/toolchain/riscv/Linux/bin/../lib/gcc/riscv64-unknown-elf/8.3.0/rv32imf/ilp32f/libgcc.a(fixdfsi.o)
                0x0000000023006e94                __fixdfsi
 .text          0x0000000023006f90      0x11c /home/shoaib/bl_iot_sdk/toolchain/riscv/Linux/bin/../lib/gcc/riscv64-unknown-elf/8.3.0/../../../../riscv64-unknown-elf/lib/rv32imf/ilp32f/libc.a(lib_a-memcpy.o)
                0x0000000023006f90                memcpy
 .text          0x00000000230070ac       0xdc /home/shoaib/bl_iot_sdk/toolchain/riscv/Linux/bin/../lib/gcc/riscv64-unknown-elf/8.3.0/../../../../riscv64-unknown-elf/lib/rv32imf/ilp32f/libc.a(lib_a-memset.o)
                0x00000000230070ac                memset
 .text          0x0000000023007188       0x6c /home/shoaib/bl_iot_sdk/toolchain/riscv/Linux/bin/../lib/gcc/riscv64-unknown-elf/8.3.0/../../../../riscv64-unknown-elf/lib/rv32imf/ilp32f/libc.a(lib_a-rand.o)
                0x0000000023007188                srand
                0x000000002300719c                rand
 .text          0x00000000230071f4       0x8c /home/shoaib/bl_iot_sdk/toolchain/riscv/Linux/bin/../lib/gcc/riscv64-unknown-elf/8.3.0/../../../../riscv64-unknown-elf/lib/rv32imf/ilp32f/libc.a(lib_a-strlen.o)
                0x00000000230071f4                strlen
 .text          0x0000000023007280       0x44 /home/shoaib/bl_iot_sdk/toolchain/riscv/Linux/bin/../lib/gcc/riscv64-unknown-elf/8.3.0/../../../../riscv64-unknown-elf/lib/rv32imf/ilp32f/libc.a(lib_a-strnlen.o)
                0x0000000023007280                strnlen
 *(.gnu.linkonce.t.*)

.rodata         0x00000000230072c8      0x7ec
 *(.rdata)
 *(.rodata .rodata.*)
 .rodata.bfl_main.str1.4
                0x00000000230072c8       0x18 /home/shoaib/bl_iot_sdk/customer_app/sdk_app_helloworld/build_out/sdk_app_helloworld/libsdk_app_helloworld.a(main.o)
 .rodata.task_led.str1.4
                0x00000000230072e0       0x8a /home/shoaib/bl_iot_sdk/customer_app/sdk_app_helloworld/build_out/sdk_app_helloworld/libsdk_app_helloworld.a(led.o)
 *fill*         0x000000002300736a        0x2 
 .rodata.vsnprintf
                0x000000002300736c      0x1f4 /home/shoaib/bl_iot_sdk/customer_app/sdk_app_helloworld/build_out/bl602/libbl602.a(debug.o)
 .rodata.cvt.cst8
                0x0000000023007560       0x18 /home/shoaib/bl_iot_sdk/customer_app/sdk_app_helloworld/build_out/bl602/libbl602.a(debug.o)
 .rodata.lcdigits.2256
                0x0000000023007578       0x11 /home/shoaib/bl_iot_sdk/customer_app/sdk_app_helloworld/build_out/bl602/libbl602.a(debug.o)
 *fill*         0x0000000023007589        0x3 
 .rodata.ucdigits.2257
                0x000000002300758c       0x11 /home/shoaib/bl_iot_sdk/customer_app/sdk_app_helloworld/build_out/bl602/libbl602.a(debug.o)
 *fill*         0x000000002300759d        0x3 
 .rodata.vsnprintf.str1.4
                0x00000000230075a0        0x7 /home/shoaib/bl_iot_sdk/customer_app/sdk_app_helloworld/build_out/bl602/libbl602.a(debug.o)
 *fill*         0x00000000230075a7        0x1 
 .rodata.vTaskStartScheduler.str1.4
                0x00000000230075a8        0x5 /home/shoaib/bl_iot_sdk/customer_app/sdk_app_helloworld/build_out/freertos_riscv_ram/libfreertos_riscv_ram.a(tasks.o)
 *fill*         0x00000000230075ad        0x3 
 .rodata.prvTimerTask
                0x00000000230075b0       0x28 /home/shoaib/bl_iot_sdk/customer_app/sdk_app_helloworld/build_out/freertos_riscv_ram/libfreertos_riscv_ram.a(timers.o)
 .rodata.prvCheckForValidListAndQueue.str1.4
                0x00000000230075d8        0x5 /home/shoaib/bl_iot_sdk/customer_app/sdk_app_helloworld/build_out/freertos_riscv_ram/libfreertos_riscv_ram.a(timers.o)
 *fill*         0x00000000230075dd        0x3 
 .rodata.xTimerCreateTimerTask.str1.4
                0x00000000230075e0        0x8 /home/shoaib/bl_iot_sdk/customer_app/sdk_app_helloworld/build_out/freertos_riscv_ram/libfreertos_riscv_ram.a(timers.o)
 .rodata        0x00000000230075e8       0x20 /home/shoaib/bl_iot_sdk/customer_app/sdk_app_helloworld/build_out/hal_drv/libhal_drv.a(bl_uart.o)
 .rodata.exception_entry
                0x0000000023007608       0x40 /home/shoaib/bl_iot_sdk/customer_app/sdk_app_helloworld/build_out/hal_drv/libhal_drv.a(bl_irq.o)
 .rodata.exception_entry.str1.4
                0x0000000023007648      0x26c /home/shoaib/bl_iot_sdk/customer_app/sdk_app_helloworld/build_out/hal_drv/libhal_drv.a(bl_irq.o)
 .rodata.interrupt_entry.str1.4
                0x00000000230078b4       0x40 /home/shoaib/bl_iot_sdk/customer_app/sdk_app_helloworld/build_out/hal_drv/libhal_drv.a(bl_irq.o)
 .rodata.vApplicationStackOverflowHook.str1.4
                0x00000000230078f4       0x2c /home/shoaib/bl_iot_sdk/customer_app/sdk_app_helloworld/build_out/sdk_app_helloworld/libsdk_app_helloworld.a(freertos.o)
 .rodata        0x0000000023007920       0x3c /home/shoaib/bl_iot_sdk/toolchain/riscv/Linux/bin/../lib/gcc/riscv64-unknown-elf/8.3.0/rv32imf/ilp32f/libgcc.a(divdf3.o)
 .rodata        0x000000002300795c       0x3c /home/shoaib/bl_iot_sdk/toolchain/riscv/Linux/bin/../lib/gcc/riscv64-unknown-elf/8.3.0/rv32imf/ilp32f/libgcc.a(muldf3.o)
 .rodata        0x0000000023007998      0x100 /home/shoaib/bl_iot_sdk/toolchain/riscv/Linux/bin/../lib/gcc/riscv64-unknown-elf/8.3.0/rv32imf/ilp32f/libgcc.a(_clz.o)
                0x0000000023007998                __clz_tab
 *(.sdata2.*)
 .sdata2.pullMachineTimerCompareRegister
                0x0000000023007a98        0x4 /home/shoaib/bl_iot_sdk/customer_app/sdk_app_helloworld/build_out/freertos_riscv_ram/libfreertos_riscv_ram.a(port.o)
                0x0000000023007a98                pullMachineTimerCompareRegister
 .sdata2.uxTimerIncrementsForOneTick
                0x0000000023007a9c        0x4 /home/shoaib/bl_iot_sdk/customer_app/sdk_app_helloworld/build_out/freertos_riscv_ram/libfreertos_riscv_ram.a(port.o)
                0x0000000023007a9c                uxTimerIncrementsForOneTick
 .sdata2.xISRStackTop
                0x0000000023007aa0        0x4 /home/shoaib/bl_iot_sdk/customer_app/sdk_app_helloworld/build_out/freertos_riscv_ram/libfreertos_riscv_ram.a(port.o)
                0x0000000023007aa0                xISRStackTop
 .sdata2.uartAddr
                0x0000000023007aa4        0x8 /home/shoaib/bl_iot_sdk/customer_app/sdk_app_helloworld/build_out/hal_drv/libhal_drv.a(bl_uart.o)
 .sdata2.uartAddr
                0x0000000023007aac        0x8 /home/shoaib/bl_iot_sdk/customer_app/sdk_app_helloworld/build_out/bl602_std/libbl602_std.a(bl602_uart.o)
                0x0000000023007ab4                . = ALIGN (0x4)
                0x0000000023007ab4                _bl_static_cli_cmds_start = .
 *(.static_cli_cmds)
 *(.static_cli_cmds)
                0x0000000023007ab4                _bl_static_cli_cmds_end = .
                0x0000000023007ab4                . = ALIGN (0x4)
                0x0000000023007ab4                _bl_static_blogcomponent_code_start = .
 SORT_BY_NAME(*)(.static_blogcomponent_code*)
 *(.static_blogcomponent_code*)
                0x0000000023007ab4                _bl_static_blogcomponent_code_end = .
                0x0000000023007ab4                . = ALIGN (0x4)
                0x0000000023007ab4                _bl_static_blogfile_code_start = .
 SORT_BY_NAME(*)(.static_blogfile_code*)
 *(.static_blogfile_code*)
                0x0000000023007ab4                _bl_static_blogfile_code_end = .
                0x0000000023007ab4                . = ALIGN (0x4)
                0x0000000023007ab4                _bl_static_blogpri_code_start = .
 SORT_BY_NAME(*)(.static_blogpri_code*)
 *(.static_blogpri_code*)
                0x0000000023007ab4                _bl_static_blogpri_code_end = .
 *(.gnu.linkonce.r.*)

.rela.dyn       0x0000000023007ab4        0x0
 .rela.init     0x0000000023007ab4        0x0 /home/shoaib/bl_iot_sdk/customer_app/sdk_app_helloworld/build_out/bl602/libbl602.a(start.o)
 .rela.text.hal_boot2_get_flash_addr
                0x0000000023007ab4        0x0 /home/shoaib/bl_iot_sdk/customer_app/sdk_app_helloworld/build_out/bl602/libbl602.a(start.o)
 .rela.data.xHeapRegions
                0x0000000023007ab4        0x0 /home/shoaib/bl_iot_sdk/customer_app/sdk_app_helloworld/build_out/bl602/libbl602.a(start.o)
 .rela.text.xPortStartScheduler
                0x0000000023007ab4        0x0 /home/shoaib/bl_iot_sdk/customer_app/sdk_app_helloworld/build_out/bl602/libbl602.a(start.o)
 .rela.sdata2.xISRStackTop
                0x0000000023007ab4        0x0 /home/shoaib/bl_iot_sdk/customer_app/sdk_app_helloworld/build_out/bl602/libbl602.a(start.o)
 .rela.text.vQueueAddToRegistry
                0x0000000023007ab4        0x0 /home/shoaib/bl_iot_sdk/customer_app/sdk_app_helloworld/build_out/bl602/libbl602.a(start.o)
 .rela.text.exception_entry
                0x0000000023007ab4        0x0 /home/shoaib/bl_iot_sdk/customer_app/sdk_app_helloworld/build_out/bl602/libbl602.a(start.o)

.preinit_array  0x0000000023007ab4        0x0
                0x0000000023007ab4                . = ALIGN (0x4)
                0x0000000023007ab4                __preinit_array_start = .
 *(.preinit_array)
                0x0000000023007ab4                __preinit_array_end = .

.init_array     0x0000000023007ab4        0x0
                0x0000000023007ab4                . = ALIGN (0x4)
                0x0000000023007ab4                __init_array_start = .
 *(SORT_BY_INIT_PRIORITY(.init_array.*))
 *(.init_array)
                0x0000000023007ab4                __init_array_end = .

.wifibss        0x0000000042030000        0x0
                0x0000000042030000                PROVIDE (__wifi_bss_start = ADDR (.wifibss))
                0x0000000042030000                PROVIDE (__wifi_bss_end = (ADDR (.wifibss) + SIZEOF (.wifibss)))
 *ipc_shared.o(COMMON)
 *sdu_shared.o(COMMON)
 *hal_desc.o(COMMON)
 *txl_buffer_shared.o(COMMON)
 *txl_frame_shared.o(COMMON)
 *scan_shared.o(COMMON)
 *scanu_shared.o(COMMON)
 *mfp_bip.o(COMMON)
 *me_mic.o(COMMON)
 *bl_sta_mgmt_others.o(COMMON)
 *bl_pmk_mgmt.o(COMMON)
 *bl_pmk_mgmt_internal.o(COMMON)
 *libwifi_drv.a:bl_utils.o(COMMON)
 *libwifi_drv.a:bl_utils.o(.bss*)
 *(.wifi_ram*)
                0x0000000042030000                . = ALIGN (0x10)
                0x0000000042030000                PROVIDE (_heap_wifi_start = .)
                0x000000000001a000                PROVIDE (_heap_wifi_size = ((ORIGIN (ram_wifi) + LENGTH (ram_wifi)) - _heap_wifi_start))

.data           0x000000004200c000      0x9b8 load address 0x0000000023007ab4
                0x0000000023007ab4                PROVIDE (_data_load = LOADADDR (.data))
                0x000000004200c000                PROVIDE (_data_run = ADDR (.data))
                0x000000004200c9b8                PROVIDE (_data_run_end = (ADDR (.data) + SIZEOF (.data)))
 *(.tcm_code)
 .tcm_code      0x000000004200c000      0x550 /home/shoaib/bl_iot_sdk/customer_app/sdk_app_helloworld/build_out/bl602_std/libbl602_std.a(bl602_romapi.o)
                0x000000004200c000                AON_Power_On_BG
                0x000000004200c00a                AON_Power_Off_BG
                0x000000004200c014                AON_Power_On_LDO11_SOC
                0x000000004200c01e                AON_Power_Off_LDO11_SOC
                0x000000004200c028                AON_Power_On_LDO15_RF
                0x000000004200c032                AON_Power_Off_LDO15_RF
                0x000000004200c03c                AON_Power_On_SFReg
                0x000000004200c046                AON_Power_Off_SFReg
                0x000000004200c050                AON_LowPower_Enter_PDS0
                0x000000004200c05a                AON_LowPower_Exit_PDS0
                0x000000004200c064                ASM_Delay_Us
                0x000000004200c06e                BL602_Delay_US
                0x000000004200c078                BL602_Delay_MS
                0x000000004200c082                BL602_MemCpy
                0x000000004200c08c                BL602_MemCpy4
                0x000000004200c096                BL602_MemCpy_Fast
                0x000000004200c0a0                BL602_MemSet
                0x000000004200c0aa                BL602_MemSet4
                0x000000004200c0b4                BL602_MemCmp
                0x000000004200c0be                EF_Ctrl_Sw_AHB_Clk_0
                0x000000004200c0c8                EF_Ctrl_Program_Efuse_0
                0x000000004200c0d2                EF_Ctrl_Load_Efuse_R0
                0x000000004200c0dc                EF_Ctrl_Busy
                0x000000004200c0e6                EF_Ctrl_AutoLoad_Done
                0x000000004200c0f0                EF_Ctrl_Clear
                0x000000004200c0fa                GLB_SW_System_Reset
                0x000000004200c104                GLB_SW_CPU_Reset
                0x000000004200c10e                GLB_SW_POR_Reset
                0x000000004200c118                GLB_Select_Internal_Flash
                0x000000004200c122                GLB_Select_External_Flash
                0x000000004200c12c                GLB_Deswap_Flash_Pin
                0x000000004200c136                GLB_Swap_Flash_Pin
                0x000000004200c140                GLB_GPIO_Init
                0x000000004200c14a                GLB_GPIO_OUTPUT_Enable
                0x000000004200c154                GLB_GPIO_OUTPUT_Disable
                0x000000004200c15e                GLB_GPIO_Set_HZ
                0x000000004200c168                GLB_GPIO_Get_Fun
                0x000000004200c172                HBN_Mode_Enter
                0x000000004200c17c                HBN_Power_Down_Flash
                0x000000004200c186                HBN_Enable
                0x000000004200c190                HBN_Reset
                0x000000004200c19a                HBN_Set_Ldo11_Aon_Vout
                0x000000004200c1a4                HBN_Set_Ldo11_Rt_Vout
                0x000000004200c1ae                HBN_Set_Ldo11_Soc_Vout
                0x000000004200c1b8                HBN_Hw_Pu_Pd_Cfg
                0x000000004200c1c2                HBN_Pin_WakeUp_Mask
                0x000000004200c1cc                HBN_GPIO7_Dbg_Pull_Cfg
                0x000000004200c1d6                HBN_Set_Embedded_Flash_Pullup
                0x000000004200c1e0                L1C_Set_Wrap
                0x000000004200c1ea                L1C_Set_Way_Disable
                0x000000004200c1f4                L1C_IROM_2T_Access_Set
                0x000000004200c1fe                PDS_Reset
                0x000000004200c208                PDS_Force_Config
                0x000000004200c212                PDS_RAM_Config
                0x000000004200c21c                PDS_Default_Level_Config
                0x000000004200c226                SEC_Eng_Turn_On_Sec_Ring
                0x000000004200c230                SEC_Eng_Turn_Off_Sec_Ring
                0x000000004200c23a                SFlash_Init
                0x000000004200c244                SFlash_SetSPIMode
                0x000000004200c24e                SFlash_Read_Reg
                0x000000004200c258                SFlash_Write_Reg
                0x000000004200c262                SFlash_Busy
                0x000000004200c26c                SFlash_Write_Enable
                0x000000004200c276                SFlash_Qspi_Enable
                0x000000004200c280                SFlash_Volatile_Reg_Write_Enable
                0x000000004200c28a                SFlash_Chip_Erase
                0x000000004200c294                SFlash_Sector_Erase
                0x000000004200c29e                SFlash_Blk32_Erase
                0x000000004200c2a8                SFlash_Blk64_Erase
                0x000000004200c2b2                SFlash_Erase
                0x000000004200c2bc                SFlash_Program
                0x000000004200c2c6                SFlash_GetUniqueId
                0x000000004200c2d0                SFlash_GetJedecId
                0x000000004200c2da                SFlash_GetDeviceId
                0x000000004200c2e4                SFlash_Powerdown
                0x000000004200c2ee                SFlash_Releae_Powerdown
                0x000000004200c2f8                SFlash_SetBurstWrap
                0x000000004200c302                SFlash_DisableBurstWrap
                0x000000004200c30c                SFlash_Software_Reset
                0x000000004200c316                SFlash_Reset_Continue_Read
                0x000000004200c320                SFlash_Set_IDbus_Cfg
                0x000000004200c32a                SFlash_IDbus_Read_Enable
                0x000000004200c334                SFlash_Cache_Enable_Set
                0x000000004200c33e                SFlash_Cache_Flush
                0x000000004200c348                SFlash_Cache_Read_Enable
                0x000000004200c352                SFlash_Cache_Hit_Count_Get
                0x000000004200c35c                SFlash_Cache_Miss_Count_Get
                0x000000004200c366                SFlash_Cache_Read_Disable
                0x000000004200c370                SFlash_Read
                0x000000004200c37a                SFlash_Read_Reg_With_Cmd
                0x000000004200c384                SFlash_Write_Reg_With_Cmd
                0x000000004200c38e                SF_Cfg_Init_Ext_Flash_Gpio
                0x000000004200c398                SF_Cfg_Init_Internal_Flash_Gpio
                0x000000004200c3a2                SF_Cfg_Deinit_Ext_Flash_Gpio
                0x000000004200c3ac                SF_Cfg_Restore_GPIO17_Fun
                0x000000004200c3b6                SF_Cfg_Get_Flash_Cfg_Need_Lock
                0x000000004200c3c0                SF_Cfg_Init_Flash_Gpio
                0x000000004200c3ca                SF_Cfg_Flash_Identify
                0x000000004200c3d4                SF_Ctrl_Enable
                0x000000004200c3de                SF_Ctrl_Select_Pad
                0x000000004200c3e8                SF_Ctrl_Set_Owner
                0x000000004200c3f2                SF_Ctrl_Disable
                0x000000004200c3fc                SF_Ctrl_AES_Enable_BE
                0x000000004200c406                SF_Ctrl_AES_Enable_LE
                0x000000004200c410                SF_Ctrl_AES_Set_Region
                0x000000004200c41a                SF_Ctrl_AES_Set_Key
                0x000000004200c424                SF_Ctrl_AES_Set_Key_BE
                0x000000004200c42e                SF_Ctrl_AES_Set_IV
                0x000000004200c438                SF_Ctrl_AES_Set_IV_BE
                0x000000004200c442                SF_Ctrl_AES_Enable
                0x000000004200c44c                SF_Ctrl_AES_Disable
                0x000000004200c456                SF_Ctrl_Set_Flash_Image_Offset
                0x000000004200c460                SF_Ctrl_Get_Flash_Image_Offset
                0x000000004200c46a                SF_Ctrl_Select_Clock
                0x000000004200c474                SF_Ctrl_SendCmd
                0x000000004200c47e                SF_Ctrl_Icache_Set
                0x000000004200c488                SF_Ctrl_Icache2_Set
                0x000000004200c492                SF_Ctrl_GetBusyState
                0x000000004200c49c                SF_Ctrl_Is_AES_Enable
                0x000000004200c4a6                SF_Ctrl_Get_Clock_Delay
                0x000000004200c4b0                SF_Ctrl_Set_Clock_Delay
                0x000000004200c4ba                XIP_SFlash_State_Save
                0x000000004200c4c4                XIP_SFlash_State_Restore
                0x000000004200c4ce                XIP_SFlash_Erase_Need_Lock
                0x000000004200c4d8                XIP_SFlash_Write_Need_Lock
                0x000000004200c4e2                XIP_SFlash_Read_Need_Lock
                0x000000004200c4ec                XIP_SFlash_GetJedecId_Need_Lock
                0x000000004200c4f6                XIP_SFlash_GetDeviceId_Need_Lock
                0x000000004200c500                XIP_SFlash_GetUniqueId_Need_Lock
                0x000000004200c50a                XIP_SFlash_Read_Via_Cache_Need_Lock
                0x000000004200c514                XIP_SFlash_Read_With_Lock
                0x000000004200c51e                XIP_SFlash_Write_With_Lock
                0x000000004200c528                XIP_SFlash_Erase_With_Lock
                0x000000004200c532                XIP_SFlash_Opt_Enter
                0x000000004200c53c                XIP_SFlash_Opt_Exit
                0x000000004200c546                BFLB_Soft_CRC32
 *(.tcm_const)
 *(.sclock_rlt_code)
 *(.sclock_rlt_const)
 *(.data .data.*)
 .data.xHeapRegions
                0x000000004200c550       0x20 /home/shoaib/bl_iot_sdk/customer_app/sdk_app_helloworld/build_out/sdk_app_helloworld/libsdk_app_helloworld.a(main.o)
 .data          0x000000004200c570      0x428 /home/shoaib/bl_iot_sdk/toolchain/riscv/Linux/bin/../lib/gcc/riscv64-unknown-elf/8.3.0/../../../../riscv64-unknown-elf/lib/rv32imf/ilp32f/libc.a(lib_a-impure.o)
 *(.gnu.linkonce.d.*)
                0x000000004200c998                . = ALIGN (0x8)
                0x000000004200d188                PROVIDE (__global_pointer$ = (. + 0x7f0))
 *libfreertos_riscv.a:*(.sdata.*)
 *libfreertos_riscv.a:*(.sbss.*)
 *libfreertos_riscv.a:*(.bss.*)
 *libfreertos_riscv.a:*(COMMON)
 *(.sdata .sdata.*)
 .sdata.pTrapNetCounter
                0x000000004200c998        0x4 /home/shoaib/bl_iot_sdk/customer_app/sdk_app_helloworld/build_out/freertos_riscv_ram/libfreertos_riscv_ram.a(port.o)
                0x000000004200c998                pTrapNetCounter
 .sdata.pullNextTime
                0x000000004200c99c        0x4 /home/shoaib/bl_iot_sdk/customer_app/sdk_app_helloworld/build_out/freertos_riscv_ram/libfreertos_riscv_ram.a(port.o)
                0x000000004200c99c                pullNextTime
 .sdata.sys_log_all_enable
                0x000000004200c9a0        0x1 /home/shoaib/bl_iot_sdk/customer_app/sdk_app_helloworld/build_out/hal_drv/libhal_drv.a(bl_sys.o)
                0x000000004200c9a0                sys_log_all_enable
 *fill*         0x000000004200c9a1        0x3 
 .sdata.uxTopUsedPriority
                0x000000004200c9a4        0x4 /home/shoaib/bl_iot_sdk/customer_app/sdk_app_helloworld/build_out/sdk_app_helloworld/libsdk_app_helloworld.a(freertos.o)
                0x000000004200c9a4                uxTopUsedPriority
 .sdata         0x000000004200c9a8        0x4 /home/shoaib/bl_iot_sdk/toolchain/riscv/Linux/bin/../lib/gcc/riscv64-unknown-elf/8.3.0/../../../../riscv64-unknown-elf/lib/rv32imf/ilp32f/libc.a(lib_a-impure.o)
                0x000000004200c9a8                _impure_ptr
 *(.gnu.linkonce.s.*)
                0x000000004200c9b0                . = ALIGN (0x8)
 *fill*         0x000000004200c9ac        0x4 
 *(.srodata.cst16)
 *(.srodata.cst8)
 *(.srodata.cst4)
 *(.srodata.cst2)
 *(.srodata .srodata.*)
 .srodata       0x000000004200c9b0        0x4 /home/shoaib/bl_iot_sdk/customer_app/sdk_app_helloworld/build_out/hal_drv/libhal_drv.a(bl_uart.o)
                0x000000004200c9b8                . = ALIGN (0x8)
 *fill*         0x000000004200c9b4        0x4 
 *(._k_queue.static.*)
 *(._k_sem.static.*)
 *(._k_mutex.static.*)
                0x000000004200c9b8                _net_buf_pool_list = .
 *(SORT_BY_NAME(._net_buf_pool.static.*))
                0x000000004200c9b8                _bt_gatt_service_static_list_start = .
 *(SORT_BY_NAME(._bt_gatt_service_static.static.*))
                0x000000004200c9b8                _bt_gatt_service_static_list_end = .
                0x000000004200c9b8                _bt_l2cap_fixed_chan_list_start = .
 *(SORT_BY_NAME(._bt_l2cap_fixed_chan.static.*))
                0x000000004200c9b8                _bt_l2cap_fixed_chan_list_end = .

.boot2          0x000000004200c9b8      0x258 load address 0x000000002300846c
                0x000000004200c9b8                PROVIDE (__boot2_pt_addr_start = .)
 *(.bss.boot2_partition_table)
 .bss.boot2_partition_table
                0x000000004200c9b8      0x258 /home/shoaib/bl_iot_sdk/customer_app/sdk_app_helloworld/build_out/hal_drv/libhal_drv.a(hal_boot2.o)
                0x000000004200cc10                PROVIDE (__boot2_pt_addr_end = .)
                0x000000004200cc10                PROVIDE (__boot2_flashCfg_start = .)
 *(.bss.boot2_flashCfg)
                0x000000004200cc10                PROVIDE (__boot2_flashCfg_end = .)

.bss            0x000000004200cc10     0x19bc load address 0x000000002300846c
                0x000000004200cc10                PROVIDE (__bss_start = ADDR (.bss))
                0x000000004200e5cc                PROVIDE (__bss_end = (ADDR (.bss) + SIZEOF (.bss)))
 *(.sbss*)
 .sbss.pxCurrentTCB
                0x000000004200cc10        0x4 /home/shoaib/bl_iot_sdk/customer_app/sdk_app_helloworld/build_out/freertos_riscv_ram/libfreertos_riscv_ram.a(tasks.o)
                0x000000004200cc10                pxCurrentTCB
 .sbss.pxDelayedTaskList
                0x000000004200cc14        0x4 /home/shoaib/bl_iot_sdk/customer_app/sdk_app_helloworld/build_out/freertos_riscv_ram/libfreertos_riscv_ram.a(tasks.o)
 .sbss.pxOverflowDelayedTaskList
                0x000000004200cc18        0x4 /home/shoaib/bl_iot_sdk/customer_app/sdk_app_helloworld/build_out/freertos_riscv_ram/libfreertos_riscv_ram.a(tasks.o)
 .sbss.uxCurrentNumberOfTasks
                0x000000004200cc1c        0x4 /home/shoaib/bl_iot_sdk/customer_app/sdk_app_helloworld/build_out/freertos_riscv_ram/libfreertos_riscv_ram.a(tasks.o)
 .sbss.uxDeletedTasksWaitingCleanUp
                0x000000004200cc20        0x4 /home/shoaib/bl_iot_sdk/customer_app/sdk_app_helloworld/build_out/freertos_riscv_ram/libfreertos_riscv_ram.a(tasks.o)
 .sbss.uxPendedTicks
                0x000000004200cc24        0x4 /home/shoaib/bl_iot_sdk/customer_app/sdk_app_helloworld/build_out/freertos_riscv_ram/libfreertos_riscv_ram.a(tasks.o)
 .sbss.uxSchedulerSuspended
                0x000000004200cc28        0x4 /home/shoaib/bl_iot_sdk/customer_app/sdk_app_helloworld/build_out/freertos_riscv_ram/libfreertos_riscv_ram.a(tasks.o)
 .sbss.uxTaskNumber
                0x000000004200cc2c        0x4 /home/shoaib/bl_iot_sdk/customer_app/sdk_app_helloworld/build_out/freertos_riscv_ram/libfreertos_riscv_ram.a(tasks.o)
 .sbss.uxTopReadyPriority
                0x000000004200cc30        0x4 /home/shoaib/bl_iot_sdk/customer_app/sdk_app_helloworld/build_out/freertos_riscv_ram/libfreertos_riscv_ram.a(tasks.o)
 .sbss.xNextTaskUnblockTime
                0x000000004200cc34        0x4 /home/shoaib/bl_iot_sdk/customer_app/sdk_app_helloworld/build_out/freertos_riscv_ram/libfreertos_riscv_ram.a(tasks.o)
 .sbss.xNumOfOverflows
                0x000000004200cc38        0x4 /home/shoaib/bl_iot_sdk/customer_app/sdk_app_helloworld/build_out/freertos_riscv_ram/libfreertos_riscv_ram.a(tasks.o)
 .sbss.xSchedulerRunning
                0x000000004200cc3c        0x4 /home/shoaib/bl_iot_sdk/customer_app/sdk_app_helloworld/build_out/freertos_riscv_ram/libfreertos_riscv_ram.a(tasks.o)
 .sbss.xTickCount
                0x000000004200cc40        0x4 /home/shoaib/bl_iot_sdk/customer_app/sdk_app_helloworld/build_out/freertos_riscv_ram/libfreertos_riscv_ram.a(tasks.o)
 .sbss.xYieldPending
                0x000000004200cc44        0x4 /home/shoaib/bl_iot_sdk/customer_app/sdk_app_helloworld/build_out/freertos_riscv_ram/libfreertos_riscv_ram.a(tasks.o)
 .sbss.pxCurrentTimerList
                0x000000004200cc48        0x4 /home/shoaib/bl_iot_sdk/customer_app/sdk_app_helloworld/build_out/freertos_riscv_ram/libfreertos_riscv_ram.a(timers.o)
 .sbss.pxOverflowTimerList
                0x000000004200cc4c        0x4 /home/shoaib/bl_iot_sdk/customer_app/sdk_app_helloworld/build_out/freertos_riscv_ram/libfreertos_riscv_ram.a(timers.o)
 .sbss.xLastTime.2297
                0x000000004200cc50        0x4 /home/shoaib/bl_iot_sdk/customer_app/sdk_app_helloworld/build_out/freertos_riscv_ram/libfreertos_riscv_ram.a(timers.o)
 .sbss.xTimerQueue
                0x000000004200cc54        0x4 /home/shoaib/bl_iot_sdk/customer_app/sdk_app_helloworld/build_out/freertos_riscv_ram/libfreertos_riscv_ram.a(timers.o)
 .sbss.xTimerTaskHandle
                0x000000004200cc58        0x4 /home/shoaib/bl_iot_sdk/customer_app/sdk_app_helloworld/build_out/freertos_riscv_ram/libfreertos_riscv_ram.a(timers.o)
 .sbss.TrapNetCounter
                0x000000004200cc5c        0x4 /home/shoaib/bl_iot_sdk/customer_app/sdk_app_helloworld/build_out/freertos_riscv_ram/libfreertos_riscv_ram.a(port.o)
                0x000000004200cc5c                TrapNetCounter
 .sbss.ullNextTime
                0x000000004200cc60        0x8 /home/shoaib/bl_iot_sdk/customer_app/sdk_app_helloworld/build_out/freertos_riscv_ram/libfreertos_riscv_ram.a(port.o)
                0x000000004200cc60                ullNextTime
 .sbss.pxEnd    0x000000004200cc68        0x4 /home/shoaib/bl_iot_sdk/customer_app/sdk_app_helloworld/build_out/freertos_riscv_ram/libfreertos_riscv_ram.a(heap_5.o)
 .sbss.xBlockAllocatedBit
                0x000000004200cc6c        0x4 /home/shoaib/bl_iot_sdk/customer_app/sdk_app_helloworld/build_out/freertos_riscv_ram/libfreertos_riscv_ram.a(heap_5.o)
 .sbss.xFreeBytesRemaining
                0x000000004200cc70        0x4 /home/shoaib/bl_iot_sdk/customer_app/sdk_app_helloworld/build_out/freertos_riscv_ram/libfreertos_riscv_ram.a(heap_5.o)
 .sbss.xMinimumEverFreeBytesRemaining
                0x000000004200cc74        0x4 /home/shoaib/bl_iot_sdk/customer_app/sdk_app_helloworld/build_out/freertos_riscv_ram/libfreertos_riscv_ram.a(heap_5.o)
 .sbss.xStart   0x000000004200cc78        0x8 /home/shoaib/bl_iot_sdk/customer_app/sdk_app_helloworld/build_out/freertos_riscv_ram/libfreertos_riscv_ram.a(heap_5.o)
 .sbss.uart_clk_init.7788
                0x000000004200cc80        0x1 /home/shoaib/bl_iot_sdk/customer_app/sdk_app_helloworld/build_out/hal_drv/libhal_drv.a(bl_uart.o)
 *fill*         0x000000004200cc81        0x3 
 .sbss.init_tick_rtc
                0x000000004200cc84        0x4 /home/shoaib/bl_iot_sdk/customer_app/sdk_app_helloworld/build_out/bltime/libbltime.a(bl_sys_time.o)
 .sbss.init_tick_rtos
                0x000000004200cc88        0x4 /home/shoaib/bl_iot_sdk/customer_app/sdk_app_helloworld/build_out/bltime/libbltime.a(bl_sys_time.o)
 .sbss.sync_init
                0x000000004200cc8c        0x4 /home/shoaib/bl_iot_sdk/customer_app/sdk_app_helloworld/build_out/bltime/libbltime.a(bl_sys_time.o)
 *(.gnu.linkonce.sb.*)
 *(.bss .bss.*)
 .bss.led_stack.4806
                0x000000004200cc90      0x800 /home/shoaib/bl_iot_sdk/customer_app/sdk_app_helloworld/build_out/sdk_app_helloworld/libsdk_app_helloworld.a(main.o)
 .bss.led_task.4807
                0x000000004200d490       0x60 /home/shoaib/bl_iot_sdk/customer_app/sdk_app_helloworld/build_out/sdk_app_helloworld/libsdk_app_helloworld.a(main.o)
 .bss.string    0x000000004200d4f0      0x200 /home/shoaib/bl_iot_sdk/customer_app/sdk_app_helloworld/build_out/bl602/libbl602.a(debug.o)
 .bss.pxReadyTasksLists
                0x000000004200d6f0      0x280 /home/shoaib/bl_iot_sdk/customer_app/sdk_app_helloworld/build_out/freertos_riscv_ram/libfreertos_riscv_ram.a(tasks.o)
 .bss.xDelayedTaskList1
                0x000000004200d970       0x14 /home/shoaib/bl_iot_sdk/customer_app/sdk_app_helloworld/build_out/freertos_riscv_ram/libfreertos_riscv_ram.a(tasks.o)
 .bss.xDelayedTaskList2
                0x000000004200d984       0x14 /home/shoaib/bl_iot_sdk/customer_app/sdk_app_helloworld/build_out/freertos_riscv_ram/libfreertos_riscv_ram.a(tasks.o)
 .bss.xPendingReadyList
                0x000000004200d998       0x14 /home/shoaib/bl_iot_sdk/customer_app/sdk_app_helloworld/build_out/freertos_riscv_ram/libfreertos_riscv_ram.a(tasks.o)
 .bss.xSuspendedTaskList
                0x000000004200d9ac       0x14 /home/shoaib/bl_iot_sdk/customer_app/sdk_app_helloworld/build_out/freertos_riscv_ram/libfreertos_riscv_ram.a(tasks.o)
 .bss.xTasksWaitingTermination
                0x000000004200d9c0       0x14 /home/shoaib/bl_iot_sdk/customer_app/sdk_app_helloworld/build_out/freertos_riscv_ram/libfreertos_riscv_ram.a(tasks.o)
 .bss.ucStaticTimerQueueStorage.2344
                0x000000004200d9d4       0x40 /home/shoaib/bl_iot_sdk/customer_app/sdk_app_helloworld/build_out/freertos_riscv_ram/libfreertos_riscv_ram.a(timers.o)
 .bss.xActiveTimerList1
                0x000000004200da14       0x14 /home/shoaib/bl_iot_sdk/customer_app/sdk_app_helloworld/build_out/freertos_riscv_ram/libfreertos_riscv_ram.a(timers.o)
 .bss.xActiveTimerList2
                0x000000004200da28       0x14 /home/shoaib/bl_iot_sdk/customer_app/sdk_app_helloworld/build_out/freertos_riscv_ram/libfreertos_riscv_ram.a(timers.o)
 .bss.xStaticTimerQueue.2343
                0x000000004200da3c       0x50 /home/shoaib/bl_iot_sdk/customer_app/sdk_app_helloworld/build_out/freertos_riscv_ram/libfreertos_riscv_ram.a(timers.o)
 .bss.handler_list
                0x000000004200da8c      0x280 /home/shoaib/bl_iot_sdk/customer_app/sdk_app_helloworld/build_out/hal_drv/libhal_drv.a(bl_irq.o)
 .bss.uxIdleTaskStack.2391
                0x000000004200dd0c      0x180 /home/shoaib/bl_iot_sdk/customer_app/sdk_app_helloworld/build_out/sdk_app_helloworld/libsdk_app_helloworld.a(freertos.o)
 .bss.uxTimerTaskStack.2398
                0x000000004200de8c      0x640 /home/shoaib/bl_iot_sdk/customer_app/sdk_app_helloworld/build_out/sdk_app_helloworld/libsdk_app_helloworld.a(freertos.o)
 .bss.xIdleTaskTCB.2390
                0x000000004200e4cc       0x60 /home/shoaib/bl_iot_sdk/customer_app/sdk_app_helloworld/build_out/sdk_app_helloworld/libsdk_app_helloworld.a(freertos.o)
 .bss.xTimerTaskTCB.2397
                0x000000004200e52c       0x60 /home/shoaib/bl_iot_sdk/customer_app/sdk_app_helloworld/build_out/sdk_app_helloworld/libsdk_app_helloworld.a(freertos.o)
 *(.gnu.linkonce.b.*)
 *(COMMON)
 COMMON         0x000000004200e58c       0x40 /home/shoaib/bl_iot_sdk/customer_app/sdk_app_helloworld/build_out/freertos_riscv_ram/libfreertos_riscv_ram.a(queue.o)
                0x000000004200e58c                xQueueRegistry
                0x000000004200e5cc                PROVIDE (_heap_start = .)
                0x0000000000021234                PROVIDE (_heap_size = (ADDR (.stack) - _heap_start))

.stack          0x000000004202f800      0x800
                0x0000000042030000                . = (. + __stack_size)
 *fill*         0x000000004202f800      0x800 
                0x0000000042030000                PROVIDE (_sp_main = .)
                0x0000000042030000                __freertos_irq_stack_top = .
                [!provide]                        PROVIDE (_ld_bl_static_cli_cmds_start = _bl_static_cli_cmds_start)
                [!provide]                        PROVIDE (_ld_bl_static_cli_cmds_end = _bl_static_cli_cmds_end)
                [!provide]                        PROVIDE (_ld_bl_static_blogcomponent_code_start = _bl_static_blogcomponent_code_start)
                [!provide]                        PROVIDE (_ld_bl_static_blogcomponent_code_end = _bl_static_blogcomponent_code_end)
                [!provide]                        PROVIDE (_ld_bl_static_blogfile_code_start = _bl_static_blogfile_code_start)
                [!provide]                        PROVIDE (_ld_bl_static_blogfile_code_end = _bl_static_blogfile_code_end)
                [!provide]                        PROVIDE (_ld_bl_static_blogpri_code_start = _bl_static_blogpri_code_start)
                [!provide]                        PROVIDE (_ld_bl_static_blogpri_code_end = _bl_static_blogpri_code_end)
                [!provide]                        PROVIDE (_ld_ram_size0 = LENGTH (flash))
                [!provide]                        PROVIDE (_ld_ram_addr0 = ORIGIN (flash))
                [!provide]                        PROVIDE (_ld_ram_size1 = LENGTH (ram_tcm))
                [!provide]                        PROVIDE (_ld_ram_addr1 = ORIGIN (ram_tcm))
                [!provide]                        PROVIDE (_ld_ram_size2 = LENGTH (ram_wifi))
                [!provide]                        PROVIDE (_ld_ram_addr2 = ORIGIN (ram_wifi))
                0x0000000042049c00                PROVIDE (__boot2_pt_addr_src = BOOT2_PT_ADDR)
                0x0000000042049c18                PROVIDE (__boot2_flashCfg_src = BOOT2_FLASHCFG_ADDR)
                0x0000000000000000                PROVIDE (__LD_CONFIG_EM_SEL = __EM_SIZE)
OUTPUT(/home/shoaib/bl_iot_sdk/customer_app/sdk_app_helloworld/build_out/sdk_app_helloworld.elf elf32-littleriscv)

.riscv.attributes
                0x0000000000000000       0x2b
 .riscv.attributes
                0x0000000000000000       0x29 /home/shoaib/bl_iot_sdk/customer_app/sdk_app_helloworld/build_out/bl602/libbl602.a(start.o)
 .riscv.attributes
                0x0000000000000029       0x2b /home/shoaib/bl_iot_sdk/customer_app/sdk_app_helloworld/build_out/hal_drv/libhal_drv.a(hal_boot2.o)
 .riscv.attributes
                0x0000000000000054       0x2b /home/shoaib/bl_iot_sdk/customer_app/sdk_app_helloworld/build_out/sdk_app_helloworld/libsdk_app_helloworld.a(main.o)
 .riscv.attributes
                0x000000000000007f       0x2b /home/shoaib/bl_iot_sdk/customer_app/sdk_app_helloworld/build_out/sdk_app_helloworld/libsdk_app_helloworld.a(led.o)
 .riscv.attributes
                0x00000000000000aa       0x2b /home/shoaib/bl_iot_sdk/customer_app/sdk_app_helloworld/build_out/bl602/libbl602.a(debug.o)
 .riscv.attributes
                0x00000000000000d5       0x2b /home/shoaib/bl_iot_sdk/customer_app/sdk_app_helloworld/build_out/freertos_riscv_ram/libfreertos_riscv_ram.a(tasks.o)
 .riscv.attributes
                0x0000000000000100       0x2b /home/shoaib/bl_iot_sdk/customer_app/sdk_app_helloworld/build_out/freertos_riscv_ram/libfreertos_riscv_ram.a(timers.o)
 .riscv.attributes
                0x000000000000012b       0x2b /home/shoaib/bl_iot_sdk/customer_app/sdk_app_helloworld/build_out/freertos_riscv_ram/libfreertos_riscv_ram.a(port.o)
 .riscv.attributes
                0x0000000000000156       0x29 /home/shoaib/bl_iot_sdk/customer_app/sdk_app_helloworld/build_out/freertos_riscv_ram/libfreertos_riscv_ram.a(portASM.o)
 .riscv.attributes
                0x000000000000017f       0x2b /home/shoaib/bl_iot_sdk/customer_app/sdk_app_helloworld/build_out/freertos_riscv_ram/libfreertos_riscv_ram.a(heap_5.o)
 .riscv.attributes
                0x00000000000001aa       0x2b /home/shoaib/bl_iot_sdk/customer_app/sdk_app_helloworld/build_out/freertos_riscv_ram/libfreertos_riscv_ram.a(list.o)
 .riscv.attributes
                0x00000000000001d5       0x2b /home/shoaib/bl_iot_sdk/customer_app/sdk_app_helloworld/build_out/freertos_riscv_ram/libfreertos_riscv_ram.a(queue.o)
 .riscv.attributes
                0x0000000000000200       0x2b /home/shoaib/bl_iot_sdk/customer_app/sdk_app_helloworld/build_out/hal_drv/libhal_drv.a(bl_uart.o)
 .riscv.attributes
                0x000000000000022b       0x2b /home/shoaib/bl_iot_sdk/customer_app/sdk_app_helloworld/build_out/hal_drv/libhal_drv.a(bl_sys.o)
 .riscv.attributes
                0x0000000000000256       0x2b /home/shoaib/bl_iot_sdk/customer_app/sdk_app_helloworld/build_out/hal_drv/libhal_drv.a(bl_irq.o)
 .riscv.attributes
                0x0000000000000281       0x2b /home/shoaib/bl_iot_sdk/customer_app/sdk_app_helloworld/build_out/hal_drv/libhal_drv.a(bl_gpio.o)
 .riscv.attributes
                0x00000000000002ac       0x2b /home/shoaib/bl_iot_sdk/customer_app/sdk_app_helloworld/build_out/sdk_app_helloworld/libsdk_app_helloworld.a(freertos.o)
 .riscv.attributes
                0x00000000000002d7       0x2b /home/shoaib/bl_iot_sdk/customer_app/sdk_app_helloworld/build_out/bl602_std/libbl602_std.a(bl602_uart.o)
 .riscv.attributes
                0x0000000000000302       0x2b /home/shoaib/bl_iot_sdk/customer_app/sdk_app_helloworld/build_out/bl602_std/libbl602_std.a(bl602_glb.o)
 .riscv.attributes
                0x000000000000032d       0x2b /home/shoaib/bl_iot_sdk/customer_app/sdk_app_helloworld/build_out/bl602_std/libbl602_std.a(bl602_hbn.o)
 .riscv.attributes
                0x0000000000000358       0x2b /home/shoaib/bl_iot_sdk/customer_app/sdk_app_helloworld/build_out/bl602_std/libbl602_std.a(bl602_romapi.o)
 .riscv.attributes
                0x0000000000000383       0x2b /home/shoaib/bl_iot_sdk/customer_app/sdk_app_helloworld/build_out/bltime/libbltime.a(bl_sys_time.o)
 .riscv.attributes
                0x00000000000003ae       0x2b /home/shoaib/bl_iot_sdk/customer_app/sdk_app_helloworld/build_out/freertos_riscv_ram/libfreertos_riscv_ram.a(misaligned_ldst.o)
 .riscv.attributes
                0x00000000000003d9       0x29 /home/shoaib/bl_iot_sdk/customer_app/sdk_app_helloworld/build_out/freertos_riscv_ram/libfreertos_riscv_ram.a(fp_asm.o)
 .riscv.attributes
                0x0000000000000402       0x2b /home/shoaib/bl_iot_sdk/customer_app/sdk_app_helloworld/build_out/freertos_riscv_ram/libfreertos_riscv_ram.a(panic_c.o)
 .riscv.attributes
                0x000000000000042d       0x2b /home/shoaib/bl_iot_sdk/customer_app/sdk_app_helloworld/build_out/hal_drv/libhal_drv.a(bl_rtc.o)
 .riscv.attributes
                0x0000000000000458       0x26 /home/shoaib/bl_iot_sdk/toolchain/riscv/Linux/bin/../lib/gcc/riscv64-unknown-elf/8.3.0/../../../../riscv64-unknown-elf/lib/rv32imf/ilp32f/libm.a(lib_a-s_modf.o)
 .riscv.attributes
                0x000000000000047e       0x26 /home/shoaib/bl_iot_sdk/toolchain/riscv/Linux/bin/../lib/gcc/riscv64-unknown-elf/8.3.0/rv32imf/ilp32f/libgcc.a(_clzsi2.o)
 .riscv.attributes
                0x00000000000004a4       0x26 /home/shoaib/bl_iot_sdk/toolchain/riscv/Linux/bin/../lib/gcc/riscv64-unknown-elf/8.3.0/rv32imf/ilp32f/libgcc.a(_udivdi3.o)
 .riscv.attributes
                0x00000000000004ca       0x26 /home/shoaib/bl_iot_sdk/toolchain/riscv/Linux/bin/../lib/gcc/riscv64-unknown-elf/8.3.0/rv32imf/ilp32f/libgcc.a(_umoddi3.o)
 .riscv.attributes
                0x00000000000004f0       0x26 /home/shoaib/bl_iot_sdk/toolchain/riscv/Linux/bin/../lib/gcc/riscv64-unknown-elf/8.3.0/rv32imf/ilp32f/libgcc.a(adddf3.o)
 .riscv.attributes
                0x0000000000000516       0x26 /home/shoaib/bl_iot_sdk/toolchain/riscv/Linux/bin/../lib/gcc/riscv64-unknown-elf/8.3.0/rv32imf/ilp32f/libgcc.a(divdf3.o)
 .riscv.attributes
                0x000000000000053c       0x26 /home/shoaib/bl_iot_sdk/toolchain/riscv/Linux/bin/../lib/gcc/riscv64-unknown-elf/8.3.0/rv32imf/ilp32f/libgcc.a(eqdf2.o)
 .riscv.attributes
                0x0000000000000562       0x26 /home/shoaib/bl_iot_sdk/toolchain/riscv/Linux/bin/../lib/gcc/riscv64-unknown-elf/8.3.0/rv32imf/ilp32f/libgcc.a(gedf2.o)
 .riscv.attributes
                0x0000000000000588       0x26 /home/shoaib/bl_iot_sdk/toolchain/riscv/Linux/bin/../lib/gcc/riscv64-unknown-elf/8.3.0/rv32imf/ilp32f/libgcc.a(ledf2.o)
 .riscv.attributes
                0x00000000000005ae       0x26 /home/shoaib/bl_iot_sdk/toolchain/riscv/Linux/bin/../lib/gcc/riscv64-unknown-elf/8.3.0/rv32imf/ilp32f/libgcc.a(muldf3.o)
 .riscv.attributes
                0x00000000000005d4       0x26 /home/shoaib/bl_iot_sdk/toolchain/riscv/Linux/bin/../lib/gcc/riscv64-unknown-elf/8.3.0/rv32imf/ilp32f/libgcc.a(subdf3.o)
 .riscv.attributes
                0x00000000000005fa       0x26 /home/shoaib/bl_iot_sdk/toolchain/riscv/Linux/bin/../lib/gcc/riscv64-unknown-elf/8.3.0/rv32imf/ilp32f/libgcc.a(fixdfsi.o)
 .riscv.attributes
                0x0000000000000620       0x26 /home/shoaib/bl_iot_sdk/toolchain/riscv/Linux/bin/../lib/gcc/riscv64-unknown-elf/8.3.0/rv32imf/ilp32f/libgcc.a(_clz.o)
 .riscv.attributes
                0x0000000000000646       0x26 /home/shoaib/bl_iot_sdk/toolchain/riscv/Linux/bin/../lib/gcc/riscv64-unknown-elf/8.3.0/../../../../riscv64-unknown-elf/lib/rv32imf/ilp32f/libc.a(lib_a-memcpy.o)
 .riscv.attributes
                0x000000000000066c       0x24 /home/shoaib/bl_iot_sdk/toolchain/riscv/Linux/bin/../lib/gcc/riscv64-unknown-elf/8.3.0/../../../../riscv64-unknown-elf/lib/rv32imf/ilp32f/libc.a(lib_a-memset.o)
 .riscv.attributes
                0x0000000000000690       0x26 /home/shoaib/bl_iot_sdk/toolchain/riscv/Linux/bin/../lib/gcc/riscv64-unknown-elf/8.3.0/../../../../riscv64-unknown-elf/lib/rv32imf/ilp32f/libc.a(lib_a-rand.o)
 .riscv.attributes
                0x00000000000006b6       0x26 /home/shoaib/bl_iot_sdk/toolchain/riscv/Linux/bin/../lib/gcc/riscv64-unknown-elf/8.3.0/../../../../riscv64-unknown-elf/lib/rv32imf/ilp32f/libc.a(lib_a-strlen.o)
 .riscv.attributes
                0x00000000000006dc       0x26 /home/shoaib/bl_iot_sdk/toolchain/riscv/Linux/bin/../lib/gcc/riscv64-unknown-elf/8.3.0/../../../../riscv64-unknown-elf/lib/rv32imf/ilp32f/libc.a(lib_a-strnlen.o)
 .riscv.attributes
                0x0000000000000702       0x26 /home/shoaib/bl_iot_sdk/toolchain/riscv/Linux/bin/../lib/gcc/riscv64-unknown-elf/8.3.0/../../../../riscv64-unknown-elf/lib/rv32imf/ilp32f/libc.a(lib_a-impure.o)

.comment        0x0000000000000000       0x28
 .comment       0x0000000000000000       0x28 /home/shoaib/bl_iot_sdk/customer_app/sdk_app_helloworld/build_out/hal_drv/libhal_drv.a(hal_boot2.o)
                                         0x29 (size before relaxing)
 .comment       0x0000000000000028       0x29 /home/shoaib/bl_iot_sdk/customer_app/sdk_app_helloworld/build_out/sdk_app_helloworld/libsdk_app_helloworld.a(main.o)
 .comment       0x0000000000000028       0x29 /home/shoaib/bl_iot_sdk/customer_app/sdk_app_helloworld/build_out/sdk_app_helloworld/libsdk_app_helloworld.a(led.o)
 .comment       0x0000000000000028       0x29 /home/shoaib/bl_iot_sdk/customer_app/sdk_app_helloworld/build_out/bl602/libbl602.a(debug.o)
 .comment       0x0000000000000028       0x29 /home/shoaib/bl_iot_sdk/customer_app/sdk_app_helloworld/build_out/freertos_riscv_ram/libfreertos_riscv_ram.a(tasks.o)
 .comment       0x0000000000000028       0x29 /home/shoaib/bl_iot_sdk/customer_app/sdk_app_helloworld/build_out/freertos_riscv_ram/libfreertos_riscv_ram.a(timers.o)
 .comment       0x0000000000000028       0x29 /home/shoaib/bl_iot_sdk/customer_app/sdk_app_helloworld/build_out/freertos_riscv_ram/libfreertos_riscv_ram.a(port.o)
 .comment       0x0000000000000028       0x29 /home/shoaib/bl_iot_sdk/customer_app/sdk_app_helloworld/build_out/freertos_riscv_ram/libfreertos_riscv_ram.a(heap_5.o)
 .comment       0x0000000000000028       0x29 /home/shoaib/bl_iot_sdk/customer_app/sdk_app_helloworld/build_out/freertos_riscv_ram/libfreertos_riscv_ram.a(list.o)
 .comment       0x0000000000000028       0x29 /home/shoaib/bl_iot_sdk/customer_app/sdk_app_helloworld/build_out/freertos_riscv_ram/libfreertos_riscv_ram.a(queue.o)
 .comment       0x0000000000000028       0x29 /home/shoaib/bl_iot_sdk/customer_app/sdk_app_helloworld/build_out/hal_drv/libhal_drv.a(bl_uart.o)
 .comment       0x0000000000000028       0x29 /home/shoaib/bl_iot_sdk/customer_app/sdk_app_helloworld/build_out/hal_drv/libhal_drv.a(bl_sys.o)
 .comment       0x0000000000000028       0x29 /home/shoaib/bl_iot_sdk/customer_app/sdk_app_helloworld/build_out/hal_drv/libhal_drv.a(bl_irq.o)
 .comment       0x0000000000000028       0x29 /home/shoaib/bl_iot_sdk/customer_app/sdk_app_helloworld/build_out/hal_drv/libhal_drv.a(bl_gpio.o)
 .comment       0x0000000000000028       0x29 /home/shoaib/bl_iot_sdk/customer_app/sdk_app_helloworld/build_out/sdk_app_helloworld/libsdk_app_helloworld.a(freertos.o)
 .comment       0x0000000000000028       0x29 /home/shoaib/bl_iot_sdk/customer_app/sdk_app_helloworld/build_out/bl602_std/libbl602_std.a(bl602_uart.o)
 .comment       0x0000000000000028       0x29 /home/shoaib/bl_iot_sdk/customer_app/sdk_app_helloworld/build_out/bl602_std/libbl602_std.a(bl602_glb.o)
 .comment       0x0000000000000028       0x29 /home/shoaib/bl_iot_sdk/customer_app/sdk_app_helloworld/build_out/bl602_std/libbl602_std.a(bl602_hbn.o)
 .comment       0x0000000000000028       0x29 /home/shoaib/bl_iot_sdk/customer_app/sdk_app_helloworld/build_out/bl602_std/libbl602_std.a(bl602_romapi.o)
 .comment       0x0000000000000028       0x29 /home/shoaib/bl_iot_sdk/customer_app/sdk_app_helloworld/build_out/bltime/libbltime.a(bl_sys_time.o)
 .comment       0x0000000000000028       0x29 /home/shoaib/bl_iot_sdk/customer_app/sdk_app_helloworld/build_out/freertos_riscv_ram/libfreertos_riscv_ram.a(misaligned_ldst.o)
 .comment       0x0000000000000028       0x29 /home/shoaib/bl_iot_sdk/customer_app/sdk_app_helloworld/build_out/freertos_riscv_ram/libfreertos_riscv_ram.a(panic_c.o)
 .comment       0x0000000000000028       0x29 /home/shoaib/bl_iot_sdk/customer_app/sdk_app_helloworld/build_out/hal_drv/libhal_drv.a(bl_rtc.o)
 .comment       0x0000000000000028       0x29 /home/shoaib/bl_iot_sdk/toolchain/riscv/Linux/bin/../lib/gcc/riscv64-unknown-elf/8.3.0/../../../../riscv64-unknown-elf/lib/rv32imf/ilp32f/libm.a(lib_a-s_modf.o)
 .comment       0x0000000000000028       0x29 /home/shoaib/bl_iot_sdk/toolchain/riscv/Linux/bin/../lib/gcc/riscv64-unknown-elf/8.3.0/rv32imf/ilp32f/libgcc.a(_clzsi2.o)
 .comment       0x0000000000000028       0x29 /home/shoaib/bl_iot_sdk/toolchain/riscv/Linux/bin/../lib/gcc/riscv64-unknown-elf/8.3.0/rv32imf/ilp32f/libgcc.a(_udivdi3.o)
 .comment       0x0000000000000028       0x29 /home/shoaib/bl_iot_sdk/toolchain/riscv/Linux/bin/../lib/gcc/riscv64-unknown-elf/8.3.0/rv32imf/ilp32f/libgcc.a(_umoddi3.o)
 .comment       0x0000000000000028       0x29 /home/shoaib/bl_iot_sdk/toolchain/riscv/Linux/bin/../lib/gcc/riscv64-unknown-elf/8.3.0/rv32imf/ilp32f/libgcc.a(adddf3.o)
 .comment       0x0000000000000028       0x29 /home/shoaib/bl_iot_sdk/toolchain/riscv/Linux/bin/../lib/gcc/riscv64-unknown-elf/8.3.0/rv32imf/ilp32f/libgcc.a(divdf3.o)
 .comment       0x0000000000000028       0x29 /home/shoaib/bl_iot_sdk/toolchain/riscv/Linux/bin/../lib/gcc/riscv64-unknown-elf/8.3.0/rv32imf/ilp32f/libgcc.a(eqdf2.o)
 .comment       0x0000000000000028       0x29 /home/shoaib/bl_iot_sdk/toolchain/riscv/Linux/bin/../lib/gcc/riscv64-unknown-elf/8.3.0/rv32imf/ilp32f/libgcc.a(gedf2.o)
 .comment       0x0000000000000028       0x29 /home/shoaib/bl_iot_sdk/toolchain/riscv/Linux/bin/../lib/gcc/riscv64-unknown-elf/8.3.0/rv32imf/ilp32f/libgcc.a(ledf2.o)
 .comment       0x0000000000000028       0x29 /home/shoaib/bl_iot_sdk/toolchain/riscv/Linux/bin/../lib/gcc/riscv64-unknown-elf/8.3.0/rv32imf/ilp32f/libgcc.a(muldf3.o)
 .comment       0x0000000000000028       0x29 /home/shoaib/bl_iot_sdk/toolchain/riscv/Linux/bin/../lib/gcc/riscv64-unknown-elf/8.3.0/rv32imf/ilp32f/libgcc.a(subdf3.o)
 .comment       0x0000000000000028       0x29 /home/shoaib/bl_iot_sdk/toolchain/riscv/Linux/bin/../lib/gcc/riscv64-unknown-elf/8.3.0/rv32imf/ilp32f/libgcc.a(fixdfsi.o)
 .comment       0x0000000000000028       0x29 /home/shoaib/bl_iot_sdk/toolchain/riscv/Linux/bin/../lib/gcc/riscv64-unknown-elf/8.3.0/rv32imf/ilp32f/libgcc.a(_clz.o)
 .comment       0x0000000000000028       0x29 /home/shoaib/bl_iot_sdk/toolchain/riscv/Linux/bin/../lib/gcc/riscv64-unknown-elf/8.3.0/../../../../riscv64-unknown-elf/lib/rv32imf/ilp32f/libc.a(lib_a-memcpy.o)
 .comment       0x0000000000000028       0x29 /home/shoaib/bl_iot_sdk/toolchain/riscv/Linux/bin/../lib/gcc/riscv64-unknown-elf/8.3.0/../../../../riscv64-unknown-elf/lib/rv32imf/ilp32f/libc.a(lib_a-rand.o)
 .comment       0x0000000000000028       0x29 /home/shoaib/bl_iot_sdk/toolchain/riscv/Linux/bin/../lib/gcc/riscv64-unknown-elf/8.3.0/../../../../riscv64-unknown-elf/lib/rv32imf/ilp32f/libc.a(lib_a-strlen.o)
 .comment       0x0000000000000028       0x29 /home/shoaib/bl_iot_sdk/toolchain/riscv/Linux/bin/../lib/gcc/riscv64-unknown-elf/8.3.0/../../../../riscv64-unknown-elf/lib/rv32imf/ilp32f/libc.a(lib_a-strnlen.o)
 .comment       0x0000000000000028       0x29 /home/shoaib/bl_iot_sdk/toolchain/riscv/Linux/bin/../lib/gcc/riscv64-unknown-elf/8.3.0/../../../../riscv64-unknown-elf/lib/rv32imf/ilp32f/libc.a(lib_a-impure.o)

.debug_line     0x0000000000000000    0x2470a
 .debug_line    0x0000000000000000      0x222 /home/shoaib/bl_iot_sdk/customer_app/sdk_app_helloworld/build_out/bl602/libbl602.a(start.o)
 .debug_line    0x0000000000000222      0xd8a /home/shoaib/bl_iot_sdk/customer_app/sdk_app_helloworld/build_out/hal_drv/libhal_drv.a(hal_boot2.o)
 .debug_line    0x0000000000000fac      0x6bc /home/shoaib/bl_iot_sdk/customer_app/sdk_app_helloworld/build_out/sdk_app_helloworld/libsdk_app_helloworld.a(main.o)
 .debug_line    0x0000000000001668      0x40c /home/shoaib/bl_iot_sdk/customer_app/sdk_app_helloworld/build_out/sdk_app_helloworld/libsdk_app_helloworld.a(led.o)
 .debug_line    0x0000000000001a74     0x29e2 /home/shoaib/bl_iot_sdk/customer_app/sdk_app_helloworld/build_out/bl602/libbl602.a(debug.o)
 .debug_line    0x0000000000004456     0x5eb7 /home/shoaib/bl_iot_sdk/customer_app/sdk_app_helloworld/build_out/freertos_riscv_ram/libfreertos_riscv_ram.a(tasks.o)
 .debug_line    0x000000000000a30d     0x16f3 /home/shoaib/bl_iot_sdk/customer_app/sdk_app_helloworld/build_out/freertos_riscv_ram/libfreertos_riscv_ram.a(timers.o)
 .debug_line    0x000000000000ba00      0x311 /home/shoaib/bl_iot_sdk/customer_app/sdk_app_helloworld/build_out/freertos_riscv_ram/libfreertos_riscv_ram.a(port.o)
 .debug_line    0x000000000000bd11      0x4d6 /home/shoaib/bl_iot_sdk/customer_app/sdk_app_helloworld/build_out/freertos_riscv_ram/libfreertos_riscv_ram.a(portASM.o)
 .debug_line    0x000000000000c1e7      0xc6f /home/shoaib/bl_iot_sdk/customer_app/sdk_app_helloworld/build_out/freertos_riscv_ram/libfreertos_riscv_ram.a(heap_5.o)
 .debug_line    0x000000000000ce56      0x602 /home/shoaib/bl_iot_sdk/customer_app/sdk_app_helloworld/build_out/freertos_riscv_ram/libfreertos_riscv_ram.a(list.o)
 .debug_line    0x000000000000d458     0x32d5 /home/shoaib/bl_iot_sdk/customer_app/sdk_app_helloworld/build_out/freertos_riscv_ram/libfreertos_riscv_ram.a(queue.o)
 .debug_line    0x000000000001072d      0xeea /home/shoaib/bl_iot_sdk/customer_app/sdk_app_helloworld/build_out/hal_drv/libhal_drv.a(bl_uart.o)
 .debug_line    0x0000000000011617      0x536 /home/shoaib/bl_iot_sdk/customer_app/sdk_app_helloworld/build_out/hal_drv/libhal_drv.a(bl_sys.o)
 .debug_line    0x0000000000011b4d      0x965 /home/shoaib/bl_iot_sdk/customer_app/sdk_app_helloworld/build_out/hal_drv/libhal_drv.a(bl_irq.o)
 .debug_line    0x00000000000124b2      0x79d /home/shoaib/bl_iot_sdk/customer_app/sdk_app_helloworld/build_out/hal_drv/libhal_drv.a(bl_gpio.o)
 .debug_line    0x0000000000012c4f      0x453 /home/shoaib/bl_iot_sdk/customer_app/sdk_app_helloworld/build_out/sdk_app_helloworld/libsdk_app_helloworld.a(freertos.o)
 .debug_line    0x00000000000130a2     0x191b /home/shoaib/bl_iot_sdk/customer_app/sdk_app_helloworld/build_out/bl602_std/libbl602_std.a(bl602_uart.o)
 .debug_line    0x00000000000149bd     0x3a72 /home/shoaib/bl_iot_sdk/customer_app/sdk_app_helloworld/build_out/bl602_std/libbl602_std.a(bl602_glb.o)
 .debug_line    0x000000000001842f     0x2241 /home/shoaib/bl_iot_sdk/customer_app/sdk_app_helloworld/build_out/bl602_std/libbl602_std.a(bl602_hbn.o)
 .debug_line    0x000000000001a670     0x1984 /home/shoaib/bl_iot_sdk/customer_app/sdk_app_helloworld/build_out/bl602_std/libbl602_std.a(bl602_romapi.o)
 .debug_line    0x000000000001bff4      0x66e /home/shoaib/bl_iot_sdk/customer_app/sdk_app_helloworld/build_out/bltime/libbltime.a(bl_sys_time.o)
 .debug_line    0x000000000001c662      0xa30 /home/shoaib/bl_iot_sdk/customer_app/sdk_app_helloworld/build_out/freertos_riscv_ram/libfreertos_riscv_ram.a(misaligned_ldst.o)
 .debug_line    0x000000000001d092      0x1fa /home/shoaib/bl_iot_sdk/customer_app/sdk_app_helloworld/build_out/freertos_riscv_ram/libfreertos_riscv_ram.a(fp_asm.o)
 .debug_line    0x000000000001d28c      0x1d6 /home/shoaib/bl_iot_sdk/customer_app/sdk_app_helloworld/build_out/freertos_riscv_ram/libfreertos_riscv_ram.a(panic_c.o)
 .debug_line    0x000000000001d462      0x36d /home/shoaib/bl_iot_sdk/customer_app/sdk_app_helloworld/build_out/hal_drv/libhal_drv.a(bl_rtc.o)
 .debug_line    0x000000000001d7cf      0x3ba /home/shoaib/bl_iot_sdk/toolchain/riscv/Linux/bin/../lib/gcc/riscv64-unknown-elf/8.3.0/rv32imf/ilp32f/libgcc.a(_clzsi2.o)
 .debug_line    0x000000000001db89      0x9fc /home/shoaib/bl_iot_sdk/toolchain/riscv/Linux/bin/../lib/gcc/riscv64-unknown-elf/8.3.0/rv32imf/ilp32f/libgcc.a(_udivdi3.o)
 .debug_line    0x000000000001e585      0xaac /home/shoaib/bl_iot_sdk/toolchain/riscv/Linux/bin/../lib/gcc/riscv64-unknown-elf/8.3.0/rv32imf/ilp32f/libgcc.a(_umoddi3.o)
 .debug_line    0x000000000001f031     0x141d /home/shoaib/bl_iot_sdk/toolchain/riscv/Linux/bin/../lib/gcc/riscv64-unknown-elf/8.3.0/rv32imf/ilp32f/libgcc.a(adddf3.o)
 .debug_line    0x000000000002044e     0x10b7 /home/shoaib/bl_iot_sdk/toolchain/riscv/Linux/bin/../lib/gcc/riscv64-unknown-elf/8.3.0/rv32imf/ilp32f/libgcc.a(divdf3.o)
 .debug_line    0x0000000000021505      0x2d6 /home/shoaib/bl_iot_sdk/toolchain/riscv/Linux/bin/../lib/gcc/riscv64-unknown-elf/8.3.0/rv32imf/ilp32f/libgcc.a(eqdf2.o)
 .debug_line    0x00000000000217db      0x30f /home/shoaib/bl_iot_sdk/toolchain/riscv/Linux/bin/../lib/gcc/riscv64-unknown-elf/8.3.0/rv32imf/ilp32f/libgcc.a(gedf2.o)
 .debug_line    0x0000000000021aea      0x30f /home/shoaib/bl_iot_sdk/toolchain/riscv/Linux/bin/../lib/gcc/riscv64-unknown-elf/8.3.0/rv32imf/ilp32f/libgcc.a(ledf2.o)
 .debug_line    0x0000000000021df9      0xe85 /home/shoaib/bl_iot_sdk/toolchain/riscv/Linux/bin/../lib/gcc/riscv64-unknown-elf/8.3.0/rv32imf/ilp32f/libgcc.a(muldf3.o)
 .debug_line    0x0000000000022c7e     0x1477 /home/shoaib/bl_iot_sdk/toolchain/riscv/Linux/bin/../lib/gcc/riscv64-unknown-elf/8.3.0/rv32imf/ilp32f/libgcc.a(subdf3.o)
 .debug_line    0x00000000000240f5      0x2dd /home/shoaib/bl_iot_sdk/toolchain/riscv/Linux/bin/../lib/gcc/riscv64-unknown-elf/8.3.0/rv32imf/ilp32f/libgcc.a(fixdfsi.o)
 .debug_line    0x00000000000243d2      0x338 /home/shoaib/bl_iot_sdk/toolchain/riscv/Linux/bin/../lib/gcc/riscv64-unknown-elf/8.3.0/rv32imf/ilp32f/libgcc.a(_clz.o)

.debug_info     0x0000000000000000    0x2721c
 .debug_info    0x0000000000000000       0x26 /home/shoaib/bl_iot_sdk/customer_app/sdk_app_helloworld/build_out/bl602/libbl602.a(start.o)
 .debug_info    0x0000000000000026     0x14ed /home/shoaib/bl_iot_sdk/customer_app/sdk_app_helloworld/build_out/hal_drv/libhal_drv.a(hal_boot2.o)
 .debug_info    0x0000000000001513      0xecc /home/shoaib/bl_iot_sdk/customer_app/sdk_app_helloworld/build_out/sdk_app_helloworld/libsdk_app_helloworld.a(main.o)
 .debug_info    0x00000000000023df      0xb04 /home/shoaib/bl_iot_sdk/customer_app/sdk_app_helloworld/build_out/sdk_app_helloworld/libsdk_app_helloworld.a(led.o)
 .debug_info    0x0000000000002ee3     0x183d /home/shoaib/bl_iot_sdk/customer_app/sdk_app_helloworld/build_out/bl602/libbl602.a(debug.o)
 .debug_info    0x0000000000004720     0x3c7d /home/shoaib/bl_iot_sdk/customer_app/sdk_app_helloworld/build_out/freertos_riscv_ram/libfreertos_riscv_ram.a(tasks.o)
 .debug_info    0x000000000000839d     0x21b2 /home/shoaib/bl_iot_sdk/customer_app/sdk_app_helloworld/build_out/freertos_riscv_ram/libfreertos_riscv_ram.a(timers.o)
 .debug_info    0x000000000000a54f      0x292 /home/shoaib/bl_iot_sdk/customer_app/sdk_app_helloworld/build_out/freertos_riscv_ram/libfreertos_riscv_ram.a(port.o)
 .debug_info    0x000000000000a7e1       0x26 /home/shoaib/bl_iot_sdk/customer_app/sdk_app_helloworld/build_out/freertos_riscv_ram/libfreertos_riscv_ram.a(portASM.o)
 .debug_info    0x000000000000a807      0xd91 /home/shoaib/bl_iot_sdk/customer_app/sdk_app_helloworld/build_out/freertos_riscv_ram/libfreertos_riscv_ram.a(heap_5.o)
 .debug_info    0x000000000000b598      0xb7f /home/shoaib/bl_iot_sdk/customer_app/sdk_app_helloworld/build_out/freertos_riscv_ram/libfreertos_riscv_ram.a(list.o)
 .debug_info    0x000000000000c117     0x2a58 /home/shoaib/bl_iot_sdk/customer_app/sdk_app_helloworld/build_out/freertos_riscv_ram/libfreertos_riscv_ram.a(queue.o)
 .debug_info    0x000000000000eb6f     0x198e /home/shoaib/bl_iot_sdk/customer_app/sdk_app_helloworld/build_out/hal_drv/libhal_drv.a(bl_uart.o)
 .debug_info    0x00000000000104fd      0xbce /home/shoaib/bl_iot_sdk/customer_app/sdk_app_helloworld/build_out/hal_drv/libhal_drv.a(bl_sys.o)
 .debug_info    0x00000000000110cb      0xef7 /home/shoaib/bl_iot_sdk/customer_app/sdk_app_helloworld/build_out/hal_drv/libhal_drv.a(bl_irq.o)
 .debug_info    0x0000000000011fc2     0x11f9 /home/shoaib/bl_iot_sdk/customer_app/sdk_app_helloworld/build_out/hal_drv/libhal_drv.a(bl_gpio.o)
 .debug_info    0x00000000000131bb      0xcbf /home/shoaib/bl_iot_sdk/customer_app/sdk_app_helloworld/build_out/sdk_app_helloworld/libsdk_app_helloworld.a(freertos.o)
 .debug_info    0x0000000000013e7a     0x1929 /home/shoaib/bl_iot_sdk/customer_app/sdk_app_helloworld/build_out/bl602_std/libbl602_std.a(bl602_uart.o)
 .debug_info    0x00000000000157a3     0x29ed /home/shoaib/bl_iot_sdk/customer_app/sdk_app_helloworld/build_out/bl602_std/libbl602_std.a(bl602_glb.o)
 .debug_info    0x0000000000018190     0x2302 /home/shoaib/bl_iot_sdk/customer_app/sdk_app_helloworld/build_out/bl602_std/libbl602_std.a(bl602_hbn.o)
 .debug_info    0x000000000001a492     0x452e /home/shoaib/bl_iot_sdk/customer_app/sdk_app_helloworld/build_out/bl602_std/libbl602_std.a(bl602_romapi.o)
 .debug_info    0x000000000001e9c0      0xc0b /home/shoaib/bl_iot_sdk/customer_app/sdk_app_helloworld/build_out/bltime/libbltime.a(bl_sys_time.o)
 .debug_info    0x000000000001f5cb      0x752 /home/shoaib/bl_iot_sdk/customer_app/sdk_app_helloworld/build_out/freertos_riscv_ram/libfreertos_riscv_ram.a(misaligned_ldst.o)
 .debug_info    0x000000000001fd1d       0x26 /home/shoaib/bl_iot_sdk/customer_app/sdk_app_helloworld/build_out/freertos_riscv_ram/libfreertos_riscv_ram.a(fp_asm.o)
 .debug_info    0x000000000001fd43      0x97c /home/shoaib/bl_iot_sdk/customer_app/sdk_app_helloworld/build_out/freertos_riscv_ram/libfreertos_riscv_ram.a(panic_c.o)
 .debug_info    0x00000000000206bf      0xa76 /home/shoaib/bl_iot_sdk/customer_app/sdk_app_helloworld/build_out/hal_drv/libhal_drv.a(bl_rtc.o)
 .debug_info    0x0000000000021135      0xbd7 /home/shoaib/bl_iot_sdk/toolchain/riscv/Linux/bin/../lib/gcc/riscv64-unknown-elf/8.3.0/rv32imf/ilp32f/libgcc.a(_clzsi2.o)
 .debug_info    0x0000000000021d0c     0x1245 /home/shoaib/bl_iot_sdk/toolchain/riscv/Linux/bin/../lib/gcc/riscv64-unknown-elf/8.3.0/rv32imf/ilp32f/libgcc.a(_udivdi3.o)
 .debug_info    0x0000000000022f51     0x12a3 /home/shoaib/bl_iot_sdk/toolchain/riscv/Linux/bin/../lib/gcc/riscv64-unknown-elf/8.3.0/rv32imf/ilp32f/libgcc.a(_umoddi3.o)
 .debug_info    0x00000000000241f4      0x5f2 /home/shoaib/bl_iot_sdk/toolchain/riscv/Linux/bin/../lib/gcc/riscv64-unknown-elf/8.3.0/rv32imf/ilp32f/libgcc.a(adddf3.o)
 .debug_info    0x00000000000247e6      0x773 /home/shoaib/bl_iot_sdk/toolchain/riscv/Linux/bin/../lib/gcc/riscv64-unknown-elf/8.3.0/rv32imf/ilp32f/libgcc.a(divdf3.o)
 .debug_info    0x0000000000024f59      0x29e /home/shoaib/bl_iot_sdk/toolchain/riscv/Linux/bin/../lib/gcc/riscv64-unknown-elf/8.3.0/rv32imf/ilp32f/libgcc.a(eqdf2.o)
 .debug_info    0x00000000000251f7      0x285 /home/shoaib/bl_iot_sdk/toolchain/riscv/Linux/bin/../lib/gcc/riscv64-unknown-elf/8.3.0/rv32imf/ilp32f/libgcc.a(gedf2.o)
 .debug_info    0x000000000002547c      0x285 /home/shoaib/bl_iot_sdk/toolchain/riscv/Linux/bin/../lib/gcc/riscv64-unknown-elf/8.3.0/rv32imf/ilp32f/libgcc.a(ledf2.o)
 .debug_info    0x0000000000025701      0x7ab /home/shoaib/bl_iot_sdk/toolchain/riscv/Linux/bin/../lib/gcc/riscv64-unknown-elf/8.3.0/rv32imf/ilp32f/libgcc.a(muldf3.o)
 .debug_info    0x0000000000025eac      0x5ec /home/shoaib/bl_iot_sdk/toolchain/riscv/Linux/bin/../lib/gcc/riscv64-unknown-elf/8.3.0/rv32imf/ilp32f/libgcc.a(subdf3.o)
 .debug_info    0x0000000000026498      0x21a /home/shoaib/bl_iot_sdk/toolchain/riscv/Linux/bin/../lib/gcc/riscv64-unknown-elf/8.3.0/rv32imf/ilp32f/libgcc.a(fixdfsi.o)
 .debug_info    0x00000000000266b2      0xb6a /home/shoaib/bl_iot_sdk/toolchain/riscv/Linux/bin/../lib/gcc/riscv64-unknown-elf/8.3.0/rv32imf/ilp32f/libgcc.a(_clz.o)

.debug_abbrev   0x0000000000000000     0x622e
 .debug_abbrev  0x0000000000000000       0x14 /home/shoaib/bl_iot_sdk/customer_app/sdk_app_helloworld/build_out/bl602/libbl602.a(start.o)
 .debug_abbrev  0x0000000000000014      0x3bb /home/shoaib/bl_iot_sdk/customer_app/sdk_app_helloworld/build_out/hal_drv/libhal_drv.a(hal_boot2.o)
 .debug_abbrev  0x00000000000003cf      0x2eb /home/shoaib/bl_iot_sdk/customer_app/sdk_app_helloworld/build_out/sdk_app_helloworld/libsdk_app_helloworld.a(main.o)
 .debug_abbrev  0x00000000000006ba      0x23d /home/shoaib/bl_iot_sdk/customer_app/sdk_app_helloworld/build_out/sdk_app_helloworld/libsdk_app_helloworld.a(led.o)
 .debug_abbrev  0x00000000000008f7      0x4e5 /home/shoaib/bl_iot_sdk/customer_app/sdk_app_helloworld/build_out/bl602/libbl602.a(debug.o)