Archive member included to satisfy reference by file (symbol)

/home/shoaib/bl_iot_sdk/customer_app/sdk_app_helloworld/build_out/bl602/libbl602.a(start.o)
                              (bl602_start)
/home/shoaib/bl_iot_sdk/customer_app/sdk_app_helloworld/build_out/hal_drv/libhal_drv.a(hal_boot2.o)
                              /home/shoaib/bl_iot_sdk/customer_app/sdk_app_helloworld/build_out/bl602/libbl602.a(start.o) (hal_boot2_get_flash_addr)
/home/shoaib/bl_iot_sdk/customer_app/sdk_app_helloworld/build_out/hal_drv/libhal_drv.a(bl_boot2.o)
                              /home/shoaib/bl_iot_sdk/customer_app/sdk_app_helloworld/build_out/hal_drv/libhal_drv.a(hal_boot2.o) (PtTable_Update_Entry)
/home/shoaib/bl_iot_sdk/customer_app/sdk_app_helloworld/build_out/hal_drv/libhal_drv.a(bl_flash.o)
                              /home/shoaib/bl_iot_sdk/customer_app/sdk_app_helloworld/build_out/hal_drv/libhal_drv.a(bl_boot2.o) (bl_flash_erase)
/home/shoaib/bl_iot_sdk/customer_app/sdk_app_helloworld/build_out/sdk_app_helloworld/libsdk_app_helloworld.a(main.o)
                              /home/shoaib/bl_iot_sdk/customer_app/sdk_app_helloworld/build_out/bl602/libbl602.a(start.o) (bfl_main)
/home/shoaib/bl_iot_sdk/customer_app/sdk_app_helloworld/build_out/bl602/libbl602.a(debug.o)
                              /home/shoaib/bl_iot_sdk/customer_app/sdk_app_helloworld/build_out/sdk_app_helloworld/libsdk_app_helloworld.a(main.o) (printf)
/home/shoaib/bl_iot_sdk/customer_app/sdk_app_helloworld/build_out/bl602_std/libbl602_std.a(softcrc.o)
                              /home/shoaib/bl_iot_sdk/customer_app/sdk_app_helloworld/build_out/hal_drv/libhal_drv.a(bl_boot2.o) (BFLB_Soft_CRC32)
/home/shoaib/bl_iot_sdk/customer_app/sdk_app_helloworld/build_out/hal_drv/libhal_drv.a(bl_uart.o)
                              /home/shoaib/bl_iot_sdk/customer_app/sdk_app_helloworld/build_out/sdk_app_helloworld/libsdk_app_helloworld.a(main.o) (bl_uart_init)
/home/shoaib/bl_iot_sdk/customer_app/sdk_app_helloworld/build_out/hal_drv/libhal_drv.a(bl_sys.o)
                              /home/shoaib/bl_iot_sdk/customer_app/sdk_app_helloworld/build_out/bl602/libbl602.a(debug.o) (sys_log_all_enable)
/home/shoaib/bl_iot_sdk/customer_app/sdk_app_helloworld/build_out/hal_drv/libhal_drv.a(bl_irq.o)
                              /home/shoaib/bl_iot_sdk/customer_app/sdk_app_helloworld/build_out/hal_drv/libhal_drv.a(bl_uart.o) (bl_irq_enable)
/home/shoaib/bl_iot_sdk/customer_app/sdk_app_helloworld/build_out/hal_drv/libhal_drv.a(bl_timer.o)
                              /home/shoaib/bl_iot_sdk/customer_app/sdk_app_helloworld/build_out/sdk_app_helloworld/libsdk_app_helloworld.a(main.o) (bl_timer_delay_us)
/home/shoaib/bl_iot_sdk/customer_app/sdk_app_helloworld/build_out/hal_drv/libhal_drv.a(bl_gpio.o)
                              /home/shoaib/bl_iot_sdk/customer_app/sdk_app_helloworld/build_out/sdk_app_helloworld/libsdk_app_helloworld.a(main.o) (bl_gpio_enable_output)
/home/shoaib/bl_iot_sdk/customer_app/sdk_app_helloworld/build_out/bl602_std/libbl602_std.a(bl602_uart.o)
                              /home/shoaib/bl_iot_sdk/customer_app/sdk_app_helloworld/build_out/hal_drv/libhal_drv.a(bl_uart.o) (UART_Init)
/home/shoaib/bl_iot_sdk/customer_app/sdk_app_helloworld/build_out/bl602_std/libbl602_std.a(bl602_glb.o)
                              /home/shoaib/bl_iot_sdk/customer_app/sdk_app_helloworld/build_out/hal_drv/libhal_drv.a(bl_uart.o) (GLB_Set_UART_CLK)
/home/shoaib/bl_iot_sdk/customer_app/sdk_app_helloworld/build_out/bl602_std/libbl602_std.a(bl602_hbn.o)
                              /home/shoaib/bl_iot_sdk/customer_app/sdk_app_helloworld/build_out/bl602_std/libbl602_std.a(bl602_glb.o) (HBN_Set_UART_CLK_Sel)
/home/shoaib/bl_iot_sdk/customer_app/sdk_app_helloworld/build_out/bl602_std/libbl602_std.a(bl602_timer.o)
                              /home/shoaib/bl_iot_sdk/customer_app/sdk_app_helloworld/build_out/hal_drv/libhal_drv.a(bl_timer.o) (TIMER_ClearIntStatus)
/home/shoaib/bl_iot_sdk/customer_app/sdk_app_helloworld/build_out/bl602_std/libbl602_std.a(bl602_aon.o)
                              /home/shoaib/bl_iot_sdk/customer_app/sdk_app_helloworld/build_out/bl602_std/libbl602_std.a(bl602_glb.o) (AON_Power_On_XTAL)
/home/shoaib/bl_iot_sdk/customer_app/sdk_app_helloworld/build_out/bl602_std/libbl602_std.a(bl602_pds.o)
                              /home/shoaib/bl_iot_sdk/customer_app/sdk_app_helloworld/build_out/bl602_std/libbl602_std.a(bl602_glb.o) (PDS_Enable_PLL_All_Clks)
/home/shoaib/bl_iot_sdk/customer_app/sdk_app_helloworld/build_out/bl602_std/libbl602_std.a(bl602_l1c.o)
                              /home/shoaib/bl_iot_sdk/customer_app/sdk_app_helloworld/build_out/bl602_std/libbl602_std.a(bl602_glb.o) (L1C_IROM_2T_Access_Set)
/home/shoaib/bl_iot_sdk/customer_app/sdk_app_helloworld/build_out/bl602_std/libbl602_std.a(bl602_ef_ctrl.o)
[...]
Memory Configuration

Name             Origin             Length             Attributes
rom              0x0000000021015000 0x000000000000b000 axrl !w
flash            0x0000000023000000 0x0000000000400000 axrl !w
ram_tcm          0x000000004200c000 0x0000000000024000 axw
ram_wifi         0x0000000042030000 0x000000000001a000 axw
*default*        0x0000000000000000 0xffffffffffffffff

Linker script and memory map

START GROUP
LOAD /home/shoaib/bl_iot_sdk/customer_app/sdk_app_helloworld/build_out/bl602/libbl602.a
LOAD /home/shoaib/bl_iot_sdk/customer_app/sdk_app_helloworld/build_out/bl602_std/libbl602_std.a
LOAD /home/shoaib/bl_iot_sdk/customer_app/sdk_app_helloworld/build_out/blfdt/libblfdt.a
LOAD /home/shoaib/bl_iot_sdk/customer_app/sdk_app_helloworld/build_out/blmtd/libblmtd.a
LOAD /home/shoaib/bl_iot_sdk/customer_app/sdk_app_helloworld/build_out/blog/libblog.a
LOAD /home/shoaib/bl_iot_sdk/customer_app/sdk_app_helloworld/build_out/blog_testc/libblog_testc.a
LOAD /home/shoaib/bl_iot_sdk/customer_app/sdk_app_helloworld/build_out/bloop/libbloop.a
LOAD /home/shoaib/bl_iot_sdk/customer_app/sdk_app_helloworld/build_out/bltime/libbltime.a
LOAD /home/shoaib/bl_iot_sdk/customer_app/sdk_app_helloworld/build_out/cli/libcli.a
LOAD /home/shoaib/bl_iot_sdk/customer_app/sdk_app_helloworld/build_out/freertos_riscv_ram/libfreertos_riscv_ram.a
LOAD /home/shoaib/bl_iot_sdk/customer_app/sdk_app_helloworld/build_out/hal_drv/libhal_drv.a
LOAD /home/shoaib/bl_iot_sdk/customer_app/sdk_app_helloworld/build_out/looprt/liblooprt.a
LOAD /home/shoaib/bl_iot_sdk/customer_app/sdk_app_helloworld/build_out/loopset/libloopset.a
LOAD /home/shoaib/bl_iot_sdk/customer_app/sdk_app_helloworld/build_out/romfs/libromfs.a
LOAD /home/shoaib/bl_iot_sdk/customer_app/sdk_app_helloworld/build_out/sdk_app_helloworld/libsdk_app_helloworld.a
LOAD /home/shoaib/bl_iot_sdk/customer_app/sdk_app_helloworld/build_out/utils/libutils.a
LOAD /home/shoaib/bl_iot_sdk/customer_app/sdk_app_helloworld/build_out/vfs/libvfs.a
LOAD /home/shoaib/bl_iot_sdk/customer_app/sdk_app_helloworld/build_out/yloop/libyloop.a
END GROUP
LOAD /home/shoaib/bl_iot_sdk/toolchain/riscv/Linux/bin/../lib/gcc/riscv64-unknown-elf/8.3.0/../../../../riscv64-unknown-elf/lib/rv32imf/ilp32f/libm.a
LOAD /home/shoaib/bl_iot_sdk/toolchain/riscv/Linux/bin/../lib/gcc/riscv64-unknown-elf/8.3.0/rv32imf/ilp32f/libgcc.a
START GROUP
LOAD /home/shoaib/bl_iot_sdk/toolchain/riscv/Linux/bin/../lib/gcc/riscv64-unknown-elf/8.3.0/../../../../riscv64-unknown-elf/lib/rv32imf/ilp32f/libc.a
LOAD /home/shoaib/bl_iot_sdk/toolchain/riscv/Linux/bin/../lib/gcc/riscv64-unknown-elf/8.3.0/../../../../riscv64-unknown-elf/lib/rv32imf/ilp32f/libgloss.a
END GROUP
LOAD /home/shoaib/bl_iot_sdk/toolchain/riscv/Linux/bin/../lib/gcc/riscv64-unknown-elf/8.3.0/rv32imf/ilp32f/libgcc.a
                0x0000000000000000                __EM_SIZE = DEFINED (ble_controller_init)?0x2000:0x0
                0x0000000000000800                __stack_size = DEFINED (__stack_size)?__stack_size:0x800
                0x0000000042049c00                BOOT2_PT_ADDR = 0x42049c00
                0x0000000042049c18                BOOT2_FLASHCFG_ADDR = 0x42049c18

.init           0x0000000023000000      0x11c
 *(SORT_NONE(.init))
 .init          0x0000000023000000      0x11c /home/shoaib/bl_iot_sdk/customer_app/sdk_app_helloworld/build_out/bl602/libbl602.a(start.o)
                0x0000000023000000                bl602_start

.text           0x000000002300011c     0x4e0c
 *(.text.unlikely .text.unlikely.*)
 *(.text.startup .text.startup.*)
 *(.text .text.*)
 .text.hal_boot2_get_flash_addr
                0x000000002300011c       0x18 /home/shoaib/bl_iot_sdk/customer_app/sdk_app_helloworld/build_out/hal_drv/libhal_drv.a(hal_boot2.o)
                0x000000002300011c                hal_boot2_get_flash_addr
 .text.DHT_Start
                0x0000000023000134       0x48 /home/shoaib/bl_iot_sdk/customer_app/sdk_app_helloworld/build_out/sdk_app_helloworld/libsdk_app_helloworld.a(main.o)
                0x0000000023000134                DHT_Start
 .text.DHT_Check_Response
                0x000000002300017c       0x4a /home/shoaib/bl_iot_sdk/customer_app/sdk_app_helloworld/build_out/sdk_app_helloworld/libsdk_app_helloworld.a(main.o)
                0x000000002300017c                DHT_Check_Response
 .text.DHT_Read
                0x00000000230001c6       0x6e /home/shoaib/bl_iot_sdk/customer_app/sdk_app_helloworld/build_out/sdk_app_helloworld/libsdk_app_helloworld.a(main.o)
                0x00000000230001c6                DHT_Read
 .text.DHT_GetData
                0x0000000023000234       0x8e /home/shoaib/bl_iot_sdk/customer_app/sdk_app_helloworld/build_out/sdk_app_helloworld/libsdk_app_helloworld.a(main.o)
                0x0000000023000234                DHT_GetData
 .text.GPIO_Init
                0x00000000230002c2       0x30 /home/shoaib/bl_iot_sdk/customer_app/sdk_app_helloworld/build_out/sdk_app_helloworld/libsdk_app_helloworld.a(main.o)
                0x00000000230002c2                GPIO_Init
 .text.LED_Blink
                0x00000000230002f2       0x2e /home/shoaib/bl_iot_sdk/customer_app/sdk_app_helloworld/build_out/sdk_app_helloworld/libsdk_app_helloworld.a(main.o)
                0x00000000230002f2                LED_Blink
 .text.Clap_Detected
                0x0000000023000320       0x28 /home/shoaib/bl_iot_sdk/customer_app/sdk_app_helloworld/build_out/sdk_app_helloworld/libsdk_app_helloworld.a(main.o)
                0x0000000023000320                Clap_Detected
 .text.Task_TempHumidity
                0x0000000023000348      0x120 /home/shoaib/bl_iot_sdk/customer_app/sdk_app_helloworld/build_out/sdk_app_helloworld/libsdk_app_helloworld.a(main.o)
                0x0000000023000348                Task_TempHumidity
 .text.Task_ClapDetection
                0x0000000023000468       0x60 /home/shoaib/bl_iot_sdk/customer_app/sdk_app_helloworld/build_out/sdk_app_helloworld/libsdk_app_helloworld.a(main.o)
                0x0000000023000468                Task_ClapDetection
 .text.bfl_main
                0x00000000230004c8       0x38 /home/shoaib/bl_iot_sdk/customer_app/sdk_app_helloworld/build_out/sdk_app_helloworld/libsdk_app_helloworld.a(main.o)
                0x00000000230004c8                bfl_main
 .text.format_int
                0x0000000023000500      0x25a /home/shoaib/bl_iot_sdk/customer_app/sdk_app_helloworld/build_out/bl602/libbl602.a(debug.o)
 .text.cvt      0x000000002300075a      0x23a /home/shoaib/bl_iot_sdk/customer_app/sdk_app_helloworld/build_out/bl602/libbl602.a(debug.o)
 .text.ecvtbuf  0x0000000023000994        0x4 /home/shoaib/bl_iot_sdk/customer_app/sdk_app_helloworld/build_out/bl602/libbl602.a(debug.o)
                0x0000000023000994                ecvtbuf
 .text.fcvtbuf  0x0000000023000998        0x4 /home/shoaib/bl_iot_sdk/customer_app/sdk_app_helloworld/build_out/bl602/libbl602.a(debug.o)
                0x0000000023000998                fcvtbuf
 .text.flt      0x000000002300099c      0x436 /home/shoaib/bl_iot_sdk/customer_app/sdk_app_helloworld/build_out/bl602/libbl602.a(debug.o)
 .text.vsnprintf
                0x0000000023000dd2      0x4d2 /home/shoaib/bl_iot_sdk/customer_app/sdk_app_helloworld/build_out/bl602/libbl602.a(debug.o)
                0x0000000023000dd2                vsnprintf
 .text.vsprintf
                0x00000000230012a4        0xa /home/shoaib/bl_iot_sdk/customer_app/sdk_app_helloworld/build_out/bl602/libbl602.a(debug.o)
                0x00000000230012a4                vsprintf
 .text.vprint   0x00000000230012ae       0x3a /home/shoaib/bl_iot_sdk/customer_app/sdk_app_helloworld/build_out/bl602/libbl602.a(debug.o)
                0x00000000230012ae                vprint
 .text.printf   0x00000000230012e8       0x2a /home/shoaib/bl_iot_sdk/customer_app/sdk_app_helloworld/build_out/bl602/libbl602.a(debug.o)
                0x00000000230012e8                printf
 .text.bl_uart_init
                0x0000000023001312       0xd6 /home/shoaib/bl_iot_sdk/customer_app/sdk_app_helloworld/build_out/hal_drv/libhal_drv.a(bl_uart.o)
                0x0000000023001312                bl_uart_init
 .text.bl_uart_data_send
                0x00000000230013e8       0x34 /home/shoaib/bl_iot_sdk/customer_app/sdk_app_helloworld/build_out/hal_drv/libhal_drv.a(bl_uart.o)
                0x00000000230013e8                bl_uart_data_send
 .text.bl_timer_delay_us
                0x000000002300141c       0x1e /home/shoaib/bl_iot_sdk/customer_app/sdk_app_helloworld/build_out/hal_drv/libhal_drv.a(bl_timer.o)
                0x000000002300141c                bl_timer_delay_us
 .text.bl_gpio_enable_output
                0x000000002300143a       0x44 /home/shoaib/bl_iot_sdk/customer_app/sdk_app_helloworld/build_out/hal_drv/libhal_drv.a(bl_gpio.o)
                0x000000002300143a                bl_gpio_enable_output
 .text.bl_gpio_enable_input
                0x000000002300147e       0x42 /home/shoaib/bl_iot_sdk/customer_app/sdk_app_helloworld/build_out/hal_drv/libhal_drv.a(bl_gpio.o)
                0x000000002300147e                bl_gpio_enable_input
 .text.bl_gpio_output_set
                0x00000000230014c0       0x12 /home/shoaib/bl_iot_sdk/customer_app/sdk_app_helloworld/build_out/hal_drv/libhal_drv.a(bl_gpio.o)
                0x00000000230014c0                bl_gpio_output_set
 .text.bl_gpio_input_get_value
                0x00000000230014d2        0x2 /home/shoaib/bl_iot_sdk/customer_app/sdk_app_helloworld/build_out/hal_drv/libhal_drv.a(bl_gpio.o)
                0x00000000230014d2                bl_gpio_input_get_value
 .text.UART_Init
                0x00000000230014d4       0xf4 /home/shoaib/bl_iot_sdk/customer_app/sdk_app_helloworld/build_out/bl602_std/libbl602_std.a(bl602_uart.o)
                0x00000000230014d4                UART_Init
 .text.UART_FifoConfig
                0x00000000230015c8       0x6a /home/shoaib/bl_iot_sdk/customer_app/sdk_app_helloworld/build_out/bl602_std/libbl602_std.a(bl602_uart.o)
                0x00000000230015c8                UART_FifoConfig
 .text.UART_Enable
                0x0000000023001632       0x34 /home/shoaib/bl_iot_sdk/customer_app/sdk_app_helloworld/build_out/bl602_std/libbl602_std.a(bl602_uart.o)
                0x0000000023001632                UART_Enable
 .text.UART_Disable
                0x0000000023001666       0x30 /home/shoaib/bl_iot_sdk/customer_app/sdk_app_helloworld/build_out/bl602_std/libbl602_std.a(bl602_uart.o)
                0x0000000023001666                UART_Disable
 .text.UART_TxFreeRun
                0x0000000023001696       0x24 /home/shoaib/bl_iot_sdk/customer_app/sdk_app_helloworld/build_out/bl602_std/libbl602_std.a(bl602_uart.o)
                0x0000000023001696                UART_TxFreeRun
 .text.UART_IntMask
                0x00000000230016ba       0x3e /home/shoaib/bl_iot_sdk/customer_app/sdk_app_helloworld/build_out/bl602_std/libbl602_std.a(bl602_uart.o)
                0x00000000230016ba                UART_IntMask
 .text.UART_GetTxFifoCount
                0x00000000230016f8       0x18 /home/shoaib/bl_iot_sdk/customer_app/sdk_app_helloworld/build_out/bl602_std/libbl602_std.a(bl602_uart.o)
                0x00000000230016f8                UART_GetTxFifoCount
 .text.GLB_Set_UART_CLK
                0x0000000023001710       0x3e /home/shoaib/bl_iot_sdk/customer_app/sdk_app_helloworld/build_out/bl602_std/libbl602_std.a(bl602_glb.o)
                0x0000000023001710                GLB_Set_UART_CLK
 .text.GLB_UART_Fun_Sel
                0x000000002300174e       0x24 /home/shoaib/bl_iot_sdk/customer_app/sdk_app_helloworld/build_out/bl602_std/libbl602_std.a(bl602_glb.o)
                0x000000002300174e                GLB_UART_Fun_Sel
 .text.GLB_GPIO_Write
                0x0000000023001772       0x2a /home/shoaib/bl_iot_sdk/customer_app/sdk_app_helloworld/build_out/bl602_std/libbl602_std.a(bl602_glb.o)
                0x0000000023001772                GLB_GPIO_Write
 .text.GLB_GPIO_Read
                0x000000002300179c       0x20 /home/shoaib/bl_iot_sdk/customer_app/sdk_app_helloworld/build_out/bl602_std/libbl602_std.a(bl602_glb.o)
                0x000000002300179c                GLB_GPIO_Read
 .text.HBN_Set_UART_CLK_Sel
                0x00000000230017bc       0x12 /home/shoaib/bl_iot_sdk/customer_app/sdk_app_helloworld/build_out/bl602_std/libbl602_std.a(bl602_hbn.o)
                0x00000000230017bc                HBN_Set_UART_CLK_Sel
 *fill*         0x00000000230017ce        0x2 
 .text          0x00000000230017d0       0xf4 /home/shoaib/bl_iot_sdk/toolchain/riscv/Linux/bin/../lib/gcc/riscv64-unknown-elf/8.3.0/../../../../riscv64-unknown-elf/lib/rv32imf/ilp32f/libm.a(lib_a-s_modf.o)
                0x00000000230017d0                modf
 .text          0x00000000230018c4       0x4c /home/shoaib/bl_iot_sdk/toolchain/riscv/Linux/bin/../lib/gcc/riscv64-unknown-elf/8.3.0/rv32imf/ilp32f/libgcc.a(_clzsi2.o)
                0x00000000230018c4                __clzsi2
 .text          0x0000000023001910      0x434 /home/shoaib/bl_iot_sdk/toolchain/riscv/Linux/bin/../lib/gcc/riscv64-unknown-elf/8.3.0/rv32imf/ilp32f/libgcc.a(_udivdi3.o)
                0x0000000023001910                __udivdi3
 .text          0x0000000023001d44      0x410 /home/shoaib/bl_iot_sdk/toolchain/riscv/Linux/bin/../lib/gcc/riscv64-unknown-elf/8.3.0/rv32imf/ilp32f/libgcc.a(_umoddi3.o)
                0x0000000023001d44                __umoddi3
 .text          0x0000000023002154      0xb50 /home/shoaib/bl_iot_sdk/toolchain/riscv/Linux/bin/../lib/gcc/riscv64-unknown-elf/8.3.0/rv32imf/ilp32f/libgcc.a(adddf3.o)
                0x0000000023002154                __adddf3
 .text          0x0000000023002ca4      0x8ac /home/shoaib/bl_iot_sdk/toolchain/riscv/Linux/bin/../lib/gcc/riscv64-unknown-elf/8.3.0/rv32imf/ilp32f/libgcc.a(divdf3.o)
                0x0000000023002ca4                __divdf3
 .text          0x0000000023003550       0xc8 /home/shoaib/bl_iot_sdk/toolchain/riscv/Linux/bin/../lib/gcc/riscv64-unknown-elf/8.3.0/rv32imf/ilp32f/libgcc.a(eqdf2.o)
                0x0000000023003550                __eqdf2
                0x0000000023003550                __nedf2
 .text          0x0000000023003618       0xec /home/shoaib/bl_iot_sdk/toolchain/riscv/Linux/bin/../lib/gcc/riscv64-unknown-elf/8.3.0/rv32imf/ilp32f/libgcc.a(gedf2.o)
                0x0000000023003618                __gtdf2
                0x0000000023003618                __gedf2
 .text          0x0000000023003704       0xec /home/shoaib/bl_iot_sdk/toolchain/riscv/Linux/bin/../lib/gcc/riscv64-unknown-elf/8.3.0/rv32imf/ilp32f/libgcc.a(ledf2.o)
                0x0000000023003704                __ltdf2
                0x0000000023003704                __ledf2
 .text          0x00000000230037f0      0x79c /home/shoaib/bl_iot_sdk/toolchain/riscv/Linux/bin/../lib/gcc/riscv64-unknown-elf/8.3.0/rv32imf/ilp32f/libgcc.a(muldf3.o)
                0x00000000230037f0                __muldf3
 .text          0x0000000023003f8c      0xb38 /home/shoaib/bl_iot_sdk/toolchain/riscv/Linux/bin/../lib/gcc/riscv64-unknown-elf/8.3.0/rv32imf/ilp32f/libgcc.a(subdf3.o)
                0x0000000023003f8c                __subdf3
 .text          0x0000000023004ac4       0xfc /home/shoaib/bl_iot_sdk/toolchain/riscv/Linux/bin/../lib/gcc/riscv64-unknown-elf/8.3.0/rv32imf/ilp32f/libgcc.a(fixdfsi.o)
                0x0000000023004ac4                __fixdfsi
 .text          0x0000000023004bc0      0x110 /home/shoaib/bl_iot_sdk/toolchain/riscv/Linux/bin/../lib/gcc/riscv64-unknown-elf/8.3.0/rv32imf/ilp32f/libgcc.a(extendsfdf2.o)
                0x0000000023004bc0                __extendsfdf2
 .text          0x0000000023004cd0      0x11c /home/shoaib/bl_iot_sdk/toolchain/riscv/Linux/bin/../lib/gcc/riscv64-unknown-elf/8.3.0/../../../../riscv64-unknown-elf/lib/rv32imf/ilp32f/libc.a(lib_a-memcpy.o)
                0x0000000023004cd0                memcpy
 .text          0x0000000023004dec       0x6c /home/shoaib/bl_iot_sdk/toolchain/riscv/Linux/bin/../lib/gcc/riscv64-unknown-elf/8.3.0/../../../../riscv64-unknown-elf/lib/rv32imf/ilp32f/libc.a(lib_a-rand.o)
                0x0000000023004dec                srand
                0x0000000023004e00                rand
 .text          0x0000000023004e58       0x8c /home/shoaib/bl_iot_sdk/toolchain/riscv/Linux/bin/../lib/gcc/riscv64-unknown-elf/8.3.0/../../../../riscv64-unknown-elf/lib/rv32imf/ilp32f/libc.a(lib_a-strlen.o)
                0x0000000023004e58                strlen
 .text          0x0000000023004ee4       0x44 /home/shoaib/bl_iot_sdk/toolchain/riscv/Linux/bin/../lib/gcc/riscv64-unknown-elf/8.3.0/../../../../riscv64-unknown-elf/lib/rv32imf/ilp32f/libc.a(lib_a-strnlen.o)
                0x0000000023004ee4                strnlen
 *(.gnu.linkonce.t.*)

.rodata         0x0000000023004f28      0x4f8
 *(.rdata)
 *(.rodata .rodata.*)
 .rodata.DHT_GetData.cst4
                0x0000000023004f28        0x4 /home/shoaib/bl_iot_sdk/customer_app/sdk_app_helloworld/build_out/sdk_app_helloworld/libsdk_app_helloworld.a(main.o)
 .rodata.Task_ClapDetection.str1.4
                0x0000000023004f2c       0x42 /home/shoaib/bl_iot_sdk/customer_app/sdk_app_helloworld/build_out/sdk_app_helloworld/libsdk_app_helloworld.a(main.o)
 *fill*         0x0000000023004f6e        0x2 
 .rodata.Task_TempHumidity.cst4
                0x0000000023004f70        0x8 /home/shoaib/bl_iot_sdk/customer_app/sdk_app_helloworld/build_out/sdk_app_helloworld/libsdk_app_helloworld.a(main.o)
 .rodata.Task_TempHumidity.str1.4
                0x0000000023004f78       0xa0 /home/shoaib/bl_iot_sdk/customer_app/sdk_app_helloworld/build_out/sdk_app_helloworld/libsdk_app_helloworld.a(main.o)
 .rodata.bfl_main.str1.4
                0x0000000023005018       0x1f /home/shoaib/bl_iot_sdk/customer_app/sdk_app_helloworld/build_out/sdk_app_helloworld/libsdk_app_helloworld.a(main.o)
 *fill*         0x0000000023005037        0x1 
 .rodata.vsnprintf
                0x0000000023005038      0x1f4 /home/shoaib/bl_iot_sdk/customer_app/sdk_app_helloworld/build_out/bl602/libbl602.a(debug.o)
 *fill*         0x000000002300522c        0x4 
 .rodata.cvt.cst8
                0x0000000023005230       0x18 /home/shoaib/bl_iot_sdk/customer_app/sdk_app_helloworld/build_out/bl602/libbl602.a(debug.o)
 .rodata.lcdigits.2256
                0x0000000023005248       0x11 /home/shoaib/bl_iot_sdk/customer_app/sdk_app_helloworld/build_out/bl602/libbl602.a(debug.o)
 *fill*         0x0000000023005259        0x3 
 .rodata.ucdigits.2257
                0x000000002300525c       0x11 /home/shoaib/bl_iot_sdk/customer_app/sdk_app_helloworld/build_out/bl602/libbl602.a(debug.o)
 *fill*         0x000000002300526d        0x3 
 .rodata.vsnprintf.str1.4
                0x0000000023005270        0x8 /home/shoaib/bl_iot_sdk/customer_app/sdk_app_helloworld/build_out/bl602/libbl602.a(debug.o)
                                          0x7 (size before relaxing)
 .rodata        0x0000000023005278       0x20 /home/shoaib/bl_iot_sdk/customer_app/sdk_app_helloworld/build_out/hal_drv/libhal_drv.a(bl_uart.o)
 .rodata        0x0000000023005298       0x3c /home/shoaib/bl_iot_sdk/toolchain/riscv/Linux/bin/../lib/gcc/riscv64-unknown-elf/8.3.0/rv32imf/ilp32f/libgcc.a(divdf3.o)
 .rodata        0x00000000230052d4       0x3c /home/shoaib/bl_iot_sdk/toolchain/riscv/Linux/bin/../lib/gcc/riscv64-unknown-elf/8.3.0/rv32imf/ilp32f/libgcc.a(muldf3.o)
 .rodata        0x0000000023005310      0x100 /home/shoaib/bl_iot_sdk/toolchain/riscv/Linux/bin/../lib/gcc/riscv64-unknown-elf/8.3.0/rv32imf/ilp32f/libgcc.a(_clz.o)
                0x0000000023005310                __clz_tab
 *(.sdata2.*)
 .sdata2.uartAddr
                0x0000000023005410        0x8 /home/shoaib/bl_iot_sdk/customer_app/sdk_app_helloworld/build_out/hal_drv/libhal_drv.a(bl_uart.o)
 .sdata2.uartAddr
                0x0000000023005418        0x8 /home/shoaib/bl_iot_sdk/customer_app/sdk_app_helloworld/build_out/bl602_std/libbl602_std.a(bl602_uart.o)
                0x0000000023005420                . = ALIGN (0x4)
                0x0000000023005420                _bl_static_cli_cmds_start = .
 *(.static_cli_cmds)
 *(.static_cli_cmds)
                0x0000000023005420                _bl_static_cli_cmds_end = .
                0x0000000023005420                . = ALIGN (0x4)
                0x0000000023005420                _bl_static_blogcomponent_code_start = .
 SORT_BY_NAME(*)(.static_blogcomponent_code*)
 *(.static_blogcomponent_code*)
                0x0000000023005420                _bl_static_blogcomponent_code_end = .
                0x0000000023005420                . = ALIGN (0x4)
                0x0000000023005420                _bl_static_blogfile_code_start = .
 SORT_BY_NAME(*)(.static_blogfile_code*)
 *(.static_blogfile_code*)
                0x0000000023005420                _bl_static_blogfile_code_end = .
                0x0000000023005420                . = ALIGN (0x4)
                0x0000000023005420                _bl_static_blogpri_code_start = .
 SORT_BY_NAME(*)(.static_blogpri_code*)
 *(.static_blogpri_code*)
                0x0000000023005420                _bl_static_blogpri_code_end = .
 *(.gnu.linkonce.r.*)

.rela.dyn       0x0000000023005420        0x0
 .rela.init     0x0000000023005420        0x0 /home/shoaib/bl_iot_sdk/customer_app/sdk_app_helloworld/build_out/bl602/libbl602.a(start.o)
 .rela.text.hal_boot2_get_flash_addr
                0x0000000023005420        0x0 /home/shoaib/bl_iot_sdk/customer_app/sdk_app_helloworld/build_out/bl602/libbl602.a(start.o)
 .rela.text.DHT_Start
                0x0000000023005420        0x0 /home/shoaib/bl_iot_sdk/customer_app/sdk_app_helloworld/build_out/bl602/libbl602.a(start.o)
 .rela.text.DHT_Check_Response
                0x0000000023005420        0x0 /home/shoaib/bl_iot_sdk/customer_app/sdk_app_helloworld/build_out/bl602/libbl602.a(start.o)
 .rela.text.DHT_Read
                0x0000000023005420        0x0 /home/shoaib/bl_iot_sdk/customer_app/sdk_app_helloworld/build_out/bl602/libbl602.a(start.o)
 .rela.text.Task_TempHumidity
                0x0000000023005420        0x0 /home/shoaib/bl_iot_sdk/customer_app/sdk_app_helloworld/build_out/bl602/libbl602.a(start.o)
 .rela.text.bfl_main
                0x0000000023005420        0x0 /home/shoaib/bl_iot_sdk/customer_app/sdk_app_helloworld/build_out/bl602/libbl602.a(start.o)

.preinit_array  0x0000000023005420        0x0
                0x0000000023005420                . = ALIGN (0x4)
                0x0000000023005420                __preinit_array_start = .
 *(.preinit_array)
                0x0000000023005420                __preinit_array_end = .

.init_array     0x0000000023005420        0x0
                0x0000000023005420                . = ALIGN (0x4)
                0x0000000023005420                __init_array_start = .
 *(SORT_BY_INIT_PRIORITY(.init_array.*))
 *(.init_array)
                0x0000000023005420                __init_array_end = .

.wifibss        0x0000000042030000        0x0
                0x0000000042030000                PROVIDE (__wifi_bss_start = ADDR (.wifibss))
                0x0000000042030000                PROVIDE (__wifi_bss_end = (ADDR (.wifibss) + SIZEOF (.wifibss)))
 *ipc_shared.o(COMMON)
 *sdu_shared.o(COMMON)
 *hal_desc.o(COMMON)
 *txl_buffer_shared.o(COMMON)
 *txl_frame_shared.o(COMMON)
 *scan_shared.o(COMMON)
 *scanu_shared.o(COMMON)
 *mfp_bip.o(COMMON)
 *me_mic.o(COMMON)
 *bl_sta_mgmt_others.o(COMMON)
 *bl_pmk_mgmt.o(COMMON)
 *bl_pmk_mgmt_internal.o(COMMON)
 *libwifi_drv.a:bl_utils.o(COMMON)
 *libwifi_drv.a:bl_utils.o(.bss*)
 *(.wifi_ram*)
                0x0000000042030000                . = ALIGN (0x10)
                [!provide]                        PROVIDE (_heap_wifi_start = .)
                [!provide]                        PROVIDE (_heap_wifi_size = ((ORIGIN (ram_wifi) + LENGTH (ram_wifi)) - _heap_wifi_start))

.data           0x000000004200c000      0x988 load address 0x0000000023005420
                0x0000000023005420                PROVIDE (_data_load = LOADADDR (.data))
                0x000000004200c000                PROVIDE (_data_run = ADDR (.data))
                0x000000004200c988                PROVIDE (_data_run_end = (ADDR (.data) + SIZEOF (.data)))
 *(.tcm_code)
 .tcm_code      0x000000004200c000      0x550 /home/shoaib/bl_iot_sdk/customer_app/sdk_app_helloworld/build_out/bl602_std/libbl602_std.a(bl602_romapi.o)
                0x000000004200c000                AON_Power_On_BG
                0x000000004200c00a                AON_Power_Off_BG
                0x000000004200c014                AON_Power_On_LDO11_SOC
                0x000000004200c01e                AON_Power_Off_LDO11_SOC
                0x000000004200c028                AON_Power_On_LDO15_RF
                0x000000004200c032                AON_Power_Off_LDO15_RF
                0x000000004200c03c                AON_Power_On_SFReg
                0x000000004200c046                AON_Power_Off_SFReg
                0x000000004200c050                AON_LowPower_Enter_PDS0
                0x000000004200c05a                AON_LowPower_Exit_PDS0
                0x000000004200c064                ASM_Delay_Us
                0x000000004200c06e                BL602_Delay_US
                0x000000004200c078                BL602_Delay_MS
                0x000000004200c082                BL602_MemCpy
                0x000000004200c08c                BL602_MemCpy4
                0x000000004200c096                BL602_MemCpy_Fast
                0x000000004200c0a0                BL602_MemSet
                0x000000004200c0aa                BL602_MemSet4
                0x000000004200c0b4                BL602_MemCmp
                0x000000004200c0be                EF_Ctrl_Sw_AHB_Clk_0
                0x000000004200c0c8                EF_Ctrl_Program_Efuse_0
                0x000000004200c0d2                EF_Ctrl_Load_Efuse_R0
                0x000000004200c0dc                EF_Ctrl_Busy
                0x000000004200c0e6                EF_Ctrl_AutoLoad_Done
                0x000000004200c0f0                EF_Ctrl_Clear
                0x000000004200c0fa                GLB_SW_System_Reset
                0x000000004200c104                GLB_SW_CPU_Reset
                0x000000004200c10e                GLB_SW_POR_Reset
                0x000000004200c118                GLB_Select_Internal_Flash
                0x000000004200c122                GLB_Select_External_Flash
                0x000000004200c12c                GLB_Deswap_Flash_Pin
                0x000000004200c136                GLB_Swap_Flash_Pin
                0x000000004200c140                GLB_GPIO_Init
                0x000000004200c14a                GLB_GPIO_OUTPUT_Enable
                0x000000004200c154                GLB_GPIO_OUTPUT_Disable
                0x000000004200c15e                GLB_GPIO_Set_HZ
                0x000000004200c168                GLB_GPIO_Get_Fun
                0x000000004200c172                HBN_Mode_Enter
                0x000000004200c17c                HBN_Power_Down_Flash
                0x000000004200c186                HBN_Enable
                0x000000004200c190                HBN_Reset
                0x000000004200c19a                HBN_Set_Ldo11_Aon_Vout
                0x000000004200c1a4                HBN_Set_Ldo11_Rt_Vout
                0x000000004200c1ae                HBN_Set_Ldo11_Soc_Vout
                0x000000004200c1b8                HBN_Hw_Pu_Pd_Cfg
                0x000000004200c1c2                HBN_Pin_WakeUp_Mask
                0x000000004200c1cc                HBN_GPIO7_Dbg_Pull_Cfg
                0x000000004200c1d6                HBN_Set_Embedded_Flash_Pullup
                0x000000004200c1e0                L1C_Set_Wrap
                0x000000004200c1ea                L1C_Set_Way_Disable
                0x000000004200c1f4                L1C_IROM_2T_Access_Set
                0x000000004200c1fe                PDS_Reset
                0x000000004200c208                PDS_Force_Config
                0x000000004200c212                PDS_RAM_Config
                0x000000004200c21c                PDS_Default_Level_Config
                0x000000004200c226                SEC_Eng_Turn_On_Sec_Ring
                0x000000004200c230                SEC_Eng_Turn_Off_Sec_Ring
                0x000000004200c23a                SFlash_Init
                0x000000004200c244                SFlash_SetSPIMode
                0x000000004200c24e                SFlash_Read_Reg
                0x000000004200c258                SFlash_Write_Reg
                0x000000004200c262                SFlash_Busy
                0x000000004200c26c                SFlash_Write_Enable
                0x000000004200c276                SFlash_Qspi_Enable
                0x000000004200c280                SFlash_Volatile_Reg_Write_Enable
                0x000000004200c28a                SFlash_Chip_Erase
                0x000000004200c294                SFlash_Sector_Erase
                0x000000004200c29e                SFlash_Blk32_Erase
                0x000000004200c2a8                SFlash_Blk64_Erase
                0x000000004200c2b2                SFlash_Erase
                0x000000004200c2bc                SFlash_Program
                0x000000004200c2c6                SFlash_GetUniqueId
                0x000000004200c2d0                SFlash_GetJedecId
                0x000000004200c2da                SFlash_GetDeviceId
                0x000000004200c2e4                SFlash_Powerdown
                0x000000004200c2ee                SFlash_Releae_Powerdown
                0x000000004200c2f8                SFlash_SetBurstWrap
                0x000000004200c302                SFlash_DisableBurstWrap
                0x000000004200c30c                SFlash_Software_Reset
                0x000000004200c316                SFlash_Reset_Continue_Read
                0x000000004200c320                SFlash_Set_IDbus_Cfg
                0x000000004200c32a                SFlash_IDbus_Read_Enable
                0x000000004200c334                SFlash_Cache_Enable_Set
                0x000000004200c33e                SFlash_Cache_Flush
                0x000000004200c348                SFlash_Cache_Read_Enable
                0x000000004200c352                SFlash_Cache_Hit_Count_Get
                0x000000004200c35c                SFlash_Cache_Miss_Count_Get
                0x000000004200c366                SFlash_Cache_Read_Disable
                0x000000004200c370                SFlash_Read
                0x000000004200c37a                SFlash_Read_Reg_With_Cmd
                0x000000004200c384                SFlash_Write_Reg_With_Cmd
                0x000000004200c38e                SF_Cfg_Init_Ext_Flash_Gpio
                0x000000004200c398                SF_Cfg_Init_Internal_Flash_Gpio
                0x000000004200c3a2                SF_Cfg_Deinit_Ext_Flash_Gpio
                0x000000004200c3ac                SF_Cfg_Restore_GPIO17_Fun
                0x000000004200c3b6                SF_Cfg_Get_Flash_Cfg_Need_Lock
                0x000000004200c3c0                SF_Cfg_Init_Flash_Gpio
                0x000000004200c3ca                SF_Cfg_Flash_Identify
                0x000000004200c3d4                SF_Ctrl_Enable
                0x000000004200c3de                SF_Ctrl_Select_Pad
                0x000000004200c3e8                SF_Ctrl_Set_Owner
                0x000000004200c3f2                SF_Ctrl_Disable
                0x000000004200c3fc                SF_Ctrl_AES_Enable_BE
                0x000000004200c406                SF_Ctrl_AES_Enable_LE
                0x000000004200c410                SF_Ctrl_AES_Set_Region
                0x000000004200c41a                SF_Ctrl_AES_Set_Key
                0x000000004200c424                SF_Ctrl_AES_Set_Key_BE
                0x000000004200c42e                SF_Ctrl_AES_Set_IV
                0x000000004200c438                SF_Ctrl_AES_Set_IV_BE
                0x000000004200c442                SF_Ctrl_AES_Enable
                0x000000004200c44c                SF_Ctrl_AES_Disable
                0x000000004200c456                SF_Ctrl_Set_Flash_Image_Offset
                0x000000004200c460                SF_Ctrl_Get_Flash_Image_Offset
                0x000000004200c46a                SF_Ctrl_Select_Clock
                0x000000004200c474                SF_Ctrl_SendCmd
                0x000000004200c47e                SF_Ctrl_Icache_Set
                0x000000004200c488                SF_Ctrl_Icache2_Set
                0x000000004200c492                SF_Ctrl_GetBusyState
                0x000000004200c49c                SF_Ctrl_Is_AES_Enable
                0x000000004200c4a6                SF_Ctrl_Get_Clock_Delay
                0x000000004200c4b0                SF_Ctrl_Set_Clock_Delay
                0x000000004200c4ba                XIP_SFlash_State_Save
                0x000000004200c4c4                XIP_SFlash_State_Restore
                0x000000004200c4ce                XIP_SFlash_Erase_Need_Lock
                0x000000004200c4d8                XIP_SFlash_Write_Need_Lock
                0x000000004200c4e2                XIP_SFlash_Read_Need_Lock
                0x000000004200c4ec                XIP_SFlash_GetJedecId_Need_Lock
                0x000000004200c4f6                XIP_SFlash_GetDeviceId_Need_Lock
                0x000000004200c500                XIP_SFlash_GetUniqueId_Need_Lock
                0x000000004200c50a                XIP_SFlash_Read_Via_Cache_Need_Lock
                0x000000004200c514                XIP_SFlash_Read_With_Lock
                0x000000004200c51e                XIP_SFlash_Write_With_Lock
                0x000000004200c528                XIP_SFlash_Erase_With_Lock
                0x000000004200c532                XIP_SFlash_Opt_Enter
                0x000000004200c53c                XIP_SFlash_Opt_Exit
                0x000000004200c546                BFLB_Soft_CRC32
 *(.tcm_const)
 *(.sclock_rlt_code)
 *(.sclock_rlt_const)
 *(.data .data.*)
 .data          0x000000004200c550      0x428 /home/shoaib/bl_iot_sdk/toolchain/riscv/Linux/bin/../lib/gcc/riscv64-unknown-elf/8.3.0/../../../../riscv64-unknown-elf/lib/rv32imf/ilp32f/libc.a(lib_a-impure.o)
 *(.gnu.linkonce.d.*)
                0x000000004200c978                . = ALIGN (0x8)
                0x000000004200d168                PROVIDE (__global_pointer$ = (. + 0x7f0))
 *libfreertos_riscv.a:*(.sdata.*)
 *libfreertos_riscv.a:*(.sbss.*)
 *libfreertos_riscv.a:*(.bss.*)
 *libfreertos_riscv.a:*(COMMON)
 *(.sdata .sdata.*)
 .sdata.sys_log_all_enable
                0x000000004200c978        0x1 /home/shoaib/bl_iot_sdk/customer_app/sdk_app_helloworld/build_out/hal_drv/libhal_drv.a(bl_sys.o)
                0x000000004200c978                sys_log_all_enable
 *fill*         0x000000004200c979        0x3 
 .sdata         0x000000004200c97c        0x4 /home/shoaib/bl_iot_sdk/toolchain/riscv/Linux/bin/../lib/gcc/riscv64-unknown-elf/8.3.0/../../../../riscv64-unknown-elf/lib/rv32imf/ilp32f/libc.a(lib_a-impure.o)
                0x000000004200c97c                _impure_ptr
 *(.gnu.linkonce.s.*)
                0x000000004200c980                . = ALIGN (0x8)
 *(.srodata.cst16)
 *(.srodata.cst8)
 *(.srodata.cst4)
 *(.srodata.cst2)
 *(.srodata .srodata.*)
 .srodata       0x000000004200c980        0x4 /home/shoaib/bl_iot_sdk/customer_app/sdk_app_helloworld/build_out/hal_drv/libhal_drv.a(bl_uart.o)
                0x000000004200c988                . = ALIGN (0x8)
 *fill*         0x000000004200c984        0x4 
 *(._k_queue.static.*)
 *(._k_sem.static.*)
 *(._k_mutex.static.*)
                0x000000004200c988                _net_buf_pool_list = .
 *(SORT_BY_NAME(._net_buf_pool.static.*))
                0x000000004200c988                _bt_gatt_service_static_list_start = .
 *(SORT_BY_NAME(._bt_gatt_service_static.static.*))
                0x000000004200c988                _bt_gatt_service_static_list_end = .
                0x000000004200c988                _bt_l2cap_fixed_chan_list_start = .
 *(SORT_BY_NAME(._bt_l2cap_fixed_chan.static.*))
                0x000000004200c988                _bt_l2cap_fixed_chan_list_end = .

.boot2          0x000000004200c988      0x258 load address 0x0000000023005da8
                0x000000004200c988                PROVIDE (__boot2_pt_addr_start = .)
 *(.bss.boot2_partition_table)
 .bss.boot2_partition_table
                0x000000004200c988      0x258 /home/shoaib/bl_iot_sdk/customer_app/sdk_app_helloworld/build_out/hal_drv/libhal_drv.a(hal_boot2.o)
                0x000000004200cbe0                PROVIDE (__boot2_pt_addr_end = .)
                0x000000004200cbe0                PROVIDE (__boot2_flashCfg_start = .)
 *(.bss.boot2_flashCfg)
                0x000000004200cbe0                PROVIDE (__boot2_flashCfg_end = .)

.bss            0x000000004200cbe0      0x220 load address 0x0000000023005da8
                0x000000004200cbe0                PROVIDE (__bss_start = ADDR (.bss))
                0x000000004200ce00                PROVIDE (__bss_end = (ADDR (.bss) + SIZEOF (.bss)))
 *(.sbss*)
 .sbss.led_clap_state
                0x000000004200cbe0        0x1 /home/shoaib/bl_iot_sdk/customer_app/sdk_app_helloworld/build_out/sdk_app_helloworld/libsdk_app_helloworld.a(main.o)
                0x000000004200cbe0                led_clap_state
 *fill*         0x000000004200cbe1        0x3 
 .sbss.prev_state.3909
                0x000000004200cbe4        0x4 /home/shoaib/bl_iot_sdk/customer_app/sdk_app_helloworld/build_out/sdk_app_helloworld/libsdk_app_helloworld.a(main.o)
 .sbss.uart_clk_init.7788
                0x000000004200cbe8        0x1 /home/shoaib/bl_iot_sdk/customer_app/sdk_app_helloworld/build_out/hal_drv/libhal_drv.a(bl_uart.o)
 *(.gnu.linkonce.sb.*)
 *(.bss .bss.*)
 *fill*         0x000000004200cbe9        0x3 
 .bss.string    0x000000004200cbec      0x200 /home/shoaib/bl_iot_sdk/customer_app/sdk_app_helloworld/build_out/bl602/libbl602.a(debug.o)
 *(.gnu.linkonce.b.*)
 *(COMMON)
 COMMON         0x000000004200cdec       0x14 /home/shoaib/bl_iot_sdk/customer_app/sdk_app_helloworld/build_out/sdk_app_helloworld/libsdk_app_helloworld.a(main.o)
                0x000000004200cdec                Temperature
                0x000000004200cdf0                pinDht
                0x000000004200cdf4                DHT11_Data
                0x000000004200cdfc                Humidity
                [!provide]                        PROVIDE (_heap_start = .)
                [!provide]                        PROVIDE (_heap_size = (ADDR (.stack) - _heap_start))

.stack          0x000000004202f800      0x800
                0x0000000042030000                . = (. + __stack_size)
 *fill*         0x000000004202f800      0x800 
                0x0000000042030000                PROVIDE (_sp_main = .)
                0x0000000042030000                __freertos_irq_stack_top = .
                [!provide]                        PROVIDE (_ld_bl_static_cli_cmds_start = _bl_static_cli_cmds_start)
                [!provide]                        PROVIDE (_ld_bl_static_cli_cmds_end = _bl_static_cli_cmds_end)
                [!provide]                        PROVIDE (_ld_bl_static_blogcomponent_code_start = _bl_static_blogcomponent_code_start)
                [!provide]                        PROVIDE (_ld_bl_static_blogcomponent_code_end = _bl_static_blogcomponent_code_end)
                [!provide]                        PROVIDE (_ld_bl_static_blogfile_code_start = _bl_static_blogfile_code_start)
                [!provide]                        PROVIDE (_ld_bl_static_blogfile_code_end = _bl_static_blogfile_code_end)
                [!provide]                        PROVIDE (_ld_bl_static_blogpri_code_start = _bl_static_blogpri_code_start)
                [!provide]                        PROVIDE (_ld_bl_static_blogpri_code_end = _bl_static_blogpri_code_end)
                [!provide]                        PROVIDE (_ld_ram_size0 = LENGTH (flash))
                [!provide]                        PROVIDE (_ld_ram_addr0 = ORIGIN (flash))
                [!provide]                        PROVIDE (_ld_ram_size1 = LENGTH (ram_tcm))
                [!provide]                        PROVIDE (_ld_ram_addr1 = ORIGIN (ram_tcm))
                [!provide]                        PROVIDE (_ld_ram_size2 = LENGTH (ram_wifi))
                [!provide]                        PROVIDE (_ld_ram_addr2 = ORIGIN (ram_wifi))
                0x0000000042049c00                PROVIDE (__boot2_pt_addr_src = BOOT2_PT_ADDR)
                0x0000000042049c18                PROVIDE (__boot2_flashCfg_src = BOOT2_FLASHCFG_ADDR)
                0x0000000000000000                PROVIDE (__LD_CONFIG_EM_SEL = __EM_SIZE)
OUTPUT(/home/shoaib/bl_iot_sdk/customer_app/sdk_app_helloworld/build_out/sdk_app_helloworld.elf elf32-littleriscv)

.riscv.attributes
                0x0000000000000000       0x2b
 .riscv.attributes
                0x0000000000000000       0x29 /home/shoaib/bl_iot_sdk/customer_app/sdk_app_helloworld/build_out/bl602/libbl602.a(start.o)
 .riscv.attributes
                0x0000000000000029       0x2b /home/shoaib/bl_iot_sdk/customer_app/sdk_app_helloworld/build_out/hal_drv/libhal_drv.a(hal_boot2.o)
 .riscv.attributes
                0x0000000000000054       0x2b /home/shoaib/bl_iot_sdk/customer_app/sdk_app_helloworld/build_out/sdk_app_helloworld/libsdk_app_helloworld.a(main.o)
 .riscv.attributes
                0x000000000000007f       0x2b /home/shoaib/bl_iot_sdk/customer_app/sdk_app_helloworld/build_out/bl602/libbl602.a(debug.o)
 .riscv.attributes
                0x00000000000000aa       0x2b /home/shoaib/bl_iot_sdk/customer_app/sdk_app_helloworld/build_out/hal_drv/libhal_drv.a(bl_uart.o)
 .riscv.attributes
                0x00000000000000d5       0x2b /home/shoaib/bl_iot_sdk/customer_app/sdk_app_helloworld/build_out/hal_drv/libhal_drv.a(bl_sys.o)
 .riscv.attributes
                0x0000000000000100       0x2b /home/shoaib/bl_iot_sdk/customer_app/sdk_app_helloworld/build_out/hal_drv/libhal_drv.a(bl_timer.o)
 .riscv.attributes
                0x000000000000012b       0x2b /home/shoaib/bl_iot_sdk/customer_app/sdk_app_helloworld/build_out/hal_drv/libhal_drv.a(bl_gpio.o)
 .riscv.attributes
                0x0000000000000156       0x2b /home/shoaib/bl_iot_sdk/customer_app/sdk_app_helloworld/build_out/bl602_std/libbl602_std.a(bl602_uart.o)
 .riscv.attributes
                0x0000000000000181       0x2b /home/shoaib/bl_iot_sdk/customer_app/sdk_app_helloworld/build_out/bl602_std/libbl602_std.a(bl602_glb.o)
 .riscv.attributes
                0x00000000000001ac       0x2b /home/shoaib/bl_iot_sdk/customer_app/sdk_app_helloworld/build_out/bl602_std/libbl602_std.a(bl602_hbn.o)
 .riscv.attributes
                0x00000000000001d7       0x2b /home/shoaib/bl_iot_sdk/customer_app/sdk_app_helloworld/build_out/bl602_std/libbl602_std.a(bl602_romapi.o)
 .riscv.attributes
                0x0000000000000202       0x26 /home/shoaib/bl_iot_sdk/toolchain/riscv/Linux/bin/../lib/gcc/riscv64-unknown-elf/8.3.0/../../../../riscv64-unknown-elf/lib/rv32imf/ilp32f/libm.a(lib_a-s_modf.o)
 .riscv.attributes
                0x0000000000000228       0x26 /home/shoaib/bl_iot_sdk/toolchain/riscv/Linux/bin/../lib/gcc/riscv64-unknown-elf/8.3.0/rv32imf/ilp32f/libgcc.a(_clzsi2.o)
 .riscv.attributes
                0x000000000000024e       0x26 /home/shoaib/bl_iot_sdk/toolchain/riscv/Linux/bin/../lib/gcc/riscv64-unknown-elf/8.3.0/rv32imf/ilp32f/libgcc.a(_udivdi3.o)
 .riscv.attributes
                0x0000000000000274       0x26 /home/shoaib/bl_iot_sdk/toolchain/riscv/Linux/bin/../lib/gcc/riscv64-unknown-elf/8.3.0/rv32imf/ilp32f/libgcc.a(_umoddi3.o)
 .riscv.attributes
                0x000000000000029a       0x26 /home/shoaib/bl_iot_sdk/toolchain/riscv/Linux/bin/../lib/gcc/riscv64-unknown-elf/8.3.0/rv32imf/ilp32f/libgcc.a(adddf3.o)
 .riscv.attributes
                0x00000000000002c0       0x26 /home/shoaib/bl_iot_sdk/toolchain/riscv/Linux/bin/../lib/gcc/riscv64-unknown-elf/8.3.0/rv32imf/ilp32f/libgcc.a(divdf3.o)
 .riscv.attributes
                0x00000000000002e6       0x26 /home/shoaib/bl_iot_sdk/toolchain/riscv/Linux/bin/../lib/gcc/riscv64-unknown-elf/8.3.0/rv32imf/ilp32f/libgcc.a(eqdf2.o)
 .riscv.attributes
                0x000000000000030c       0x26 /home/shoaib/bl_iot_sdk/toolchain/riscv/Linux/bin/../lib/gcc/riscv64-unknown-elf/8.3.0/rv32imf/ilp32f/libgcc.a(gedf2.o)
 .riscv.attributes
                0x0000000000000332       0x26 /home/shoaib/bl_iot_sdk/toolchain/riscv/Linux/bin/../lib/gcc/riscv64-unknown-elf/8.3.0/rv32imf/ilp32f/libgcc.a(ledf2.o)
 .riscv.attributes
                0x0000000000000358       0x26 /home/shoaib/bl_iot_sdk/toolchain/riscv/Linux/bin/../lib/gcc/riscv64-unknown-elf/8.3.0/rv32imf/ilp32f/libgcc.a(muldf3.o)
 .riscv.attributes
                0x000000000000037e       0x26 /home/shoaib/bl_iot_sdk/toolchain/riscv/Linux/bin/../lib/gcc/riscv64-unknown-elf/8.3.0/rv32imf/ilp32f/libgcc.a(subdf3.o)
 .riscv.attributes
                0x00000000000003a4       0x26 /home/shoaib/bl_iot_sdk/toolchain/riscv/Linux/bin/../lib/gcc/riscv64-unknown-elf/8.3.0/rv32imf/ilp32f/libgcc.a(fixdfsi.o)
 .riscv.attributes
                0x00000000000003ca       0x26 /home/shoaib/bl_iot_sdk/toolchain/riscv/Linux/bin/../lib/gcc/riscv64-unknown-elf/8.3.0/rv32imf/ilp32f/libgcc.a(extendsfdf2.o)
 .riscv.attributes
                0x00000000000003f0       0x26 /home/shoaib/bl_iot_sdk/toolchain/riscv/Linux/bin/../lib/gcc/riscv64-unknown-elf/8.3.0/rv32imf/ilp32f/libgcc.a(_clz.o)
 .riscv.attributes
                0x0000000000000416       0x26 /home/shoaib/bl_iot_sdk/toolchain/riscv/Linux/bin/../lib/gcc/riscv64-unknown-elf/8.3.0/../../../../riscv64-unknown-elf/lib/rv32imf/ilp32f/libc.a(lib_a-memcpy.o)
 .riscv.attributes
                0x000000000000043c       0x26 /home/shoaib/bl_iot_sdk/toolchain/riscv/Linux/bin/../lib/gcc/riscv64-unknown-elf/8.3.0/../../../../riscv64-unknown-elf/lib/rv32imf/ilp32f/libc.a(lib_a-rand.o)
 .riscv.attributes
                0x0000000000000462       0x26 /home/shoaib/bl_iot_sdk/toolchain/riscv/Linux/bin/../lib/gcc/riscv64-unknown-elf/8.3.0/../../../../riscv64-unknown-elf/lib/rv32imf/ilp32f/libc.a(lib_a-strlen.o)
 .riscv.attributes
                0x0000000000000488       0x26 /home/shoaib/bl_iot_sdk/toolchain/riscv/Linux/bin/../lib/gcc/riscv64-unknown-elf/8.3.0/../../../../riscv64-unknown-elf/lib/rv32imf/ilp32f/libc.a(lib_a-strnlen.o)
 .riscv.attributes
                0x00000000000004ae       0x26 /home/shoaib/bl_iot_sdk/toolchain/riscv/Linux/bin/../lib/gcc/riscv64-unknown-elf/8.3.0/../../../../riscv64-unknown-elf/lib/rv32imf/ilp32f/libc.a(lib_a-impure.o)

.comment        0x0000000000000000       0x28
 .comment       0x0000000000000000       0x28 /home/shoaib/bl_iot_sdk/customer_app/sdk_app_helloworld/build_out/hal_drv/libhal_drv.a(hal_boot2.o)
                                         0x29 (size before relaxing)
 .comment       0x0000000000000028       0x29 /home/shoaib/bl_iot_sdk/customer_app/sdk_app_helloworld/build_out/sdk_app_helloworld/libsdk_app_helloworld.a(main.o)
 .comment       0x0000000000000028       0x29 /home/shoaib/bl_iot_sdk/customer_app/sdk_app_helloworld/build_out/bl602/libbl602.a(debug.o)
 .comment       0x0000000000000028       0x29 /home/shoaib/bl_iot_sdk/customer_app/sdk_app_helloworld/build_out/hal_drv/libhal_drv.a(bl_uart.o)
 .comment       0x0000000000000028       0x29 /home/shoaib/bl_iot_sdk/customer_app/sdk_app_helloworld/build_out/hal_drv/libhal_drv.a(bl_sys.o)
 .comment       0x0000000000000028       0x29 /home/shoaib/bl_iot_sdk/customer_app/sdk_app_helloworld/build_out/hal_drv/libhal_drv.a(bl_timer.o)
 .comment       0x0000000000000028       0x29 /home/shoaib/bl_iot_sdk/customer_app/sdk_app_helloworld/build_out/hal_drv/libhal_drv.a(bl_gpio.o)
 .comment       0x0000000000000028       0x29 /home/shoaib/bl_iot_sdk/customer_app/sdk_app_helloworld/build_out/bl602_std/libbl602_std.a(bl602_uart.o)
 .comment       0x0000000000000028       0x29 /home/shoaib/bl_iot_sdk/customer_app/sdk_app_helloworld/build_out/bl602_std/libbl602_std.a(bl602_glb.o)
 .comment       0x0000000000000028       0x29 /home/shoaib/bl_iot_sdk/customer_app/sdk_app_helloworld/build_out/bl602_std/libbl602_std.a(bl602_hbn.o)
 .comment       0x0000000000000028       0x29 /home/shoaib/bl_iot_sdk/customer_app/sdk_app_helloworld/build_out/bl602_std/libbl602_std.a(bl602_romapi.o)
 .comment       0x0000000000000028       0x29 /home/shoaib/bl_iot_sdk/toolchain/riscv/Linux/bin/../lib/gcc/riscv64-unknown-elf/8.3.0/../../../../riscv64-unknown-elf/lib/rv32imf/ilp32f/libm.a(lib_a-s_modf.o)
 .comment       0x0000000000000028       0x29 /home/shoaib/bl_iot_sdk/toolchain/riscv/Linux/bin/../lib/gcc/riscv64-unknown-elf/8.3.0/rv32imf/ilp32f/libgcc.a(_clzsi2.o)
 .comment       0x0000000000000028       0x29 /home/shoaib/bl_iot_sdk/toolchain/riscv/Linux/bin/../lib/gcc/riscv64-unknown-elf/8.3.0/rv32imf/ilp32f/libgcc.a(_udivdi3.o)
 .comment       0x0000000000000028       0x29 /home/shoaib/bl_iot_sdk/toolchain/riscv/Linux/bin/../lib/gcc/riscv64-unknown-elf/8.3.0/rv32imf/ilp32f/libgcc.a(_umoddi3.o)
 .comment       0x0000000000000028       0x29 /home/shoaib/bl_iot_sdk/toolchain/riscv/Linux/bin/../lib/gcc/riscv64-unknown-elf/8.3.0/rv32imf/ilp32f/libgcc.a(adddf3.o)
 .comment       0x0000000000000028       0x29 /home/shoaib/bl_iot_sdk/toolchain/riscv/Linux/bin/../lib/gcc/riscv64-unknown-elf/8.3.0/rv32imf/ilp32f/libgcc.a(divdf3.o)
 .comment       0x0000000000000028       0x29 /home/shoaib/bl_iot_sdk/toolchain/riscv/Linux/bin/../lib/gcc/riscv64-unknown-elf/8.3.0/rv32imf/ilp32f/libgcc.a(eqdf2.o)
 .comment       0x0000000000000028       0x29 /home/shoaib/bl_iot_sdk/toolchain/riscv/Linux/bin/../lib/gcc/riscv64-unknown-elf/8.3.0/rv32imf/ilp32f/libgcc.a(gedf2.o)
 .comment       0x0000000000000028       0x29 /home/shoaib/bl_iot_sdk/toolchain/riscv/Linux/bin/../lib/gcc/riscv64-unknown-elf/8.3.0/rv32imf/ilp32f/libgcc.a(ledf2.o)
 .comment       0x0000000000000028       0x29 /home/shoaib/bl_iot_sdk/toolchain/riscv/Linux/bin/../lib/gcc/riscv64-unknown-elf/8.3.0/rv32imf/ilp32f/libgcc.a(muldf3.o)
 .comment       0x0000000000000028       0x29 /home/shoaib/bl_iot_sdk/toolchain/riscv/Linux/bin/../lib/gcc/riscv64-unknown-elf/8.3.0/rv32imf/ilp32f/libgcc.a(subdf3.o)
 .comment       0x0000000000000028       0x29 /home/shoaib/bl_iot_sdk/toolchain/riscv/Linux/bin/../lib/gcc/riscv64-unknown-elf/8.3.0/rv32imf/ilp32f/libgcc.a(fixdfsi.o)
 .comment       0x0000000000000028       0x29 /home/shoaib/bl_iot_sdk/toolchain/riscv/Linux/bin/../lib/gcc/riscv64-unknown-elf/8.3.0/rv32imf/ilp32f/libgcc.a(extendsfdf2.o)
 .comment       0x0000000000000028       0x29 /home/shoaib/bl_iot_sdk/toolchain/riscv/Linux/bin/../lib/gcc/riscv64-unknown-elf/8.3.0/rv32imf/ilp32f/libgcc.a(_clz.o)
 .comment       0x0000000000000028       0x29 /home/shoaib/bl_iot_sdk/toolchain/riscv/Linux/bin/../lib/gcc/riscv64-unknown-elf/8.3.0/../../../../riscv64-unknown-elf/lib/rv32imf/ilp32f/libc.a(lib_a-memcpy.o)
 .comment       0x0000000000000028       0x29 /home/shoaib/bl_iot_sdk/toolchain/riscv/Linux/bin/../lib/gcc/riscv64-unknown-elf/8.3.0/../../../../riscv64-unknown-elf/lib/rv32imf/ilp32f/libc.a(lib_a-rand.o)
 .comment       0x0000000000000028       0x29 /home/shoaib/bl_iot_sdk/toolchain/riscv/Linux/bin/../lib/gcc/riscv64-unknown-elf/8.3.0/../../../../riscv64-unknown-elf/lib/rv32imf/ilp32f/libc.a(lib_a-strlen.o)
 .comment       0x0000000000000028       0x29 /home/shoaib/bl_iot_sdk/toolchain/riscv/Linux/bin/../lib/gcc/riscv64-unknown-elf/8.3.0/../../../../riscv64-unknown-elf/lib/rv32imf/ilp32f/libc.a(lib_a-strnlen.o)
 .comment       0x0000000000000028       0x29 /home/shoaib/bl_iot_sdk/toolchain/riscv/Linux/bin/../lib/gcc/riscv64-unknown-elf/8.3.0/../../../../riscv64-unknown-elf/lib/rv32imf/ilp32f/libc.a(lib_a-impure.o)

.debug_line     0x0000000000000000    0x169a2
 .debug_line    0x0000000000000000      0x222 /home/shoaib/bl_iot_sdk/customer_app/sdk_app_helloworld/build_out/bl602/libbl602.a(start.o)
 .debug_line    0x0000000000000222      0xd8a /home/shoaib/bl_iot_sdk/customer_app/sdk_app_helloworld/build_out/hal_drv/libhal_drv.a(hal_boot2.o)
 .debug_line    0x0000000000000fac      0xc07 /home/shoaib/bl_iot_sdk/customer_app/sdk_app_helloworld/build_out/sdk_app_helloworld/libsdk_app_helloworld.a(main.o)
 .debug_line    0x0000000000001bb3     0x29e2 /home/shoaib/bl_iot_sdk/customer_app/sdk_app_helloworld/build_out/bl602/libbl602.a(debug.o)
 .debug_line    0x0000000000004595      0xeea /home/shoaib/bl_iot_sdk/customer_app/sdk_app_helloworld/build_out/hal_drv/libhal_drv.a(bl_uart.o)
 .debug_line    0x000000000000547f      0x536 /home/shoaib/bl_iot_sdk/customer_app/sdk_app_helloworld/build_out/hal_drv/libhal_drv.a(bl_sys.o)
 .debug_line    0x00000000000059b5      0x640 /home/shoaib/bl_iot_sdk/customer_app/sdk_app_helloworld/build_out/hal_drv/libhal_drv.a(bl_timer.o)
 .debug_line    0x0000000000005ff5      0x79d /home/shoaib/bl_iot_sdk/customer_app/sdk_app_helloworld/build_out/hal_drv/libhal_drv.a(bl_gpio.o)
 .debug_line    0x0000000000006792     0x191b /home/shoaib/bl_iot_sdk/customer_app/sdk_app_helloworld/build_out/bl602_std/libbl602_std.a(bl602_uart.o)
 .debug_line    0x00000000000080ad     0x3a72 /home/shoaib/bl_iot_sdk/customer_app/sdk_app_helloworld/build_out/bl602_std/libbl602_std.a(bl602_glb.o)
 .debug_line    0x000000000000bb1f     0x2241 /home/shoaib/bl_iot_sdk/customer_app/sdk_app_helloworld/build_out/bl602_std/libbl602_std.a(bl602_hbn.o)
 .debug_line    0x000000000000dd60     0x1984 /home/shoaib/bl_iot_sdk/customer_app/sdk_app_helloworld/build_out/bl602_std/libbl602_std.a(bl602_romapi.o)
 .debug_line    0x000000000000f6e4      0x3ba /home/shoaib/bl_iot_sdk/toolchain/riscv/Linux/bin/../lib/gcc/riscv64-unknown-elf/8.3.0/rv32imf/ilp32f/libgcc.a(_clzsi2.o)
 .debug_line    0x000000000000fa9e      0x9fc /home/shoaib/bl_iot_sdk/toolchain/riscv/Linux/bin/../lib/gcc/riscv64-unknown-elf/8.3.0/rv32imf/ilp32f/libgcc.a(_udivdi3.o)
 .debug_line    0x000000000001049a      0xaac /home/shoaib/bl_iot_sdk/toolchain/riscv/Linux/bin/../lib/gcc/riscv64-unknown-elf/8.3.0/rv32imf/ilp32f/libgcc.a(_umoddi3.o)
 .debug_line    0x0000000000010f46     0x141d /home/shoaib/bl_iot_sdk/toolchain/riscv/Linux/bin/../lib/gcc/riscv64-unknown-elf/8.3.0/rv32imf/ilp32f/libgcc.a(adddf3.o)
 .debug_line    0x0000000000012363     0x10b7 /home/shoaib/bl_iot_sdk/toolchain/riscv/Linux/bin/../lib/gcc/riscv64-unknown-elf/8.3.0/rv32imf/ilp32f/libgcc.a(divdf3.o)
 .debug_line    0x000000000001341a      0x2d6 /home/shoaib/bl_iot_sdk/toolchain/riscv/Linux/bin/../lib/gcc/riscv64-unknown-elf/8.3.0/rv32imf/ilp32f/libgcc.a(eqdf2.o)
 .debug_line    0x00000000000136f0      0x30f /home/shoaib/bl_iot_sdk/toolchain/riscv/Linux/bin/../lib/gcc/riscv64-unknown-elf/8.3.0/rv32imf/ilp32f/libgcc.a(gedf2.o)
 .debug_line    0x00000000000139ff      0x30f /home/shoaib/bl_iot_sdk/toolchain/riscv/Linux/bin/../lib/gcc/riscv64-unknown-elf/8.3.0/rv32imf/ilp32f/libgcc.a(ledf2.o)
 .debug_line    0x0000000000013d0e      0xe85 /home/shoaib/bl_iot_sdk/toolchain/riscv/Linux/bin/../lib/gcc/riscv64-unknown-elf/8.3.0/rv32imf/ilp32f/libgcc.a(muldf3.o)
 .debug_line    0x0000000000014b93     0x1477 /home/shoaib/bl_iot_sdk/toolchain/riscv/Linux/bin/../lib/gcc/riscv64-unknown-elf/8.3.0/rv32imf/ilp32f/libgcc.a(subdf3.o)
 .debug_line    0x000000000001600a      0x2dd /home/shoaib/bl_iot_sdk/toolchain/riscv/Linux/bin/../lib/gcc/riscv64-unknown-elf/8.3.0/rv32imf/ilp32f/libgcc.a(fixdfsi.o)
 .debug_line    0x00000000000162e7      0x383 /home/shoaib/bl_iot_sdk/toolchain/riscv/Linux/bin/../lib/gcc/riscv64-unknown-elf/8.3.0/rv32imf/ilp32f/libgcc.a(extendsfdf2.o)
 .debug_line    0x000000000001666a      0x338 /home/shoaib/bl_iot_sdk/toolchain/riscv/Linux/bin/../lib/gcc/riscv64-unknown-elf/8.3.0/rv32imf/ilp32f/libgcc.a(_clz.o)

.debug_info     0x0000000000000000    0x195fb
 .debug_info    0x0000000000000000       0x26 /home/shoaib/bl_iot_sdk/customer_app/sdk_app_helloworld/build_out/bl602/libbl602.a(start.o)
 .debug_info    0x0000000000000026     0x14ed /home/shoaib/bl_iot_sdk/customer_app/sdk_app_helloworld/build_out/hal_drv/libhal_drv.a(hal_boot2.o)
 .debug_info    0x0000000000001513     0x11dd /home/shoaib/bl_iot_sdk/customer_app/sdk_app_helloworld/build_out/sdk_app_helloworld/libsdk_app_helloworld.a(main.o)
 .debug_info    0x00000000000026f0     0x183d /home/shoaib/bl_iot_sdk/customer_app/sdk_app_helloworld/build_out/bl602/libbl602.a(debug.o)
 .debug_info    0x0000000000003f2d     0x198e /home/shoaib/bl_iot_sdk/customer_app/sdk_app_helloworld/build_out/hal_drv/libhal_drv.a(bl_uart.o)
 .debug_info    0x00000000000058bb      0xbce /home/shoaib/bl_iot_sdk/customer_app/sdk_app_helloworld/build_out/hal_drv/libhal_drv.a(bl_sys.o)
 .debug_info    0x0000000000006489     0x109d /home/shoaib/bl_iot_sdk/customer_app/sdk_app_helloworld/build_out/hal_drv/libhal_drv.a(bl_timer.o)
 .debug_info    0x0000000000007526     0x11f9 /home/shoaib/bl_iot_sdk/customer_app/sdk_app_helloworld/build_out/hal_drv/libhal_drv.a(bl_gpio.o)
 .debug_info    0x000000000000871f     0x1929 /home/shoaib/bl_iot_sdk/customer_app/sdk_app_helloworld/build_out/bl602_std/libbl602_std.a(bl602_uart.o)
 .debug_info    0x000000000000a048     0x29ed /home/shoaib/bl_iot_sdk/customer_app/sdk_app_helloworld/build_out/bl602_std/libbl602_std.a(bl602_glb.o)
 .debug_info    0x000000000000ca35     0x2302 /home/shoaib/bl_iot_sdk/customer_app/sdk_app_helloworld/build_out/bl602_std/libbl602_std.a(bl602_hbn.o)
 .debug_info    0x000000000000ed37     0x452e /home/shoaib/bl_iot_sdk/customer_app/sdk_app_helloworld/build_out/bl602_std/libbl602_std.a(bl602_romapi.o)
 .debug_info    0x0000000000013265      0xbd7 /home/shoaib/bl_iot_sdk/toolchain/riscv/Linux/bin/../lib/gcc/riscv64-unknown-elf/8.3.0/rv32imf/ilp32f/libgcc.a(_clzsi2.o)
 .debug_info    0x0000000000013e3c     0x1245 /home/shoaib/bl_iot_sdk/toolchain/riscv/Linux/bin/../lib/gcc/riscv64-unknown-elf/8.3.0/rv32imf/ilp32f/libgcc.a(_udivdi3.o)
 .debug_info    0x0000000000015081     0x12a3 /home/shoaib/bl_iot_sdk/toolchain/riscv/Linux/bin/../lib/gcc/riscv64-unknown-elf/8.3.0/rv32imf/ilp32f/libgcc.a(_umoddi3.o)
 .debug_info    0x0000000000016324      0x5f2 /home/shoaib/bl_iot_sdk/toolchain/riscv/Linux/bin/../lib/gcc/riscv64-unknown-elf/8.3.0/rv32imf/ilp32f/libgcc.a(adddf3.o)
 .debug_info    0x0000000000016916      0x773 /home/shoaib/bl_iot_sdk/toolchain/riscv/Linux/bin/../lib/gcc/riscv64-unknown-elf/8.3.0/rv32imf/ilp32f/libgcc.a(divdf3.o)
 .debug_info    0x0000000000017089      0x29e /home/shoaib/bl_iot_sdk/toolchain/riscv/Linux/bin/../lib/gcc/riscv64-unknown-elf/8.3.0/rv32imf/ilp32f/libgcc.a(eqdf2.o)
 .debug_info    0x0000000000017327      0x285 /home/shoaib/bl_iot_sdk/toolchain/riscv/Linux/bin/../lib/gcc/riscv64-unknown-elf/8.3.0/rv32imf/ilp32f/libgcc.a(gedf2.o)
 .debug_info    0x00000000000175ac      0x285 /home/shoaib/bl_iot_sdk/toolchain/riscv/Linux/bin/../lib/gcc/riscv64-unknown-elf/8.3.0/rv32imf/ilp32f/libgcc.a(ledf2.o)
 .debug_info    0x0000000000017831      0x7ab /home/shoaib/bl_iot_sdk/toolchain/riscv/Linux/bin/../lib/gcc/riscv64-unknown-elf/8.3.0/rv32imf/ilp32f/libgcc.a(muldf3.o)
 .debug_info    0x0000000000017fdc      0x5ec /home/shoaib/bl_iot_sdk/toolchain/riscv/Linux/bin/../lib/gcc/riscv64-unknown-elf/8.3.0/rv32imf/ilp32f/libgcc.a(subdf3.o)
 .debug_info    0x00000000000185c8      0x21a /home/shoaib/bl_iot_sdk/toolchain/riscv/Linux/bin/../lib/gcc/riscv64-unknown-elf/8.3.0/rv32imf/ilp32f/libgcc.a(fixdfsi.o)
 .debug_info    0x00000000000187e2      0x2af /home/shoaib/bl_iot_sdk/toolchain/riscv/Linux/bin/../lib/gcc/riscv64-unknown-elf/8.3.0/rv32imf/ilp32f/libgcc.a(extendsfdf2.o)
 .debug_info    0x0000000000018a91      0xb6a /home/shoaib/bl_iot_sdk/toolchain/riscv/Linux/bin/../lib/gcc/riscv64-unknown-elf/8.3.0/rv32imf/ilp32f/libgcc.a(_clz.o)

.debug_abbrev   0x0000000000000000     0x404e
 .debug_abbrev  0x0000000000000000       0x14 /home/shoaib/bl_iot_sdk/customer_app/sdk_app_helloworld/build_out/bl602/libbl602.a(start.o)
 .debug_abbrev  0x0000000000000014      0x3bb /home/shoaib/bl_iot_sdk/customer_app/sdk_app_helloworld/build_out/hal_drv/libhal_drv.a(hal_boot2.o)
 .debug_abbrev  0x00000000000003cf      0x370 /home/shoaib/bl_iot_sdk/customer_app/sdk_app_helloworld/build_out/sdk_app_helloworld/libsdk_app_helloworld.a(main.o)
 .debug_abbrev  0x000000000000073f      0x4e5 /home/shoaib/bl_iot_sdk/customer_app/sdk_app_helloworld/build_out/bl602/libbl602.a(debug.o)
 .debug_abbrev  0x0000000000000c24      0x431 /home/shoaib/bl_iot_sdk/customer_app/sdk_app_helloworld/build_out/hal_drv/libhal_drv.a(bl_uart.o)
 .debug_abbrev  0x0000000000001055      0x31e /home/shoaib/bl_iot_sdk/customer_app/sdk_app_helloworld/build_out/hal_drv/libhal_drv.a(bl_sys.o)
 .debug_abbrev  0x0000000000001373      0x37b /home/shoaib/bl_iot_sdk/customer_app/sdk_app_helloworld/build_out/hal_drv/libhal_drv.a(bl_timer.o)
 .debug_abbrev  0x00000000000016ee      0x3bd /home/shoaib/bl_iot_sdk/customer_app/sdk_app_helloworld/build_out/hal_drv/libhal_drv.a(bl_gpio.o)
 .debug_abbrev  0x0000000000001aab      0x2f4 /home/shoaib/bl_iot_sdk/customer_app/sdk_app_helloworld/build_out/bl602_std/libbl602_std.a(bl602_uart.o)
 .debug_abbrev  0x0000000000001d9f      0x3d2 /home/shoaib/bl_iot_sdk/customer_app/sdk_app_helloworld/build_out/bl602_std/libbl602_std.a(bl602_glb.o)
 .debug_abbrev  0x0000000000002171      0x37e /home/shoaib/bl_iot_sdk/customer_app/sdk_app_helloworld/build_out/bl602_std/libbl602_std.a(bl602_hbn.o)
 .debug_abbrev  0x00000000000024ef      0x396 /home/shoaib/bl_iot_sdk/customer_app/sdk_app_helloworld/build_out/bl602_std/libbl602_std.a(bl602_romapi.o)
 .debug_abbrev  0x0000000000002885      0x242 /home/shoaib/bl_iot_sdk/toolchain/riscv/Linux/bin/../lib/gcc/riscv64-unknown-elf/8.3.0/rv32imf/ilp32f/libgcc.a(_clzsi2.o)
 .debug_abbrev  0x0000000000002ac7      0x2cc /home/shoaib/bl_iot_sdk/toolchain/riscv/Linux/bin/../lib/gcc/riscv64-unknown-elf/8.3.0/rv32imf/ilp32f/libgcc.a(_udivdi3.o)
 .debug_abbrev  0x0000000000002d93      0x2e8 /home/shoaib/bl_iot_sdk/toolchain/riscv/Linux/bin/../lib/gcc/riscv64-unknown-elf/8.3.0/rv32imf/ilp32f/libgcc.a(_umoddi3.o)
 .debug_abbrev  0x000000000000307b      0x19a /home/shoaib/bl_iot_sdk/toolchain/riscv/Linux/bin/../lib/gcc/riscv64-unknown-elf/8.3.0/rv32imf/ilp32f/libgcc.a(adddf3.o)
 .debug_abbrev  0x0000000000003215      0x17f /home/shoaib/bl_iot_sdk/toolchain/riscv/Linux/bin/../lib/gcc/riscv64-unknown-elf/8.3.0/rv32imf/ilp32f/libgcc.a(divdf3.o)
 .debug_abbrev  0x0000000000003394      0x1a4 /home/shoaib/bl_iot_sdk/toolchain/riscv/Linux/bin/../lib/gcc/riscv64-unknown-elf/8.3.0/rv32imf/ilp32f/libgcc.a(eqdf2.o)
 .debug_abbrev  0x0000000000003538      0x199 /home/shoaib/bl_iot_sdk/toolchain/riscv/Linux/bin/../lib/gcc/riscv64-unknown-elf/8.3.0/rv32imf/ilp32f/libgcc.a(gedf2.o)
 .debug_abbrev  0x00000000000036d1      0x199 /home/shoaib/bl_iot_sdk/toolchain/riscv/Linux/bin/../lib/gcc/riscv64-unknown-elf/8.3.0/rv32imf/ilp32f/libgcc.a(ledf2.o)
 .debug_abbrev  0x000000000000386a      0x186 /home/shoaib/bl_iot_sdk/toolchain/riscv/Linux/bin/../lib/gcc/riscv64-unknown-elf/8.3.0/rv32imf/ilp32f/libgcc.a(muldf3.o)
 .debug_abbrev  0x00000000000039f0      0x189 /home/shoaib/bl_iot_sdk/toolchain/riscv/Linux/bin/../lib/gcc/riscv64-unknown-elf/8.3.0/rv32imf/ilp32f/libgcc.a(subdf3.o)
 .debug_abbrev  0x0000000000003b79      0x181 /home/shoaib/bl_iot_sdk/toolchain/riscv/Linux/bin/../lib/gcc/riscv64-unknown-elf/8.3.0/rv32imf/ilp32f/libgcc.a(fixdfsi.o)
 .debug_abbrev  0x0000000000003cfa      0x16c /home/shoaib/bl_iot_sdk/toolchain/riscv/Linux/bin/../lib/gcc/riscv64-unknown-elf/8.3.0/rv32imf/ilp32f/libgcc.a(extendsfdf2.o)
 .debug_abbrev  0x0000000000003e66      0x1e8 /home/shoaib/bl_iot_sdk/toolchain/riscv/Linux/bin/../lib/gcc/riscv64-unknown-elf/8.3.0/rv32imf/ilp32f/libgcc.a(_clz.o)

.debug_aranges  0x0000000000000000      0xfe8
 .debug_aranges
                0x0000000000000000       0x20 /home/shoaib/bl_iot_sdk/customer_app/sdk_app_helloworld/build_out/bl602/libbl602.a(start.o)
 .debug_aranges
                0x0000000000000020       0x80 /home/shoaib/bl_iot_sdk/customer_app/sdk_app_helloworld/build_out/hal_drv/libhal_drv.a(hal_boot2.o)
 .debug_aranges
                0x00000000000000a0       0x78 /home/shoaib/bl_iot_sdk/customer_app/sdk_app_helloworld/build_out/sdk_app_helloworld/libsdk_app_helloworld.a(main.o)
 .debug_aranges
                0x0000000000000118       0x88 /home/shoaib/bl_iot_sdk/customer_app/sdk_app_helloworld/build_out/bl602/libbl602.a(debug.o)
 .debug_aranges
                0x00000000000001a0       0xb8 /home/shoaib/bl_iot_sdk/customer_app/sdk_app_helloworld/build_out/hal_drv/libhal_drv.a(bl_uart.o)
 .debug_aranges
                0x0000000000000258       0x60 /home/shoaib/bl_iot_sdk/customer_app/sdk_app_helloworld/build_out/hal_drv/libhal_drv.a(bl_sys.o)
 .debug_aranges
                0x00000000000002b8       0x40 /home/shoaib/bl_iot_sdk/customer_app/sdk_app_helloworld/build_out/hal_drv/libhal_drv.a(bl_timer.o)
 .debug_aranges
                0x00000000000002f8       0x68 /home/shoaib/bl_iot_sdk/customer_app/sdk_app_helloworld/build_out/hal_drv/libhal_drv.a(bl_gpio.o)
 .debug_aranges
                0x0000000000000360      0x108 /home/shoaib/bl_iot_sdk/customer_app/sdk_app_helloworld/build_out/bl602_std/libbl602_std.a(bl602_uart.o)
 .debug_aranges
                0x0000000000000468      0x288 /home/shoaib/bl_iot_sdk/customer_app/sdk_app_helloworld/build_out/bl602_std/libbl602_std.a(bl602_glb.o)
 .debug_aranges
                0x00000000000006f0      0x1f8 /home/shoaib/bl_iot_sdk/customer_app/sdk_app_helloworld/build_out/bl602_std/libbl602_std.a(bl602_hbn.o)
 .debug_aranges
                0x00000000000008e8      0x568 /home/shoaib/bl_iot_sdk/customer_app/sdk_app_helloworld/build_out/bl602_std/libbl602_std.a(bl602_romapi.o)
 .debug_aranges
                0x0000000000000e50       0x20 /home/shoaib/bl_iot_sdk/toolchain/riscv/Linux/bin/../lib/gcc/riscv64-unknown-elf/8.3.0/rv32imf/ilp32f/libgcc.a(_clzsi2.o)
 .debug_aranges
                0x0000000000000e70       0x20 /home/shoaib/bl_iot_sdk/toolchain/riscv/Linux/bin/../lib/gcc/riscv64-unknown-elf/8.3.0/rv32imf/ilp32f/libgcc.a(_udivdi3.o)
 .debug_aranges
                0x0000000000000e90       0x20 /home/shoaib/bl_iot_sdk/toolchain/riscv/Linux/bin/../lib/gcc/riscv64-unknown-elf/8.3.0/rv32imf/ilp32f/libgcc.a(_umoddi3.o)
 .debug_aranges
                0x0000000000000eb0       0x20 /home/shoaib/bl_iot_sdk/toolchain/riscv/Linux/bin/../lib/gcc/riscv64-unknown-elf/8.3.0/rv32imf/ilp32f/libgcc.a(adddf3.o)
 .debug_aranges
                0x0000000000000ed0       0x20 /home/shoaib/bl_iot_sdk/toolchain/riscv/Linux/bin/../lib/gcc/riscv64-unknown-elf/8.3.0/rv32imf/ilp32f/libgcc.a(divdf3.o)
 .debug_aranges
                0x0000000000000ef0       0x20 /home/shoaib/bl_iot_sdk/toolchain/riscv/Linux/bin/../lib/gcc/riscv64-unknown-elf/8.3.0/rv32imf/ilp32f/libgcc.a(eqdf2.o)
 .debug_aranges
                0x0000000000000f10       0x20 /home/shoaib/bl_iot_sdk/toolchain/riscv/Linux/bin/../lib/gcc/riscv64-unknown-elf/8.3.0/rv32imf/ilp32f/libgcc.a(gedf2.o)
 .debug_aranges
                0x0000000000000f30       0x20 /home/shoaib/bl_iot_sdk/toolchain/riscv/Linux/bin/../lib/gcc/riscv64-unknown-elf/8.3.0/rv32imf/ilp32f/libgcc.a(ledf2.o)
 .debug_aranges
                0x0000000000000f50       0x20 /home/shoaib/bl_iot_sdk/toolchain/riscv/Linux/bin/../lib/gcc/riscv64-unknown-elf/8.3.0/rv32imf/ilp32f/libgcc.a(muldf3.o)
 .debug_aranges
                0x0000000000000f70       0x20 /home/shoaib/bl_iot_sdk/toolchain/riscv/Linux/bin/../lib/gcc/riscv64-unknown-elf/8.3.0/rv32imf/ilp32f/libgcc.a(subdf3.o)
 .debug_aranges
                0x0000000000000f90       0x20 /home/shoaib/bl_iot_sdk/toolchain/riscv/Linux/bin/../lib/gcc/riscv64-unknown-elf/8.3.0/rv32imf/ilp32f/libgcc.a(fixdfsi.o)
 .debug_aranges
                0x0000000000000fb0       0x20 /home/shoaib/bl_iot_sdk/toolchain/riscv/Linux/bin/../lib/gcc/riscv64-unknown-elf/8.3.0/rv32imf/ilp32f/libgcc.a(extendsfdf2.o)
 .debug_aranges
                0x0000000000000fd0       0x18 /home/shoaib/bl_iot_sdk/toolchain/riscv/Linux/bin/../lib/gcc/riscv64-unknown-elf/8.3.0/rv32imf/ilp32f/libgcc.a(_clz.o)

.debug_str      0x0000000000000000     0x7521
 .debug_str     0x0000000000000000       0x9c /home/shoaib/bl_iot_sdk/customer_app/sdk_app_helloworld/build_out/bl602/libbl602.a(start.o)
 .debug_str     0x000000000000009c      0x96d /home/shoaib/bl_iot_sdk/customer_app/sdk_app_helloworld/build_out/hal_drv/libhal_drv.a(hal_boot2.o)
                                        0xa5d (size before relaxing)
 .debug_str     0x0000000000000a09      0x270 /home/shoaib/bl_iot_sdk/customer_app/sdk_app_helloworld/build_out/sdk_app_helloworld/libsdk_app_helloworld.a(main.o)
                                        0x831 (size before relaxing)
 .debug_str     0x0000000000000c79      0x2ee /home/shoaib/bl_iot_sdk/customer_app/sdk_app_helloworld/build_out/bl602/libbl602.a(debug.o)
                                        0x8e4 (size before relaxing)
 .debug_str     0x0000000000000f67      0xb48 /home/shoaib/bl_iot_sdk/customer_app/sdk_app_helloworld/build_out/hal_drv/libhal_drv.a(bl_uart.o)
                                       0x1150 (size before relaxing)
 .debug_str     0x0000000000001aaf      0x17e /home/shoaib/bl_iot_sdk/customer_app/sdk_app_helloworld/build_out/hal_drv/libhal_drv.a(bl_sys.o)
                                        0x78f (size before relaxing)
 .debug_str     0x0000000000001c2d      0x384 /home/shoaib/bl_iot_sdk/customer_app/sdk_app_helloworld/build_out/hal_drv/libhal_drv.a(bl_timer.o)
                                        0xd3a (size before relaxing)
 .debug_str     0x0000000000001fb1      0x31d /home/shoaib/bl_iot_sdk/customer_app/sdk_app_helloworld/build_out/hal_drv/libhal_drv.a(bl_gpio.o)
                                        0xd22 (size before relaxing)
 .debug_str     0x00000000000022ce      0x607 /home/shoaib/bl_iot_sdk/customer_app/sdk_app_helloworld/build_out/bl602_std/libbl602_std.a(bl602_uart.o)
                                        0xf35 (size before relaxing)
 .debug_str     0x00000000000028d5     0x10bc /home/shoaib/bl_iot_sdk/customer_app/sdk_app_helloworld/build_out/bl602_std/libbl602_std.a(bl602_glb.o)
                                       0x1eb1 (size before relaxing)
 .debug_str     0x0000000000003991      0xed1 /home/shoaib/bl_iot_sdk/customer_app/sdk_app_helloworld/build_out/bl602_std/libbl602_std.a(bl602_hbn.o)
                                       0x1939 (size before relaxing)
 .debug_str     0x0000000000004862     0x21bb /home/shoaib/bl_iot_sdk/customer_app/sdk_app_helloworld/build_out/bl602_std/libbl602_std.a(bl602_romapi.o)
                                       0x4467 (size before relaxing)
 .debug_str     0x0000000000006a1d      0x34c /home/shoaib/bl_iot_sdk/toolchain/riscv/Linux/bin/../lib/gcc/riscv64-unknown-elf/8.3.0/rv32imf/ilp32f/libgcc.a(_clzsi2.o)
                                        0x805 (size before relaxing)
 .debug_str     0x0000000000006d69      0x12d /home/shoaib/bl_iot_sdk/toolchain/riscv/Linux/bin/../lib/gcc/riscv64-unknown-elf/8.3.0/rv32imf/ilp32f/libgcc.a(_udivdi3.o)
                                        0x8a1 (size before relaxing)
 .debug_str     0x0000000000006e96        0xa /home/shoaib/bl_iot_sdk/toolchain/riscv/Linux/bin/../lib/gcc/riscv64-unknown-elf/8.3.0/rv32imf/ilp32f/libgcc.a(_umoddi3.o)
                                        0x8a1 (size before relaxing)
 .debug_str     0x0000000000006ea0      0x194 /home/shoaib/bl_iot_sdk/toolchain/riscv/Linux/bin/../lib/gcc/riscv64-unknown-elf/8.3.0/rv32imf/ilp32f/libgcc.a(adddf3.o)
                                        0x367 (size before relaxing)
 .debug_str     0x0000000000007034      0x19c /home/shoaib/bl_iot_sdk/toolchain/riscv/Linux/bin/../lib/gcc/riscv64-unknown-elf/8.3.0/rv32imf/ilp32f/libgcc.a(divdf3.o)
                                        0x429 (size before relaxing)
 .debug_str     0x00000000000071d0       0x57 /home/shoaib/bl_iot_sdk/toolchain/riscv/Linux/bin/../lib/gcc/riscv64-unknown-elf/8.3.0/rv32imf/ilp32f/libgcc.a(eqdf2.o)
                                        0x281 (size before relaxing)
 .debug_str     0x0000000000007227       0x5c /home/shoaib/bl_iot_sdk/toolchain/riscv/Linux/bin/../lib/gcc/riscv64-unknown-elf/8.3.0/rv32imf/ilp32f/libgcc.a(gedf2.o)
                                        0x2a5 (size before relaxing)
 .debug_str     0x0000000000007283       0x38 /home/shoaib/bl_iot_sdk/toolchain/riscv/Linux/bin/../lib/gcc/riscv64-unknown-elf/8.3.0/rv32imf/ilp32f/libgcc.a(ledf2.o)
                                        0x2a5 (size before relaxing)
 .debug_str     0x00000000000072bb      0x15f /home/shoaib/bl_iot_sdk/toolchain/riscv/Linux/bin/../lib/gcc/riscv64-unknown-elf/8.3.0/rv32imf/ilp32f/libgcc.a(muldf3.o)
                                        0x481 (size before relaxing)
 .debug_str     0x000000000000741a       0x3a /home/shoaib/bl_iot_sdk/toolchain/riscv/Linux/bin/../lib/gcc/riscv64-unknown-elf/8.3.0/rv32imf/ilp32f/libgcc.a(subdf3.o)
                                        0x367 (size before relaxing)
 .debug_str     0x0000000000007454       0x4f /home/shoaib/bl_iot_sdk/toolchain/riscv/Linux/bin/../lib/gcc/riscv64-unknown-elf/8.3.0/rv32imf/ilp32f/libgcc.a(fixdfsi.o)
                                        0x27e (size before relaxing)
 .debug_str     0x00000000000074a3       0x7e /home/shoaib/bl_iot_sdk/toolchain/riscv/Linux/bin/../lib/gcc/riscv64-unknown-elf/8.3.0/rv32imf/ilp32f/libgcc.a(extendsfdf2.o)
                                        0x2a2 (size before relaxing)
 .debug_str     0x0000000000007521      0x7e8 /home/shoaib/bl_iot_sdk/toolchain/riscv/Linux/bin/../lib/gcc/riscv64-unknown-elf/8.3.0/rv32imf/ilp32f/libgcc.a(_clz.o)

.debug_loc      0x0000000000000000    0x11a0c
 .debug_loc     0x0000000000000000      0x775 /home/shoaib/bl_iot_sdk/customer_app/sdk_app_helloworld/build_out/hal_drv/libhal_drv.a(hal_boot2.o)
 .debug_loc     0x0000000000000775      0x3a6 /home/shoaib/bl_iot_sdk/customer_app/sdk_app_helloworld/build_out/sdk_app_helloworld/libsdk_app_helloworld.a(main.o)
 .debug_loc     0x0000000000000b1b     0x233d /home/shoaib/bl_iot_sdk/customer_app/sdk_app_helloworld/build_out/bl602/libbl602.a(debug.o)
 .debug_loc     0x0000000000002e58      0x5e6 /home/shoaib/bl_iot_sdk/customer_app/sdk_app_helloworld/build_out/hal_drv/libhal_drv.a(bl_uart.o)
 .debug_loc     0x000000000000343e       0x4e /home/shoaib/bl_iot_sdk/customer_app/sdk_app_helloworld/build_out/hal_drv/libhal_drv.a(bl_sys.o)
 .debug_loc     0x000000000000348c       0xf6 /home/shoaib/bl_iot_sdk/customer_app/sdk_app_helloworld/build_out/hal_drv/libhal_drv.a(bl_timer.o)
 .debug_loc     0x0000000000003582      0x452 /home/shoaib/bl_iot_sdk/customer_app/sdk_app_helloworld/build_out/hal_drv/libhal_drv.a(bl_gpio.o)
 .debug_loc     0x00000000000039d4     0x10b9 /home/shoaib/bl_iot_sdk/customer_app/sdk_app_helloworld/build_out/bl602_std/libbl602_std.a(bl602_uart.o)
 .debug_loc     0x0000000000004a8d     0x1b1b /home/shoaib/bl_iot_sdk/customer_app/sdk_app_helloworld/build_out/bl602_std/libbl602_std.a(bl602_glb.o)
 .debug_loc     0x00000000000065a8     0x1008 /home/shoaib/bl_iot_sdk/customer_app/sdk_app_helloworld/build_out/bl602_std/libbl602_std.a(bl602_hbn.o)
 .debug_loc     0x00000000000075b0     0x1c9e /home/shoaib/bl_iot_sdk/customer_app/sdk_app_helloworld/build_out/bl602_std/libbl602_std.a(bl602_romapi.o)
 .debug_loc     0x000000000000924e       0x6b /home/shoaib/bl_iot_sdk/toolchain/riscv/Linux/bin/../lib/gcc/riscv64-unknown-elf/8.3.0/rv32imf/ilp32f/libgcc.a(_clzsi2.o)
 .debug_loc     0x00000000000092b9      0xbd0 /home/shoaib/bl_iot_sdk/toolchain/riscv/Linux/bin/../lib/gcc/riscv64-unknown-elf/8.3.0/rv32imf/ilp32f/libgcc.a(_udivdi3.o)
 .debug_loc     0x0000000000009e89      0x969 /home/shoaib/bl_iot_sdk/toolchain/riscv/Linux/bin/../lib/gcc/riscv64-unknown-elf/8.3.0/rv32imf/ilp32f/libgcc.a(_umoddi3.o)
 .debug_loc     0x000000000000a7f2     0x1dad /home/shoaib/bl_iot_sdk/toolchain/riscv/Linux/bin/../lib/gcc/riscv64-unknown-elf/8.3.0/rv32imf/ilp32f/libgcc.a(adddf3.o)
 .debug_loc     0x000000000000c59f     0x16c9 /home/shoaib/bl_iot_sdk/toolchain/riscv/Linux/bin/../lib/gcc/riscv64-unknown-elf/8.3.0/rv32imf/ilp32f/libgcc.a(divdf3.o)
 .debug_loc     0x000000000000dc68      0x192 /home/shoaib/bl_iot_sdk/toolchain/riscv/Linux/bin/../lib/gcc/riscv64-unknown-elf/8.3.0/rv32imf/ilp32f/libgcc.a(eqdf2.o)
 .debug_loc     0x000000000000ddfa      0x156 /home/shoaib/bl_iot_sdk/toolchain/riscv/Linux/bin/../lib/gcc/riscv64-unknown-elf/8.3.0/rv32imf/ilp32f/libgcc.a(gedf2.o)
 .debug_loc     0x000000000000df50      0x156 /home/shoaib/bl_iot_sdk/toolchain/riscv/Linux/bin/../lib/gcc/riscv64-unknown-elf/8.3.0/rv32imf/ilp32f/libgcc.a(ledf2.o)
 .debug_loc     0x000000000000e0a6     0x112d /home/shoaib/bl_iot_sdk/toolchain/riscv/Linux/bin/../lib/gcc/riscv64-unknown-elf/8.3.0/rv32imf/ilp32f/libgcc.a(muldf3.o)
 .debug_loc     0x000000000000f1d3     0x2366 /home/shoaib/bl_iot_sdk/toolchain/riscv/Linux/bin/../lib/gcc/riscv64-unknown-elf/8.3.0/rv32imf/ilp32f/libgcc.a(subdf3.o)
 .debug_loc     0x0000000000011539      0x26f /home/shoaib/bl_iot_sdk/toolchain/riscv/Linux/bin/../lib/gcc/riscv64-unknown-elf/8.3.0/rv32imf/ilp32f/libgcc.a(fixdfsi.o)
 .debug_loc     0x00000000000117a8      0x264 /home/shoaib/bl_iot_sdk/toolchain/riscv/Linux/bin/../lib/gcc/riscv64-unknown-elf/8.3.0/rv32imf/ilp32f/libgcc.a(extendsfdf2.o)

.debug_ranges   0x0000000000000000     0x1d30
 .debug_ranges  0x0000000000000000       0xa0 /home/shoaib/bl_iot_sdk/customer_app/sdk_app_helloworld/build_out/hal_drv/libhal_drv.a(hal_boot2.o)
 .debug_ranges  0x00000000000000a0       0xd0 /home/shoaib/bl_iot_sdk/customer_app/sdk_app_helloworld/build_out/sdk_app_helloworld/libsdk_app_helloworld.a(main.o)
 .debug_ranges  0x0000000000000170      0x138 /home/shoaib/bl_iot_sdk/customer_app/sdk_app_helloworld/build_out/bl602/libbl602.a(debug.o)
 .debug_ranges  0x00000000000002a8       0xc0 /home/shoaib/bl_iot_sdk/customer_app/sdk_app_helloworld/build_out/hal_drv/libhal_drv.a(bl_uart.o)
 .debug_ranges  0x0000000000000368       0x80 /home/shoaib/bl_iot_sdk/customer_app/sdk_app_helloworld/build_out/hal_drv/libhal_drv.a(bl_sys.o)
 .debug_ranges  0x00000000000003e8       0x30 /home/shoaib/bl_iot_sdk/customer_app/sdk_app_helloworld/build_out/hal_drv/libhal_drv.a(bl_timer.o)
 .debug_ranges  0x0000000000000418       0x88 /home/shoaib/bl_iot_sdk/customer_app/sdk_app_helloworld/build_out/hal_drv/libhal_drv.a(bl_gpio.o)
 .debug_ranges  0x00000000000004a0       0xf8 /home/shoaib/bl_iot_sdk/customer_app/sdk_app_helloworld/build_out/bl602_std/libbl602_std.a(bl602_uart.o)
 .debug_ranges  0x0000000000000598      0x2a8 /home/shoaib/bl_iot_sdk/customer_app/sdk_app_helloworld/build_out/bl602_std/libbl602_std.a(bl602_glb.o)
 .debug_ranges  0x0000000000000840      0x1e8 /home/shoaib/bl_iot_sdk/customer_app/sdk_app_helloworld/build_out/bl602_std/libbl602_std.a(bl602_hbn.o)
 .debug_ranges  0x0000000000000a28      0x558 /home/shoaib/bl_iot_sdk/customer_app/sdk_app_helloworld/build_out/bl602_std/libbl602_std.a(bl602_romapi.o)
 .debug_ranges  0x0000000000000f80       0x20 /home/shoaib/bl_iot_sdk/toolchain/riscv/Linux/bin/../lib/gcc/riscv64-unknown-elf/8.3.0/rv32imf/ilp32f/libgcc.a(_clzsi2.o)
 .debug_ranges  0x0000000000000fa0      0x100 /home/shoaib/bl_iot_sdk/toolchain/riscv/Linux/bin/../lib/gcc/riscv64-unknown-elf/8.3.0/rv32imf/ilp32f/libgcc.a(_udivdi3.o)
 .debug_ranges  0x00000000000010a0       0xd0 /home/shoaib/bl_iot_sdk/toolchain/riscv/Linux/bin/../lib/gcc/riscv64-unknown-elf/8.3.0/rv32imf/ilp32f/libgcc.a(_umoddi3.o)
 .debug_ranges  0x0000000000001170      0x2f0 /home/shoaib/bl_iot_sdk/toolchain/riscv/Linux/bin/../lib/gcc/riscv64-unknown-elf/8.3.0/rv32imf/ilp32f/libgcc.a(adddf3.o)
 .debug_ranges  0x0000000000001460      0x1d0 /home/shoaib/bl_iot_sdk/toolchain/riscv/Linux/bin/../lib/gcc/riscv64-unknown-elf/8.3.0/rv32imf/ilp32f/libgcc.a(divdf3.o)
 .debug_ranges  0x0000000000001630       0x60 /home/shoaib/bl_iot_sdk/toolchain/riscv/Linux/bin/../lib/gcc/riscv64-unknown-elf/8.3.0/rv32imf/ilp32f/libgcc.a(eqdf2.o)
 .debug_ranges  0x0000000000001690       0x68 /home/shoaib/bl_iot_sdk/toolchain/riscv/Linux/bin/../lib/gcc/riscv64-unknown-elf/8.3.0/rv32imf/ilp32f/libgcc.a(gedf2.o)
 .debug_ranges  0x00000000000016f8       0x68 /home/shoaib/bl_iot_sdk/toolchain/riscv/Linux/bin/../lib/gcc/riscv64-unknown-elf/8.3.0/rv32imf/ilp32f/libgcc.a(ledf2.o)
 .debug_ranges  0x0000000000001760      0x230 /home/shoaib/bl_iot_sdk/toolchain/riscv/Linux/bin/../lib/gcc/riscv64-unknown-elf/8.3.0/rv32imf/ilp32f/libgcc.a(muldf3.o)
 .debug_ranges  0x0000000000001990      0x330 /home/shoaib/bl_iot_sdk/toolchain/riscv/Linux/bin/../lib/gcc/riscv64-unknown-elf/8.3.0/rv32imf/ilp32f/libgcc.a(subdf3.o)
 .debug_ranges  0x0000000000001cc0       0x50 /home/shoaib/bl_iot_sdk/toolchain/riscv/Linux/bin/../lib/gcc/riscv64-unknown-elf/8.3.0/rv32imf/ilp32f/libgcc.a(fixdfsi.o)
 .debug_ranges  0x0000000000001d10       0x20 /home/shoaib/bl_iot_sdk/toolchain/riscv/Linux/bin/../lib/gcc/riscv64-unknown-elf/8.3.0/rv32imf/ilp32f/libgcc.a(extendsfdf2.o)

.debug_frame    0x0000000000000000     0x23fc
 .debug_frame   0x0000000000000000      0x1e0 /home/shoaib/bl_iot_sdk/customer_app/sdk_app_helloworld/build_out/hal_drv/libhal_drv.a(hal_boot2.o)
 .debug_frame   0x00000000000001e0      0x1c8 /home/shoaib/bl_iot_sdk/customer_app/sdk_app_helloworld/build_out/sdk_app_helloworld/libsdk_app_helloworld.a(main.o)
 .debug_frame   0x00000000000003a8      0x254 /home/shoaib/bl_iot_sdk/customer_app/sdk_app_helloworld/build_out/bl602/libbl602.a(debug.o)
 .debug_frame   0x00000000000005fc      0x248 /home/shoaib/bl_iot_sdk/customer_app/sdk_app_helloworld/build_out/hal_drv/libhal_drv.a(bl_uart.o)
 .debug_frame   0x0000000000000844       0xd4 /home/shoaib/bl_iot_sdk/customer_app/sdk_app_helloworld/build_out/hal_drv/libhal_drv.a(bl_sys.o)
 .debug_frame   0x0000000000000918       0x98 /home/shoaib/bl_iot_sdk/customer_app/sdk_app_helloworld/build_out/hal_drv/libhal_drv.a(bl_timer.o)
 .debug_frame   0x00000000000009b0      0x114 /home/shoaib/bl_iot_sdk/customer_app/sdk_app_helloworld/build_out/hal_drv/libhal_drv.a(bl_gpio.o)
 .debug_frame   0x0000000000000ac4      0x274 /home/shoaib/bl_iot_sdk/customer_app/sdk_app_helloworld/build_out/bl602_std/libbl602_std.a(bl602_uart.o)
 .debug_frame   0x0000000000000d38      0x574 /home/shoaib/bl_iot_sdk/customer_app/sdk_app_helloworld/build_out/bl602_std/libbl602_std.a(bl602_glb.o)
 .debug_frame   0x00000000000012ac      0x48c /home/shoaib/bl_iot_sdk/customer_app/sdk_app_helloworld/build_out/bl602_std/libbl602_std.a(bl602_hbn.o)
 .debug_frame   0x0000000000001738      0xab0 /home/shoaib/bl_iot_sdk/customer_app/sdk_app_helloworld/build_out/bl602_std/libbl602_std.a(bl602_romapi.o)
 .debug_frame   0x00000000000021e8       0x20 /home/shoaib/bl_iot_sdk/toolchain/riscv/Linux/bin/../lib/gcc/riscv64-unknown-elf/8.3.0/rv32imf/ilp32f/libgcc.a(_clzsi2.o)
 .debug_frame   0x0000000000002208       0x44 /home/shoaib/bl_iot_sdk/toolchain/riscv/Linux/bin/../lib/gcc/riscv64-unknown-elf/8.3.0/rv32imf/ilp32f/libgcc.a(adddf3.o)
 .debug_frame   0x000000000000224c       0x58 /home/shoaib/bl_iot_sdk/toolchain/riscv/Linux/bin/../lib/gcc/riscv64-unknown-elf/8.3.0/rv32imf/ilp32f/libgcc.a(divdf3.o)
 .debug_frame   0x00000000000022a4       0x20 /home/shoaib/bl_iot_sdk/toolchain/riscv/Linux/bin/../lib/gcc/riscv64-unknown-elf/8.3.0/rv32imf/ilp32f/libgcc.a(eqdf2.o)
 .debug_frame   0x00000000000022c4       0x20 /home/shoaib/bl_iot_sdk/toolchain/riscv/Linux/bin/../lib/gcc/riscv64-unknown-elf/8.3.0/rv32imf/ilp32f/libgcc.a(gedf2.o)
 .debug_frame   0x00000000000022e4       0x20 /home/shoaib/bl_iot_sdk/toolchain/riscv/Linux/bin/../lib/gcc/riscv64-unknown-elf/8.3.0/rv32imf/ilp32f/libgcc.a(ledf2.o)
 .debug_frame   0x0000000000002304       0x58 /home/shoaib/bl_iot_sdk/toolchain/riscv/Linux/bin/../lib/gcc/riscv64-unknown-elf/8.3.0/rv32imf/ilp32f/libgcc.a(muldf3.o)
 .debug_frame   0x000000000000235c       0x44 /home/shoaib/bl_iot_sdk/toolchain/riscv/Linux/bin/../lib/gcc/riscv64-unknown-elf/8.3.0/rv32imf/ilp32f/libgcc.a(subdf3.o)
 .debug_frame   0x00000000000023a0       0x20 /home/shoaib/bl_iot_sdk/toolchain/riscv/Linux/bin/../lib/gcc/riscv64-unknown-elf/8.3.0/rv32imf/ilp32f/libgcc.a(fixdfsi.o)
 .debug_frame   0x00000000000023c0       0x3c /home/shoaib/bl_iot_sdk/toolchain/riscv/Linux/bin/../lib/gcc/riscv64-unknown-elf/8.3.0/rv32imf/ilp32f/libgcc.a(extendsfdf2.o)

Cross Reference Table

Symbol                                            File
AON_Get_Xtal_CapCode                              /home/shoaib/bl_iot_sdk/customer_app/sdk_app_helloworld/build_out/bl602_std/libbl602_std.a(bl602_romapi.o)
                                                  /home/shoaib/bl_iot_sdk/customer_app/sdk_app_helloworld/build_out/bl602_std/libbl602_std.a(bl602_aon.o)
AON_LowPower_Enter_PDS0                           /home/shoaib/bl_iot_sdk/customer_app/sdk_app_helloworld/build_out/bl602_std/libbl602_std.a(bl602_romapi.o)
                                                  /home/shoaib/bl_iot_sdk/customer_app/sdk_app_helloworld/build_out/bl602_std/libbl602_std.a(bl602_aon.o)
AON_LowPower_Exit_PDS0                            /home/shoaib/bl_iot_sdk/customer_app/sdk_app_helloworld/build_out/bl602_std/libbl602_std.a(bl602_romapi.o)
                                                  /home/shoaib/bl_iot_sdk/customer_app/sdk_app_helloworld/build_out/bl602_std/libbl602_std.a(bl602_aon.o)
AON_Power_Off_BG                                  /home/shoaib/bl_iot_sdk/customer_app/sdk_app_helloworld/build_out/bl602_std/libbl602_std.a(bl602_romapi.o)
                                                  /home/shoaib/bl_iot_sdk/customer_app/sdk_app_helloworld/build_out/bl602_std/libbl602_std.a(bl602_aon.o)
AON_Power_Off_LDO11_SOC                           /home/shoaib/bl_iot_sdk/customer_app/sdk_app_helloworld/build_out/bl602_std/libbl602_std.a(bl602_romapi.o)
                                                  /home/shoaib/bl_iot_sdk/customer_app/sdk_app_helloworld/build_out/bl602_std/libbl602_std.a(bl602_aon.o)
AON_Power_Off_LDO15_RF                            /home/shoaib/bl_iot_sdk/customer_app/sdk_app_helloworld/build_out/bl602_std/libbl602_std.a(bl602_romapi.o)
                                                  /home/shoaib/bl_iot_sdk/customer_app/sdk_app_helloworld/build_out/bl602_std/libbl602_std.a(bl602_aon.o)
AON_Power_Off_MBG                                 /home/shoaib/bl_iot_sdk/customer_app/sdk_app_helloworld/build_out/bl602_std/libbl602_std.a(bl602_romapi.o)
                                                  /home/shoaib/bl_iot_sdk/customer_app/sdk_app_helloworld/build_out/bl602_std/libbl602_std.a(bl602_aon.o)
AON_Power_Off_SFReg                               /home/shoaib/bl_iot_sdk/customer_app/sdk_app_helloworld/build_out/bl602_std/libbl602_std.a(bl602_romapi.o)
                                                  /home/shoaib/bl_iot_sdk/customer_app/sdk_app_helloworld/build_out/bl602_std/libbl602_std.a(bl602_aon.o)
AON_Power_Off_XTAL                                /home/shoaib/bl_iot_sdk/customer_app/sdk_app_helloworld/build_out/bl602_std/libbl602_std.a(bl602_romapi.o)
                                                  /home/shoaib/bl_iot_sdk/customer_app/sdk_app_helloworld/build_out/bl602_std/libbl602_std.a(bl602_aon.o)
AON_Power_On_BG                                   /home/shoaib/bl_iot_sdk/customer_app/sdk_app_helloworld/build_out/bl602_std/libbl602_std.a(bl602_romapi.o)
                                                  /home/shoaib/bl_iot_sdk/customer_app/sdk_app_helloworld/build_out/bl602_std/libbl602_std.a(bl602_aon.o)
AON_Power_On_LDO11_SOC                            /home/shoaib/bl_iot_sdk/customer_app/sdk_app_helloworld/build_out/bl602_std/libbl602_std.a(bl602_romapi.o)
                                                  /home/shoaib/bl_iot_sdk/customer_app/sdk_app_helloworld/build_out/bl602_std/libbl602_std.a(bl602_aon.o)
AON_Power_On_LDO15_RF                             /home/shoaib/bl_iot_sdk/customer_app/sdk_app_helloworld/build_out/bl602_std/libbl602_std.a(bl602_romapi.o)
                                                  /home/shoaib/bl_iot_sdk/customer_app/sdk_app_helloworld/build_out/bl602_std/libbl602_std.a(bl602_aon.o)
AON_Power_On_MBG                                  /home/shoaib/bl_iot_sdk/customer_app/sdk_app_helloworld/build_out/bl602_std/libbl602_std.a(bl602_romapi.o)
                                                  /home/shoaib/bl_iot_sdk/customer_app/sdk_app_helloworld/build_out/bl602_std/libbl602_std.a(bl602_aon.o)
AON_Power_On_SFReg                                /home/shoaib/bl_iot_sdk/customer_app/sdk_app_helloworld/build_out/bl602_std/libbl602_std.a(bl602_romapi.o)
                                                  /home/shoaib/bl_iot_sdk/customer_app/sdk_app_helloworld/build_out/bl602_std/libbl602_std.a(bl602_aon.o)
AON_Power_On_XTAL                                 /home/shoaib/bl_iot_sdk/customer_app/sdk_app_helloworld/build_out/bl602_std/libbl602_std.a(bl602_romapi.o)
                                                  /home/shoaib/bl_iot_sdk/customer_app/sdk_app_helloworld/build_out/bl602_std/libbl602_std.a(bl602_aon.o)
                                                  /home/shoaib/bl_iot_sdk/customer_app/sdk_app_helloworld/build_out/bl602_std/libbl602_std.a(bl602_glb.o)
AON_Set_LDO11_SOC_Sstart_Delay                    /home/shoaib/bl_iot_sdk/customer_app/sdk_app_helloworld/build_out/bl602_std/libbl602_std.a(bl602_aon.o)
AON_Set_Xtal_CapCode                              /home/shoaib/bl_iot_sdk/customer_app/sdk_app_helloworld/build_out/bl602_std/libbl602_std.a(bl602_romapi.o)
                                                  /home/shoaib/bl_iot_sdk/customer_app/sdk_app_helloworld/build_out/bl602_std/libbl602_std.a(bl602_aon.o)
ASM_Delay_Us                                      /home/shoaib/bl_iot_sdk/customer_app/sdk_app_helloworld/build_out/bl602_std/libbl602_std.a(bl602_romapi.o)
BFLB_Soft_CRC16                                   /home/shoaib/bl_iot_sdk/customer_app/sdk_app_helloworld/build_out/bl602_std/libbl602_std.a(softcrc.o)
BFLB_Soft_CRC32                                   /home/shoaib/bl_iot_sdk/customer_app/sdk_app_helloworld/build_out/bl602_std/libbl602_std.a(bl602_romapi.o)
                                                  /home/shoaib/bl_iot_sdk/customer_app/sdk_app_helloworld/build_out/bl602_std/libbl602_std.a(softcrc.o)
                                                  /home/shoaib/bl_iot_sdk/customer_app/sdk_app_helloworld/build_out/hal_drv/libhal_drv.a(bl_boot2.o)
BFLB_Soft_CRC32_Table                             /home/shoaib/bl_iot_sdk/customer_app/sdk_app_helloworld/build_out/bl602_std/libbl602_std.a(softcrc.o)
BL602_Delay_MS                                    /home/shoaib/bl_iot_sdk/customer_app/sdk_app_helloworld/build_out/bl602_std/libbl602_std.a(bl602_romapi.o)
                                                  /home/shoaib/bl_iot_sdk/customer_app/sdk_app_helloworld/build_out/bl602_std/libbl602_std.a(bl602_hbn.o)
BL602_Delay_US                                    /home/shoaib/bl_iot_sdk/customer_app/sdk_app_helloworld/build_out/bl602_std/libbl602_std.a(bl602_romapi.o)
                                                  /home/shoaib/bl_iot_sdk/customer_app/sdk_app_helloworld/build_out/bl602_std/libbl602_std.a(bl602_ef_ctrl.o)
                                                  /home/shoaib/bl_iot_sdk/customer_app/sdk_app_helloworld/build_out/bl602_std/libbl602_std.a(bl602_pds.o)
                                                  /home/shoaib/bl_iot_sdk/customer_app/sdk_app_helloworld/build_out/bl602_std/libbl602_std.a(bl602_aon.o)
                                                  /home/shoaib/bl_iot_sdk/customer_app/sdk_app_helloworld/build_out/bl602_std/libbl602_std.a(bl602_hbn.o)
                                                  /home/shoaib/bl_iot_sdk/customer_app/sdk_app_helloworld/build_out/bl602_std/libbl602_std.a(bl602_glb.o)
BL602_MemCmp                                      /home/shoaib/bl_iot_sdk/customer_app/sdk_app_helloworld/build_out/bl602_std/libbl602_std.a(bl602_romapi.o)
BL602_MemCpy                                      /home/shoaib/bl_iot_sdk/customer_app/sdk_app_helloworld/build_out/bl602_std/libbl602_std.a(bl602_romapi.o)
BL602_MemCpy4                                     /home/shoaib/bl_iot_sdk/customer_app/sdk_app_helloworld/build_out/bl602_std/libbl602_std.a(bl602_romapi.o)
                                                  /home/shoaib/bl_iot_sdk/customer_app/sdk_app_helloworld/build_out/bl602_std/libbl602_std.a(bl602_ef_ctrl.o)
BL602_MemCpy_Fast                                 /home/shoaib/bl_iot_sdk/customer_app/sdk_app_helloworld/build_out/bl602_std/libbl602_std.a(bl602_romapi.o)
BL602_MemSet                                      /home/shoaib/bl_iot_sdk/customer_app/sdk_app_helloworld/build_out/bl602_std/libbl602_std.a(bl602_romapi.o)
BL602_MemSet4                                     /home/shoaib/bl_iot_sdk/customer_app/sdk_app_helloworld/build_out/bl602_std/libbl602_std.a(bl602_romapi.o)
BMX_ERR_INT_Callback_Install                      /home/shoaib/bl_iot_sdk/customer_app/sdk_app_helloworld/build_out/bl602_std/libbl602_std.a(bl602_glb.o)
BMX_TIMEOUT_INT_Callback_Install                  /home/shoaib/bl_iot_sdk/customer_app/sdk_app_helloworld/build_out/bl602_std/libbl602_std.a(bl602_glb.o)
Clap_Detected                                     /home/shoaib/bl_iot_sdk/customer_app/sdk_app_helloworld/build_out/sdk_app_helloworld/libsdk_app_helloworld.a(main.o)
DHT11_Data                                        /home/shoaib/bl_iot_sdk/customer_app/sdk_app_helloworld/build_out/sdk_app_helloworld/libsdk_app_helloworld.a(main.o)
DHT_Check_Response                                /home/shoaib/bl_iot_sdk/customer_app/sdk_app_helloworld/build_out/sdk_app_helloworld/libsdk_app_helloworld.a(main.o)
DHT_GetData                                       /home/shoaib/bl_iot_sdk/customer_app/sdk_app_helloworld/build_out/sdk_app_helloworld/libsdk_app_helloworld.a(main.o)
DHT_Read                                          /home/shoaib/bl_iot_sdk/customer_app/sdk_app_helloworld/build_out/sdk_app_helloworld/libsdk_app_helloworld.a(main.o)
DHT_Start                                         /home/shoaib/bl_iot_sdk/customer_app/sdk_app_helloworld/build_out/sdk_app_helloworld/libsdk_app_helloworld.a(main.o)
DHT_init                                          /home/shoaib/bl_iot_sdk/customer_app/sdk_app_helloworld/build_out/sdk_app_helloworld/libsdk_app_helloworld.a(main.o)
EF_Ctrl_AutoLoad_Done                             /home/shoaib/bl_iot_sdk/customer_app/sdk_app_helloworld/build_out/bl602_std/libbl602_std.a(bl602_romapi.o)